Archive member included to satisfy reference by file (symbol)

C:/PROGRA~2/ARMGNU~1/14EFD8~1.2RE/bin/../lib/gcc/arm-none-eabi/14.2.1/thumb/v6-m/nofp\libgcc.a(_dvmd_tls.o)
                              CMakeFiles/rp2040_pwm_led.dir/C_/dev/pico-sdk/src/rp2_common/pico_divider/divider_hardware.S.obj (__aeabi_idiv0)
C:/PROGRA~2/ARMGNU~1/14EFD8~1.2RE/bin/../lib/gcc/arm-none-eabi/14.2.1/thumb/v6-m/nofp\libg.a(libc_a-calloc.o)
                              CMakeFiles/rp2040_pwm_led.dir/C_/dev/pico-sdk/src/rp2_common/pico_malloc/malloc.c.obj (calloc)
C:/PROGRA~2/ARMGNU~1/14EFD8~1.2RE/bin/../lib/gcc/arm-none-eabi/14.2.1/thumb/v6-m/nofp\libg.a(libc_a-callocr.o)
                              C:/PROGRA~2/ARMGNU~1/14EFD8~1.2RE/bin/../lib/gcc/arm-none-eabi/14.2.1/thumb/v6-m/nofp\libg.a(libc_a-calloc.o) (_calloc_r)
C:/PROGRA~2/ARMGNU~1/14EFD8~1.2RE/bin/../lib/gcc/arm-none-eabi/14.2.1/thumb/v6-m/nofp\libg.a(libc_a-malloc.o)
                              CMakeFiles/rp2040_pwm_led.dir/C_/dev/pico-sdk/src/rp2_common/pico_malloc/malloc.c.obj (malloc)
C:/PROGRA~2/ARMGNU~1/14EFD8~1.2RE/bin/../lib/gcc/arm-none-eabi/14.2.1/thumb/v6-m/nofp\libg.a(libc_a-mallocr.o)
                              C:/PROGRA~2/ARMGNU~1/14EFD8~1.2RE/bin/../lib/gcc/arm-none-eabi/14.2.1/thumb/v6-m/nofp\libg.a(libc_a-callocr.o) (_malloc_r)
C:/PROGRA~2/ARMGNU~1/14EFD8~1.2RE/bin/../lib/gcc/arm-none-eabi/14.2.1/thumb/v6-m/nofp\libg.a(libc_a-mlock.o)
                              C:/PROGRA~2/ARMGNU~1/14EFD8~1.2RE/bin/../lib/gcc/arm-none-eabi/14.2.1/thumb/v6-m/nofp\libg.a(libc_a-mallocr.o) (__malloc_lock)
C:/PROGRA~2/ARMGNU~1/14EFD8~1.2RE/bin/../lib/gcc/arm-none-eabi/14.2.1/thumb/v6-m/nofp\libg.a(libc_a-realloc.o)
                              CMakeFiles/rp2040_pwm_led.dir/C_/dev/pico-sdk/src/rp2_common/pico_malloc/malloc.c.obj (realloc)
C:/PROGRA~2/ARMGNU~1/14EFD8~1.2RE/bin/../lib/gcc/arm-none-eabi/14.2.1/thumb/v6-m/nofp\libg.a(libc_a-reallocr.o)
                              C:/PROGRA~2/ARMGNU~1/14EFD8~1.2RE/bin/../lib/gcc/arm-none-eabi/14.2.1/thumb/v6-m/nofp\libg.a(libc_a-realloc.o) (_realloc_r)
C:/PROGRA~2/ARMGNU~1/14EFD8~1.2RE/bin/../lib/gcc/arm-none-eabi/14.2.1/thumb/v6-m/nofp\libg.a(libc_a-sscanf.o)
                              CMakeFiles/rp2040_pwm_led.dir/msc_disk.c.obj (sscanf)
C:/PROGRA~2/ARMGNU~1/14EFD8~1.2RE/bin/../lib/gcc/arm-none-eabi/14.2.1/thumb/v6-m/nofp\libg.a(libc_a-stdio.o)
                              C:/PROGRA~2/ARMGNU~1/14EFD8~1.2RE/bin/../lib/gcc/arm-none-eabi/14.2.1/thumb/v6-m/nofp\libg.a(libc_a-sscanf.o) (__seofread)
C:/PROGRA~2/ARMGNU~1/14EFD8~1.2RE/bin/../lib/gcc/arm-none-eabi/14.2.1/thumb/v6-m/nofp\libg.a(libc_a-memcmp.o)
                              CMakeFiles/rp2040_pwm_led.dir/C_/dev/pico-sdk/src/rp2_common/pico_atomic/atomic.c.obj (memcmp)
C:/PROGRA~2/ARMGNU~1/14EFD8~1.2RE/bin/../lib/gcc/arm-none-eabi/14.2.1/thumb/v6-m/nofp\libg.a(libc_a-memmove.o)
                              CMakeFiles/rp2040_pwm_led.dir/C_/dev/pico-sdk/lib/tinyusb/src/class/msc/msc_device.c.obj (memmove)
C:/PROGRA~2/ARMGNU~1/14EFD8~1.2RE/bin/../lib/gcc/arm-none-eabi/14.2.1/thumb/v6-m/nofp\libg.a(libc_a-strncpy.o)
                              CMakeFiles/rp2040_pwm_led.dir/msc_disk.c.obj (strncpy)
C:/PROGRA~2/ARMGNU~1/14EFD8~1.2RE/bin/../lib/gcc/arm-none-eabi/14.2.1/thumb/v6-m/nofp\libg.a(libc_a-strtok.o)
                              CMakeFiles/rp2040_pwm_led.dir/msc_disk.c.obj (strtok)
C:/PROGRA~2/ARMGNU~1/14EFD8~1.2RE/bin/../lib/gcc/arm-none-eabi/14.2.1/thumb/v6-m/nofp\libg.a(libc_a-strtok_r.o)
                              C:/PROGRA~2/ARMGNU~1/14EFD8~1.2RE/bin/../lib/gcc/arm-none-eabi/14.2.1/thumb/v6-m/nofp\libg.a(libc_a-strtok.o) (__strtok_r)
C:/PROGRA~2/ARMGNU~1/14EFD8~1.2RE/bin/../lib/gcc/arm-none-eabi/14.2.1/thumb/v6-m/nofp\libg.a(libc_a-lcltime_r.o)
                              CMakeFiles/rp2040_pwm_led.dir/C_/dev/pico-sdk/src/common/pico_util/datetime.c.obj (localtime_r)
C:/PROGRA~2/ARMGNU~1/14EFD8~1.2RE/bin/../lib/gcc/arm-none-eabi/14.2.1/thumb/v6-m/nofp\libg.a(libc_a-mktime.o)
                              CMakeFiles/rp2040_pwm_led.dir/C_/dev/pico-sdk/src/common/pico_util/datetime.c.obj (mktime)
C:/PROGRA~2/ARMGNU~1/14EFD8~1.2RE/bin/../lib/gcc/arm-none-eabi/14.2.1/thumb/v6-m/nofp\libg.a(libc_a-month_lengths.o)
                              C:/PROGRA~2/ARMGNU~1/14EFD8~1.2RE/bin/../lib/gcc/arm-none-eabi/14.2.1/thumb/v6-m/nofp\libg.a(libc_a-lcltime_r.o) (__month_lengths)
C:/PROGRA~2/ARMGNU~1/14EFD8~1.2RE/bin/../lib/gcc/arm-none-eabi/14.2.1/thumb/v6-m/nofp\libg.a(libc_a-tzcalc_limits.o)
                              C:/PROGRA~2/ARMGNU~1/14EFD8~1.2RE/bin/../lib/gcc/arm-none-eabi/14.2.1/thumb/v6-m/nofp\libg.a(libc_a-lcltime_r.o) (__tzcalc_limits)
C:/PROGRA~2/ARMGNU~1/14EFD8~1.2RE/bin/../lib/gcc/arm-none-eabi/14.2.1/thumb/v6-m/nofp\libg.a(libc_a-tzlock.o)
                              C:/PROGRA~2/ARMGNU~1/14EFD8~1.2RE/bin/../lib/gcc/arm-none-eabi/14.2.1/thumb/v6-m/nofp\libg.a(libc_a-lcltime_r.o) (__tz_lock)
[...]
Memory Configuration

Name             Origin             Length             Attributes
FLASH            0x10000000         0x00200000         xr
RAM              0x20000000         0x00040000         xrw
SCRATCH_X        0x20040000         0x00001000         xrw
SCRATCH_Y        0x20041000         0x00001000         xrw
*default*        0x00000000         0xffffffff

Linker script and memory map

LOAD C:/PROGRA~2/ARMGNU~1/14EFD8~1.2RE/bin/../lib/gcc/arm-none-eabi/14.2.1/thumb/v6-m/nofp/crti.o
LOAD C:/PROGRA~2/ARMGNU~1/14EFD8~1.2RE/bin/../lib/gcc/arm-none-eabi/14.2.1/thumb/v6-m/nofp/crtbegin.o
LOAD C:/PROGRA~2/ARMGNU~1/14EFD8~1.2RE/bin/../lib/gcc/arm-none-eabi/14.2.1/thumb/v6-m/nofp/crt0.o

.flash_begin    0x10000000        0x0
                0x10000000                        __flash_binary_start = .

.boot2          0x10000000      0x100
                0x10000000                        __boot2_start__ = .
 *(.boot2)
 .boot2         0x10000000      0x100 pico-sdk\src\rp2040\boot_stage2\CMakeFiles\bs2_default_library.dir\bs2_default_padded_checksummed.S.obj
                0x10000100                        __boot2_end__ = .
                0x00000001                        ASSERT (((__boot2_end__ - __boot2_start__) == 0x100), ERROR: Pico second stage bootloader must be 256 bytes in size)

.text           0x10000100     0xcac4
                0x10000100                        __logical_binary_start = .
 *(.vectors)
 .vectors       0x10000100       0xd4 CMakeFiles/rp2040_pwm_led.dir/C_/dev/pico-sdk/src/rp2_common/pico_crt0/crt0.S.obj
                0x10000100                __VECTOR_TABLE
                0x10000100                __vectors
                0x100001c0                isr_irq13
                0x100001c0                isr_irq27
                0x100001c0                isr_irq31
                0x100001c0                isr_irq12
                0x100001c0                isr_irq5
                0x100001c0                isr_irq11
                0x100001c0                isr_irq3
                0x100001c0                isr_irq23
                0x100001c0                __unhandled_user_irq
                0x100001c0                isr_irq26
                0x100001c0                isr_irq28
                0x100001c0                isr_irq19
                0x100001c0                isr_irq0
                0x100001c0                isr_irq6
                0x100001c0                isr_irq29
                0x100001c0                isr_irq16
                0x100001c0                isr_irq22
                0x100001c0                isr_irq18
                0x100001c0                isr_irq17
                0x100001c0                isr_irq14
                0x100001c0                __vectors_end
                0x100001c0                __default_isrs_start
                0x100001c0                isr_irq2
                0x100001c0                isr_irq10
                0x100001c0                isr_irq8
                0x100001c0                isr_irq24
                0x100001c0                isr_irq1
                0x100001c0                isr_irq7
                0x100001c0                isr_irq21
                0x100001c0                isr_irq20
                0x100001c0                isr_irq15
                0x100001c0                isr_irq25
                0x100001c0                isr_irq4
                0x100001c0                isr_irq30
                0x100001c0                isr_irq9
                0x100001c6                unhandled_user_irq_num_in_r0
                0x100001c8                isr_invalid
                0x100001ca                isr_nmi
                0x100001cc                isr_hardfault
                0x100001ce                isr_svcall
                0x100001d0                isr_pendsv
                0x100001d2                isr_systick
                0x100001d4                __default_isrs_end
 *(.binary_info_header)
 .binary_info_header
                0x100001d4       0x14 CMakeFiles/rp2040_pwm_led.dir/C_/dev/pico-sdk/src/rp2_common/pico_crt0/crt0.S.obj
                0x100001e8                        __binary_info_header_end = .
 *(.embedded_block)
                0x100001e8                        __embedded_block_end = .
 *(.reset)
 .reset         0x100001e8       0x9c CMakeFiles/rp2040_pwm_led.dir/C_/dev/pico-sdk/src/rp2_common/pico_crt0/crt0.S.obj
                0x100001e8                _entry_point
 *(.init)
 .init          0x10000284        0x4 C:/PROGRA~2/ARMGNU~1/14EFD8~1.2RE/bin/../lib/gcc/arm-none-eabi/14.2.1/thumb/v6-m/nofp/crti.o
                0x10000284                _init
 *(EXCLUDE_FILE(*libm.a: *libc.a:*lib_a-mem*.o *libgcc.a:) .text*)
 .text.register_tm_clones
                0x10000288       0x28 C:/PROGRA~2/ARMGNU~1/14EFD8~1.2RE/bin/../lib/gcc/arm-none-eabi/14.2.1/thumb/v6-m/nofp/crtbegin.o
 .text.frame_dummy
                0x100002b0       0x24 C:/PROGRA~2/ARMGNU~1/14EFD8~1.2RE/bin/../lib/gcc/arm-none-eabi/14.2.1/thumb/v6-m/nofp/crtbegin.o
 .text.on_uart_rx
                0x100002d4       0x8c CMakeFiles/rp2040_pwm_led.dir/main.c.obj
                0x100002d4                on_uart_rx
 .text.startup.main
                0x10000360      0x3c0 CMakeFiles/rp2040_pwm_led.dir/main.c.obj
                0x10000360                main
 .text.parse_config
                0x10000720      0x14c CMakeFiles/rp2040_pwm_led.dir/msc_disk.c.obj
                0x10000720                parse_config
 .text.msc_disk_init
                0x1000086c       0x58 CMakeFiles/rp2040_pwm_led.dir/msc_disk.c.obj
                0x1000086c                msc_disk_init
 .text.msc_disk_task
                0x100008c4       0x60 CMakeFiles/rp2040_pwm_led.dir/msc_disk.c.obj
                0x100008c4                msc_disk_task
 .text.tud_msc_inquiry_cb
                0x10000924       0x58 CMakeFiles/rp2040_pwm_led.dir/msc_disk.c.obj
                0x10000924                tud_msc_inquiry_cb
 .text.tud_msc_test_unit_ready_cb
                0x1000097c        0x4 CMakeFiles/rp2040_pwm_led.dir/msc_disk.c.obj
                0x1000097c                tud_msc_test_unit_ready_cb
 .text.tud_msc_capacity_cb
                0x10000980        0xc CMakeFiles/rp2040_pwm_led.dir/msc_disk.c.obj
                0x10000980                tud_msc_capacity_cb
 .text.tud_msc_start_stop_cb
                0x1000098c        0x4 CMakeFiles/rp2040_pwm_led.dir/msc_disk.c.obj
                0x1000098c                tud_msc_start_stop_cb
 .text.tud_msc_read10_cb
                0x10000990       0x24 CMakeFiles/rp2040_pwm_led.dir/msc_disk.c.obj
                0x10000990                tud_msc_read10_cb
 .text.tud_msc_is_writable_cb
                0x100009b4        0x4 CMakeFiles/rp2040_pwm_led.dir/msc_disk.c.obj
                0x100009b4                tud_msc_is_writable_cb
 .text.tud_msc_write10_cb
                0x100009b8       0x30 CMakeFiles/rp2040_pwm_led.dir/msc_disk.c.obj
                0x100009b8                tud_msc_write10_cb
 .text.tud_msc_scsi_cb
                0x100009e8       0x14 CMakeFiles/rp2040_pwm_led.dir/msc_disk.c.obj
                0x100009e8                tud_msc_scsi_cb
 .text.tud_descriptor_device_cb
                0x100009fc        0x8 CMakeFiles/rp2040_pwm_led.dir/usb_descriptors.c.obj
                0x100009fc                tud_descriptor_device_cb
 .text.tud_descriptor_configuration_cb
                0x10000a04        0x8 CMakeFiles/rp2040_pwm_led.dir/usb_descriptors.c.obj
                0x10000a04                tud_descriptor_configuration_cb
 .text.tud_descriptor_string_cb
                0x10000a0c       0x74 CMakeFiles/rp2040_pwm_led.dir/usb_descriptors.c.obj
                0x10000a0c                tud_descriptor_string_cb
 .text.gpio_set_function
                0x10000a80       0x34 CMakeFiles/rp2040_pwm_led.dir/C_/dev/pico-sdk/src/rp2_common/hardware_gpio/gpio.c.obj
                0x10000a80                gpio_set_function
 .text.gpio_init
                0x10000ab4       0x40 CMakeFiles/rp2040_pwm_led.dir/C_/dev/pico-sdk/src/rp2_common/hardware_gpio/gpio.c.obj
                0x10000ab4                gpio_init
 .text.rp2040_chip_version
                0x10000af4        0xc CMakeFiles/rp2040_pwm_led.dir/C_/dev/pico-sdk/src/rp2040/pico_platform/platform.c.obj
                0x10000af4                rp2040_chip_version
 .text.panic    0x10000b00       0x30 CMakeFiles/rp2040_pwm_led.dir/C_/dev/pico-sdk/src/rp2_common/pico_platform_panic/panic.c.obj
                0x10000b00                panic
 .text.hw_claim_or_assert
                0x10000b30       0x44 CMakeFiles/rp2040_pwm_led.dir/C_/dev/pico-sdk/src/common/hardware_claim/claim.c.obj
                0x10000b30                hw_claim_or_assert
 .text.hw_claim_unused_from_range
                0x10000b74       0x88 CMakeFiles/rp2040_pwm_led.dir/C_/dev/pico-sdk/src/common/hardware_claim/claim.c.obj
                0x10000b74                hw_claim_unused_from_range
 .text.next_striped_spin_lock_num
                0x10000bfc       0x18 CMakeFiles/rp2040_pwm_led.dir/C_/dev/pico-sdk/src/rp2_common/hardware_sync/sync.c.obj
                0x10000bfc                next_striped_spin_lock_num
 .text.spin_lock_claim_unused
                0x10000c14       0x24 CMakeFiles/rp2040_pwm_led.dir/C_/dev/pico-sdk/src/rp2_common/hardware_sync/sync.c.obj
                0x10000c14                spin_lock_claim_unused
 .text.spin_locks_reset
                0x10000c38       0x1c CMakeFiles/rp2040_pwm_led.dir/C_/dev/pico-sdk/src/rp2_common/hardware_sync_spin_lock/sync_spin_lock.c.obj
                0x10000c38                spin_locks_reset
 .text.runtime_init_per_core_irq_priorities
                0x10000c54       0x24 CMakeFiles/rp2040_pwm_led.dir/C_/dev/pico-sdk/src/rp2_common/hardware_irq/irq.c.obj
                0x10000c54                runtime_init_per_core_irq_priorities
 .text.irq_set_enabled
                0x10000c78       0x24 CMakeFiles/rp2040_pwm_led.dir/C_/dev/pico-sdk/src/rp2_common/hardware_irq/irq.c.obj
                0x10000c78                irq_set_enabled
 .text.irq_set_exclusive_handler
                0x10000c9c       0x54 CMakeFiles/rp2040_pwm_led.dir/C_/dev/pico-sdk/src/rp2_common/hardware_irq/irq.c.obj
                0x10000c9c                irq_set_exclusive_handler
 .text.irq_add_shared_handler
                0x10000cf0      0x1f4 CMakeFiles/rp2040_pwm_led.dir/C_/dev/pico-sdk/src/rp2_common/hardware_irq/irq.c.obj
                0x10000cf0                irq_add_shared_handler
 .text.irq_remove_handler
                0x10000ee4      0x1d4 CMakeFiles/rp2040_pwm_led.dir/C_/dev/pico-sdk/src/rp2_common/hardware_irq/irq.c.obj
                0x10000ee4                irq_remove_handler
 .text.irq_add_tail_to_free_list
                0x100010b8       0xb4 CMakeFiles/rp2040_pwm_led.dir/C_/dev/pico-sdk/src/rp2_common/hardware_irq/irq.c.obj
                0x100010b8                irq_add_tail_to_free_list
 .text.lock_init
                0x1000116c       0x10 CMakeFiles/rp2040_pwm_led.dir/C_/dev/pico-sdk/src/common/pico_sync/lock_core.c.obj
                0x1000116c                lock_init
 .text.runtime_init_mutex
                0x1000117c       0x50 CMakeFiles/rp2040_pwm_led.dir/C_/dev/pico-sdk/src/common/pico_sync/mutex.c.obj
                0x1000117c                runtime_init_mutex
 .text.mutex_init
                0x100011cc       0x1c CMakeFiles/rp2040_pwm_led.dir/C_/dev/pico-sdk/src/common/pico_sync/mutex.c.obj
                0x100011cc                mutex_init
 .text.critical_section_init
                0x100011e8       0x1c CMakeFiles/rp2040_pwm_led.dir/C_/dev/pico-sdk/src/common/pico_sync/critical_section.c.obj
                0x100011e8                critical_section_init
 .text.sleep_until_callback
                0x10001204       0x30 CMakeFiles/rp2040_pwm_led.dir/C_/dev/pico-sdk/src/common/pico_time/time.c.obj
 .text.alarm_pool_irq_handler
                0x10001234      0x300 CMakeFiles/rp2040_pwm_led.dir/C_/dev/pico-sdk/src/common/pico_time/time.c.obj
 .text.runtime_init_default_alarm_pool
                0x10001534       0xdc CMakeFiles/rp2040_pwm_led.dir/C_/dev/pico-sdk/src/common/pico_time/time.c.obj
                0x10001534                runtime_init_default_alarm_pool
 .text.alarm_pool_add_alarm_at_force_in_context
                0x10001610       0xb0 CMakeFiles/rp2040_pwm_led.dir/C_/dev/pico-sdk/src/common/pico_time/time.c.obj
                0x10001610                alarm_pool_add_alarm_at_force_in_context
 .text.alarm_pool_cancel_alarm
                0x100016c0       0x74 CMakeFiles/rp2040_pwm_led.dir/C_/dev/pico-sdk/src/common/pico_time/time.c.obj
                0x100016c0                alarm_pool_cancel_alarm
 .text.best_effort_wfe_or_timeout
                0x10001734      0x10c CMakeFiles/rp2040_pwm_led.dir/C_/dev/pico-sdk/src/common/pico_time/time.c.obj
                0x10001734                best_effort_wfe_or_timeout
 .text.timer_hardware_alarm_claim
                0x10001840       0x14 CMakeFiles/rp2040_pwm_led.dir/C_/dev/pico-sdk/src/rp2_common/hardware_timer/timer.c.obj
                0x10001840                timer_hardware_alarm_claim
 .text.timer_time_us_64
                0x10001854       0x10 CMakeFiles/rp2040_pwm_led.dir/C_/dev/pico-sdk/src/rp2_common/hardware_timer/timer.c.obj
                0x10001854                timer_time_us_64
 .text.time_us_64
                0x10001864       0x14 CMakeFiles/rp2040_pwm_led.dir/C_/dev/pico-sdk/src/rp2_common/hardware_timer/timer.c.obj
                0x10001864                time_us_64
 .text.busy_wait_us
                0x10001878       0x68 CMakeFiles/rp2040_pwm_led.dir/C_/dev/pico-sdk/src/rp2_common/hardware_timer/timer.c.obj
                0x10001878                busy_wait_us
 .text.uart_init
                0x100018e0      0x120 CMakeFiles/rp2040_pwm_led.dir/C_/dev/pico-sdk/src/rp2_common/hardware_uart/uart.c.obj
                0x100018e0                uart_init
 .text.uart_set_format
                0x10001a00       0x78 CMakeFiles/rp2040_pwm_led.dir/C_/dev/pico-sdk/src/rp2_common/hardware_uart/uart.c.obj
                0x10001a00                uart_set_format
 .text.uart_set_fifo_enabled
                0x10001a78       0x5c CMakeFiles/rp2040_pwm_led.dir/C_/dev/pico-sdk/src/rp2_common/hardware_uart/uart.c.obj
                0x10001a78                uart_set_fifo_enabled
 .text.clock_configure_int_divider
                0x10001ad4       0xf4 CMakeFiles/rp2040_pwm_led.dir/C_/dev/pico-sdk/src/rp2_common/hardware_clocks/clocks.c.obj
                0x10001ad4                clock_configure_int_divider
 .text.clock_configure_undivided
                0x10001bc8       0xe8 CMakeFiles/rp2040_pwm_led.dir/C_/dev/pico-sdk/src/rp2_common/hardware_clocks/clocks.c.obj
                0x10001bc8                clock_configure_undivided
 .text.clock_get_hz
                0x10001cb0        0xc CMakeFiles/rp2040_pwm_led.dir/C_/dev/pico-sdk/src/rp2_common/hardware_clocks/clocks.c.obj
                0x10001cb0                clock_get_hz
 .text.pll_init
                0x10001cbc       0xa4 CMakeFiles/rp2040_pwm_led.dir/C_/dev/pico-sdk/src/rp2_common/hardware_pll/pll.c.obj
                0x10001cbc                pll_init
 .text.tick_start
                0x10001d60       0x10 CMakeFiles/rp2040_pwm_led.dir/C_/dev/pico-sdk/src/rp2_common/hardware_ticks/ticks.c.obj
                0x10001d60                tick_start
 .text.rom_func_lookup
                0x10001d70       0x10 CMakeFiles/rp2040_pwm_led.dir/C_/dev/pico-sdk/src/rp2_common/pico_bootrom/bootrom.c.obj
                0x10001d70                rom_func_lookup
 .text.rom_data_lookup
                0x10001d80       0x10 CMakeFiles/rp2040_pwm_led.dir/C_/dev/pico-sdk/src/rp2_common/pico_bootrom/bootrom.c.obj
                0x10001d80                rom_data_lookup
 .text.rom_funcs_lookup
                0x10001d90       0x44 CMakeFiles/rp2040_pwm_led.dir/C_/dev/pico-sdk/src/rp2_common/pico_bootrom/bootrom.c.obj
                0x10001d90                rom_funcs_lookup
 .text.xosc_init
                0x10001dd4       0x28 CMakeFiles/rp2040_pwm_led.dir/C_/dev/pico-sdk/src/rp2_common/hardware_xosc/xosc.c.obj
                0x10001dd4                xosc_init
 .text.first_per_core_initializer
                0x10001dfc        0x4 CMakeFiles/rp2040_pwm_led.dir/C_/dev/pico-sdk/src/rp2_common/pico_runtime/runtime.c.obj
 .text.hard_assertion_failure
                0x10001e00        0xc CMakeFiles/rp2040_pwm_led.dir/C_/dev/pico-sdk/src/rp2_common/pico_runtime/runtime.c.obj
                0x10001e00                hard_assertion_failure
 .text.runtime_run_initializers
                0x10001e0c       0x28 CMakeFiles/rp2040_pwm_led.dir/C_/dev/pico-sdk/src/rp2_common/pico_runtime/runtime.c.obj
                0x10001e0c                runtime_run_initializers
 .text.runtime_init_early_resets
                0x10001e34       0x2c CMakeFiles/rp2040_pwm_led.dir/C_/dev/pico-sdk/src/rp2_common/pico_runtime_init/runtime_init.c.obj
                0x10001e34                runtime_init_early_resets
 .text.runtime_init_usb_power_down
                0x10001e60       0x1c CMakeFiles/rp2040_pwm_led.dir/C_/dev/pico-sdk/src/rp2_common/pico_runtime_init/runtime_init.c.obj
                0x10001e60                runtime_init_usb_power_down
 .text.runtime_init_post_clock_resets
                0x10001e7c       0x20 CMakeFiles/rp2040_pwm_led.dir/C_/dev/pico-sdk/src/rp2_common/pico_runtime_init/runtime_init.c.obj
                0x10001e7c                runtime_init_post_clock_resets
 .text.runtime_init_rp2040_gpio_ie_disable
                0x10001e9c       0x14 CMakeFiles/rp2040_pwm_led.dir/C_/dev/pico-sdk/src/rp2_common/pico_runtime_init/runtime_init.c.obj
                0x10001e9c                runtime_init_rp2040_gpio_ie_disable
 .text.runtime_init_spin_locks_reset
                0x10001eb0        0x8 CMakeFiles/rp2040_pwm_led.dir/C_/dev/pico-sdk/src/rp2_common/pico_runtime_init/runtime_init.c.obj
                0x10001eb0                runtime_init_spin_locks_reset
 .text.runtime_init_install_ram_vector_table
                0x10001eb8       0xb4 CMakeFiles/rp2040_pwm_led.dir/C_/dev/pico-sdk/src/rp2_common/pico_runtime_init/runtime_init.c.obj
                0x10001eb8                runtime_init_install_ram_vector_table
 .text.runtime_init_clocks
                0x10001f6c       0xd8 CMakeFiles/rp2040_pwm_led.dir/C_/dev/pico-sdk/src/rp2_common/pico_runtime_init/runtime_init_clocks.c.obj
                0x10001f6c                runtime_init_clocks
 .text          0x10002044       0x10 CMakeFiles/rp2040_pwm_led.dir/C_/dev/pico-sdk/src/rp2_common/pico_bit_ops/bit_ops_aeabi.S.obj
 .text.ctzsi    0x10002054        0xc CMakeFiles/rp2040_pwm_led.dir/C_/dev/pico-sdk/src/rp2_common/pico_bit_ops/bit_ops_aeabi.S.obj
                0x10002054                __wrap___ctzsi2
 .text.__wrap___aeabi_idiv
                0x10002060       0x50 CMakeFiles/rp2040_pwm_led.dir/C_/dev/pico-sdk/src/rp2_common/pico_divider/divider_hardware.S.obj
                0x10002060                __wrap___aeabi_idivmod
                0x10002060                divmod_s32s32
                0x10002060                div_s32s32
                0x10002060                __wrap___aeabi_idiv
                0x10002068                divmod_s32s32_unsafe
                0x10002094                divmod_s32s32_savestate
 .text.__wrap___aeabi_uidiv
                0x100020b0       0x4c CMakeFiles/rp2040_pwm_led.dir/C_/dev/pico-sdk/src/rp2_common/pico_divider/divider_hardware.S.obj
                0x100020b0                __wrap___aeabi_uidiv
                0x100020b0                __wrap___aeabi_uidivmod
                0x100020b0                div_u32u32
                0x100020b0                divmod_u32u32
                0x100020b8                divmod_u32u32_unsafe
                0x100020e0                divmod_u32u32_savestate
 .text.__wrap___aeabi_ldiv
                0x100020fc      0x424 CMakeFiles/rp2040_pwm_led.dir/C_/dev/pico-sdk/src/rp2_common/pico_divider/divider_hardware.S.obj
                0x100020fc                div_s64s64
                0x100020fc                divmod_s64s64
                0x100020fc                __wrap___aeabi_ldivmod
                0x1000212c                divmod_u64u64
                0x1000212c                div_u64u64
                0x1000212c                __wrap___aeabi_uldivmod
                0x1000213c                divmod_u64u64_savestate
                0x1000215c                divmod_s64s64_unsafe
                0x100021e4                divmod_u64u64_unsafe
 .text.__wrap___aeabi_darithmetic
                0x10002520       0x80 CMakeFiles/rp2040_pwm_led.dir/C_/dev/pico-sdk/src/rp2_common/pico_double/double_aeabi_rp2040.S.obj
                0x10002520                __wrap___aeabi_drsub
                0x10002526                __wrap___aeabi_dsub
                0x10002538                __wrap___aeabi_dadd
                0x1000254a                __wrap___aeabi_ddiv
                0x10002586                __wrap___aeabi_dmul
 .text.__wrap___aeabi_cdcmple
                0x100025a0       0x6c CMakeFiles/rp2040_pwm_led.dir/C_/dev/pico-sdk/src/rp2_common/pico_double/double_aeabi_rp2040.S.obj
                0x100025a0                __wrap___aeabi_cdrcmple
                0x100025b0                __wrap___aeabi_cdcmpeq
                0x100025b0                __wrap___aeabi_cdcmple
 .text.__wrap___aeabi_dcmpeq
                0x1000260c       0x10 CMakeFiles/rp2040_pwm_led.dir/C_/dev/pico-sdk/src/rp2_common/pico_double/double_aeabi_rp2040.S.obj
                0x1000260c                __wrap___aeabi_dcmpeq
 .text.__wrap___aeabi_dcmplt
                0x1000261c        0xc CMakeFiles/rp2040_pwm_led.dir/C_/dev/pico-sdk/src/rp2_common/pico_double/double_aeabi_rp2040.S.obj
                0x1000261c                __wrap___aeabi_dcmplt
 .text.__wrap___aeabi_dcmple
                0x10002628       0x10 CMakeFiles/rp2040_pwm_led.dir/C_/dev/pico-sdk/src/rp2_common/pico_double/double_aeabi_rp2040.S.obj
                0x10002628                __wrap___aeabi_dcmple
 .text.__wrap___aeabi_dcmpge
                0x10002638       0x10 CMakeFiles/rp2040_pwm_led.dir/C_/dev/pico-sdk/src/rp2_common/pico_double/double_aeabi_rp2040.S.obj
                0x10002638                __wrap___aeabi_dcmpge
 .text.__wrap___aeabi_dcmpgt
                0x10002648        0xa CMakeFiles/rp2040_pwm_led.dir/C_/dev/pico-sdk/src/rp2_common/pico_double/double_aeabi_rp2040.S.obj
                0x10002648                __wrap___aeabi_dcmpgt
 .text.__wrap___aeabi_dcmpun
                0x10002652       0x18 CMakeFiles/rp2040_pwm_led.dir/C_/dev/pico-sdk/src/rp2_common/pico_double/double_aeabi_rp2040.S.obj
                0x10002652                __wrap___aeabi_dcmpun
 *fill*         0x1000266a        0x2 
 .text.__wrap___aeabi_i2d
                0x1000266c       0x38 CMakeFiles/rp2040_pwm_led.dir/C_/dev/pico-sdk/src/rp2_common/pico_double/double_aeabi_rp2040.S.obj
                0x1000266c                uint2double
                0x1000266c                __wrap___aeabi_ui2d
                0x10002674                int2double
                0x10002674                __wrap___aeabi_i2d
 .text.__wrap___aeabi_d2iz
                0x100026a4       0x48 CMakeFiles/rp2040_pwm_led.dir/C_/dev/pico-sdk/src/rp2_common/pico_double/double_aeabi_rp2040.S.obj
                0x100026a4                double2int_z
                0x100026a4                __wrap___aeabi_d2iz
 .text.__wrap___aeabi_d2uiz
                0x100026ec       0x18 CMakeFiles/rp2040_pwm_led.dir/C_/dev/pico-sdk/src/rp2_common/pico_double/double_aeabi_rp2040.S.obj
                0x100026ec                double2uint
                0x100026ec                __wrap___aeabi_d2uiz
                0x100026ec                double2uint_z
 .text.__wrap___aeabi_l2d
                0x10002704       0x18 CMakeFiles/rp2040_pwm_led.dir/C_/dev/pico-sdk/src/rp2_common/pico_double/double_aeabi_rp2040.S.obj
                0x10002704                int642double
                0x10002704                __wrap___aeabi_l2d
 .text.__wrap___aeabi_d2lz
                0x1000271c       0x26 CMakeFiles/rp2040_pwm_led.dir/C_/dev/pico-sdk/src/rp2_common/pico_double/double_aeabi_rp2040.S.obj
                0x1000271c                double2int64_z
                0x1000271c                __wrap___aeabi_d2lz
 *fill*         0x10002742        0x2 
 .text.double2int64
                0x10002744       0x18 CMakeFiles/rp2040_pwm_led.dir/C_/dev/pico-sdk/src/rp2_common/pico_double/double_aeabi_rp2040.S.obj
                0x10002744                double2int64
 .text.double2ufix64
                0x1000275c       0x18 CMakeFiles/rp2040_pwm_led.dir/C_/dev/pico-sdk/src/rp2_common/pico_double/double_aeabi_rp2040.S.obj
                0x1000275c                double2ufix64_z
                0x1000275c                double2ufix64
 .text.__wrap___aeabi_d2f
                0x10002774       0x18 CMakeFiles/rp2040_pwm_led.dir/C_/dev/pico-sdk/src/rp2_common/pico_double/double_aeabi_rp2040.S.obj
                0x10002774                __wrap___aeabi_d2f
 .text.__aeabi_double_init
                0x1000278c       0xa4 CMakeFiles/rp2040_pwm_led.dir/C_/dev/pico-sdk/src/rp2_common/pico_double/double_init_rom_rp2040.c.obj
                0x1000278c                __aeabi_double_init
 .text.double_table_shim_on_use_helper
                0x10002830       0x2c CMakeFiles/rp2040_pwm_led.dir/C_/dev/pico-sdk/src/rp2_common/pico_double/double_v1_rom_shim_rp2040.S.obj
                0x10002830                double_table_shim_on_use_helper
 .text.__wrap___aeabi_dsub
                0x1000285c       0x10 CMakeFiles/rp2040_pwm_led.dir/C_/dev/pico-sdk/src/rp2_common/pico_double/double_v1_rom_shim_rp2040.S.obj
                0x1000285c                drsub_shim
                0x10002862                dsub_shim
 .text.dadd_shim
                0x1000286c      0x15c CMakeFiles/rp2040_pwm_led.dir/C_/dev/pico-sdk/src/rp2_common/pico_double/double_v1_rom_shim_rp2040.S.obj
                0x1000286c                dadd_shim
 .text.dmul_shim
                0x100029c8      0x15c CMakeFiles/rp2040_pwm_led.dir/C_/dev/pico-sdk/src/rp2_common/pico_double/double_v1_rom_shim_rp2040.S.obj
                0x100029c8                dmul_shim
 .text.ddiv_shim
                0x10002b24      0x1b0 CMakeFiles/rp2040_pwm_led.dir/C_/dev/pico-sdk/src/rp2_common/pico_double/double_v1_rom_shim_rp2040.S.obj
                0x10002b24                ddiv_shim
 .text.double2uint_shim
                0x10002cd4        0xe CMakeFiles/rp2040_pwm_led.dir/C_/dev/pico-sdk/src/rp2_common/pico_double/double_v1_rom_shim_rp2040.S.obj
                0x10002cd4                double2uint_shim
                0x10002cd6                double2ufix_shim
 .text.double2int64_shim
                0x10002ce2       0x1a CMakeFiles/rp2040_pwm_led.dir/C_/dev/pico-sdk/src/rp2_common/pico_double/double_v1_rom_shim_rp2040.S.obj
                0x10002ce2                double2int64_shim
                0x10002ce4                double2fix64_shim
 .text.double2uint64_shim
                0x10002cfc       0x70 CMakeFiles/rp2040_pwm_led.dir/C_/dev/pico-sdk/src/rp2_common/pico_double/double_v1_rom_shim_rp2040.S.obj
                0x10002cfc                double2uint64_shim
                0x10002cfe                double2ufix64_shim
                0x10002d1e                d2fix_a
 .text.double2float_shim
                0x10002d6c       0x5c CMakeFiles/rp2040_pwm_led.dir/C_/dev/pico-sdk/src/rp2_common/pico_double/double_v1_rom_shim_rp2040.S.obj
                0x10002d6c                double2float_shim
 .text.x2double_shims
                0x10002dc8       0x90 CMakeFiles/rp2040_pwm_led.dir/C_/dev/pico-sdk/src/rp2_common/pico_double/double_v1_rom_shim_rp2040.S.obj
                0x10002dc8                uint2double_shim
                0x10002dca                ufix2double_shim
                0x10002dd0                int2double_shim
                0x10002dd2                fix2double_shim
                0x10002dd8                uint642double_shim
                0x10002dda                ufix642double_shim
                0x10002de0                int642double_shim
                0x10002de2                fix642double_shim
 .text.dunpacks
                0x10002e58       0x3c CMakeFiles/rp2040_pwm_led.dir/C_/dev/pico-sdk/src/rp2_common/pico_double/double_v1_rom_shim_rp2040.S.obj
                0x10002e58                dunpacks
 .text.__aeabi_lmul
                0x10002e94       0x32 CMakeFiles/rp2040_pwm_led.dir/C_/dev/pico-sdk/src/rp2_common/pico_int64_ops/pico_int64_ops_aeabi.S.obj
                0x10002e94                __wrap___aeabi_lmul
 *fill*         0x10002ec6        0x2 
 .text.__wrap___aeabi_farithmetic
                0x10002ec8       0x48 CMakeFiles/rp2040_pwm_led.dir/C_/dev/pico-sdk/src/rp2_common/pico_float/float_aeabi_rp2040.S.obj
                0x10002ec8                __wrap___aeabi_frsub
                0x10002ece                __wrap___aeabi_fsub
                0x10002ed4                __wrap___aeabi_fadd
                0x10002eda                __wrap___aeabi_fdiv
                0x10002f02                __wrap___aeabi_fmul
 .text.__wrap___aeabi_ui2f
                0x10002f10        0xa CMakeFiles/rp2040_pwm_led.dir/C_/dev/pico-sdk/src/rp2_common/pico_float/float_aeabi_rp2040.S.obj
                0x10002f10                __wrap___aeabi_ui2f
                0x10002f10                uint2float
 *fill*         0x10002f1a        0x2 
 .text.__wrap___aeabi_i2f
                0x10002f1c       0x44 CMakeFiles/rp2040_pwm_led.dir/C_/dev/pico-sdk/src/rp2_common/pico_float/float_aeabi_rp2040.S.obj
                0x10002f1c                __wrap___aeabi_i2f
                0x10002f1c                int2float
 .text.__wrap___aeabi_f2iz
                0x10002f60       0x4e CMakeFiles/rp2040_pwm_led.dir/C_/dev/pico-sdk/src/rp2_common/pico_float/float_aeabi_rp2040.S.obj
                0x10002f60                float2int_z
                0x10002f60                __wrap___aeabi_f2iz
 *fill*         0x10002fae        0x2 
 .text.float2int
                0x10002fb0       0x14 CMakeFiles/rp2040_pwm_led.dir/C_/dev/pico-sdk/src/rp2_common/pico_float/float_aeabi_rp2040.S.obj
                0x10002fb0                float2int
 .text.__wrap___aeabi_f2uiz
                0x10002fc4        0xc CMakeFiles/rp2040_pwm_led.dir/C_/dev/pico-sdk/src/rp2_common/pico_float/float_aeabi_rp2040.S.obj
                0x10002fc4                float2uint_z
                0x10002fc4                __wrap___aeabi_f2uiz
                0x10002fc4                float2uint
 .text.fix2float
                0x10002fd0        0xc CMakeFiles/rp2040_pwm_led.dir/C_/dev/pico-sdk/src/rp2_common/pico_float/float_aeabi_rp2040.S.obj
                0x10002fd0                fix2float
 .text.__wrap_cosf
                0x10002fdc       0x24 CMakeFiles/rp2040_pwm_led.dir/C_/dev/pico-sdk/src/rp2_common/pico_float/float_aeabi_rp2040.S.obj
                0x10002fdc                __wrap_cosf
 .text.__wrap_sinf
                0x10003000       0x24 CMakeFiles/rp2040_pwm_led.dir/C_/dev/pico-sdk/src/rp2_common/pico_float/float_aeabi_rp2040.S.obj
                0x10003000                __wrap_sinf
 .text.__aeabi_float_init
                0x10003024       0x64 CMakeFiles/rp2040_pwm_led.dir/C_/dev/pico-sdk/src/rp2_common/pico_float/float_init_rom_rp2040.c.obj
                0x10003024                __aeabi_float_init
 .text.__wrap_remquof
                0x10003088      0x148 CMakeFiles/rp2040_pwm_led.dir/C_/dev/pico-sdk/src/rp2_common/pico_float/float_math.c.obj
                0x10003088                __wrap_remquof
 .text.__wrap_remainderf
                0x100031d0        0xc CMakeFiles/rp2040_pwm_led.dir/C_/dev/pico-sdk/src/rp2_common/pico_float/float_math.c.obj
                0x100031d0                __wrap_remainderf
 .text.float_table_shim_on_use_helper
                0x100031dc       0x2c CMakeFiles/rp2040_pwm_led.dir/C_/dev/pico-sdk/src/rp2_common/pico_float/float_v1_rom_shim_rp2040.S.obj
                0x100031dc                float_table_shim_on_use_helper
 .text.float232_shims
                0x10003208       0x18 CMakeFiles/rp2040_pwm_led.dir/C_/dev/pico-sdk/src/rp2_common/pico_float/float_v1_rom_shim_rp2040.S.obj
                0x10003208                float2int_shim
                0x1000320a                float2fix_shim
 .text.__wrap_malloc
                0x10003220       0x24 CMakeFiles/rp2040_pwm_led.dir/C_/dev/pico-sdk/src/rp2_common/pico_malloc/malloc.c.obj
                0x10003220                __wrap_malloc
 .text.__wrap_realloc
                0x10003244       0x24 CMakeFiles/rp2040_pwm_led.dir/C_/dev/pico-sdk/src/rp2_common/pico_malloc/malloc.c.obj
                0x10003244                __wrap_realloc
 .text.__wrap_free
                0x10003268        0x8 CMakeFiles/rp2040_pwm_led.dir/C_/dev/pico-sdk/src/rp2_common/pico_malloc/malloc.c.obj
                0x10003268                __wrap_free
 .text          0x10003270       0x10 CMakeFiles/rp2040_pwm_led.dir/C_/dev/pico-sdk/src/rp2_common/pico_mem_ops/mem_ops_aeabi.S.obj
                0x10003270                __aeabi_mem_init
 .text.memset   0x10003280        0xc CMakeFiles/rp2040_pwm_led.dir/C_/dev/pico-sdk/src/rp2_common/pico_mem_ops/mem_ops_aeabi.S.obj
                0x10003280                __wrap_memset
 .text.memcpy   0x1000328c        0xc CMakeFiles/rp2040_pwm_led.dir/C_/dev/pico-sdk/src/rp2_common/pico_mem_ops/mem_ops_aeabi.S.obj
                0x1000328c                __wrap_memcpy
                0x1000328c                __wrap___aeabi_memcpy
 .text._out_buffer
                0x10003298        0x8 CMakeFiles/rp2040_pwm_led.dir/C_/dev/pico-sdk/src/rp2_common/pico_printf/printf.c.obj
 .text._out_null
                0x100032a0        0x4 CMakeFiles/rp2040_pwm_led.dir/C_/dev/pico-sdk/src/rp2_common/pico_printf/printf.c.obj
 .text._out_rev
                0x100032a4       0xac CMakeFiles/rp2040_pwm_led.dir/C_/dev/pico-sdk/src/rp2_common/pico_printf/printf.c.obj
 .text._ntoa_format
                0x10003350      0x1cc CMakeFiles/rp2040_pwm_led.dir/C_/dev/pico-sdk/src/rp2_common/pico_printf/printf.c.obj
 .text._out_char
                0x1000351c       0x10 CMakeFiles/rp2040_pwm_led.dir/C_/dev/pico-sdk/src/rp2_common/pico_printf/printf.c.obj
 .text._ftoa    0x1000352c      0x4a8 CMakeFiles/rp2040_pwm_led.dir/C_/dev/pico-sdk/src/rp2_common/pico_printf/printf.c.obj
 .text._etoa    0x100039d4      0x57c CMakeFiles/rp2040_pwm_led.dir/C_/dev/pico-sdk/src/rp2_common/pico_printf/printf.c.obj
 .text._vsnprintf
                0x10003f50      0xbe0 CMakeFiles/rp2040_pwm_led.dir/C_/dev/pico-sdk/src/rp2_common/pico_printf/printf.c.obj
 .text.__wrap_sprintf
                0x10004b30       0x2c CMakeFiles/rp2040_pwm_led.dir/C_/dev/pico-sdk/src/rp2_common/pico_printf/printf.c.obj
                0x10004b30                __wrap_sprintf
 .text.weak_raw_printf
                0x10004b5c       0x40 CMakeFiles/rp2040_pwm_led.dir/C_/dev/pico-sdk/src/rp2_common/pico_printf/printf.c.obj
                0x10004b5c                weak_raw_printf
 .text.weak_raw_vprintf
                0x10004b9c       0x30 CMakeFiles/rp2040_pwm_led.dir/C_/dev/pico-sdk/src/rp2_common/pico_printf/printf.c.obj
                0x10004b9c                weak_raw_vprintf
 .text._exit    0x10004bcc        0x4 CMakeFiles/rp2040_pwm_led.dir/C_/dev/pico-sdk/src/rp2_common/pico_clib_interface/newlib_interface.c.obj
                0x10004bcc                _exit
 .text._sbrk    0x10004bd0       0x34 CMakeFiles/rp2040_pwm_led.dir/C_/dev/pico-sdk/src/rp2_common/pico_clib_interface/newlib_interface.c.obj
                0x10004bd0                _sbrk
 .text.exit     0x10004c04        0x8 CMakeFiles/rp2040_pwm_led.dir/C_/dev/pico-sdk/src/rp2_common/pico_clib_interface/newlib_interface.c.obj
                0x10004c04                exit
 .text.__assert_func
                0x10004c0c       0x38 CMakeFiles/rp2040_pwm_led.dir/C_/dev/pico-sdk/src/rp2_common/pico_clib_interface/newlib_interface.c.obj
                0x10004c0c                __assert_func
 .text.runtime_init
                0x10004c44       0x2c CMakeFiles/rp2040_pwm_led.dir/C_/dev/pico-sdk/src/rp2_common/pico_clib_interface/newlib_interface.c.obj
                0x10004c44                runtime_init
 .text.stdio_out_chars_no_crlf
                0x10004c70       0x10 CMakeFiles/rp2040_pwm_led.dir/C_/dev/pico-sdk/src/rp2_common/pico_stdio/stdio.c.obj
 .text.stdio_out_chars_crlf
                0x10004c80       0xb0 CMakeFiles/rp2040_pwm_led.dir/C_/dev/pico-sdk/src/rp2_common/pico_stdio/stdio.c.obj
 .text.stdio_put_string
                0x10004d30       0xfc CMakeFiles/rp2040_pwm_led.dir/C_/dev/pico-sdk/src/rp2_common/pico_stdio/stdio.c.obj
                0x10004d30                stdio_put_string
 .text.stdio_set_driver_enabled
                0x10004e2c       0x30 CMakeFiles/rp2040_pwm_led.dir/C_/dev/pico-sdk/src/rp2_common/pico_stdio/stdio.c.obj
                0x10004e2c                stdio_set_driver_enabled
 .text.__wrap_putchar
                0x10004e5c       0x94 CMakeFiles/rp2040_pwm_led.dir/C_/dev/pico-sdk/src/rp2_common/pico_stdio/stdio.c.obj
                0x10004e5c                __wrap_putchar
                0x10004e5c                stdio_putchar
 .text.__wrap_puts
                0x10004ef0       0x3c CMakeFiles/rp2040_pwm_led.dir/C_/dev/pico-sdk/src/rp2_common/pico_stdio/stdio.c.obj
                0x10004ef0                stdio_puts
                0x10004ef0                __wrap_puts
 .text.stdio_uart_out_chars
                0x10004f2c       0x4c CMakeFiles/rp2040_pwm_led.dir/C_/dev/pico-sdk/src/rp2_common/pico_stdio_uart/stdio_uart.c.obj
 .text.stdio_uart_in_chars
                0x10004f78       0x90 CMakeFiles/rp2040_pwm_led.dir/C_/dev/pico-sdk/src/rp2_common/pico_stdio_uart/stdio_uart.c.obj
                0x10004f78                stdio_uart_in_chars
 .text.on_uart_rx
                0x10005008       0x28 CMakeFiles/rp2040_pwm_led.dir/C_/dev/pico-sdk/src/rp2_common/pico_stdio_uart/stdio_uart.c.obj
 .text.stdio_uart_out_flush
                0x10005030       0x14 CMakeFiles/rp2040_pwm_led.dir/C_/dev/pico-sdk/src/rp2_common/pico_stdio_uart/stdio_uart.c.obj
 .text.stdio_uart_set_chars_available_callback
                0x10005044       0x84 CMakeFiles/rp2040_pwm_led.dir/C_/dev/pico-sdk/src/rp2_common/pico_stdio_uart/stdio_uart.c.obj
 .text.stdio_uart_init_full
                0x100050c8       0x3c CMakeFiles/rp2040_pwm_led.dir/C_/dev/pico-sdk/src/rp2_common/pico_stdio_uart/stdio_uart.c.obj
                0x100050c8                stdio_uart_init_full
 .text.flash_get_unique_id
                0x10005104       0x3c CMakeFiles/rp2040_pwm_led.dir/C_/dev/pico-sdk/src/rp2_common/hardware_flash/flash.c.obj
                0x10005104                flash_get_unique_id
 .text.dcd_init
                0x10005140       0x7c CMakeFiles/rp2040_pwm_led.dir/C_/dev/pico-sdk/lib/tinyusb/src/portable/raspberrypi/rp2040/dcd_rp2040.c.obj
                0x10005140                dcd_init
 .text.dcd_int_enable
                0x100051bc        0xc CMakeFiles/rp2040_pwm_led.dir/C_/dev/pico-sdk/lib/tinyusb/src/portable/raspberrypi/rp2040/dcd_rp2040.c.obj
                0x100051bc                dcd_int_enable
 .text.dcd_set_address
                0x100051c8       0x20 CMakeFiles/rp2040_pwm_led.dir/C_/dev/pico-sdk/lib/tinyusb/src/portable/raspberrypi/rp2040/dcd_rp2040.c.obj
                0x100051c8                dcd_set_address
 .text.dcd_sof_enable
                0x100051e8       0x1c CMakeFiles/rp2040_pwm_led.dir/C_/dev/pico-sdk/lib/tinyusb/src/portable/raspberrypi/rp2040/dcd_rp2040.c.obj
                0x100051e8                dcd_sof_enable
 .text.dcd_edpt0_status_complete
                0x10005204       0x1c CMakeFiles/rp2040_pwm_led.dir/C_/dev/pico-sdk/lib/tinyusb/src/portable/raspberrypi/rp2040/dcd_rp2040.c.obj
                0x10005204                dcd_edpt0_status_complete
 .text.dcd_edpt_open
                0x10005220      0x11c CMakeFiles/rp2040_pwm_led.dir/C_/dev/pico-sdk/lib/tinyusb/src/portable/raspberrypi/rp2040/dcd_rp2040.c.obj
                0x10005220                dcd_edpt_open
 .text.dcd_edpt_close_all
                0x1000533c        0x8 CMakeFiles/rp2040_pwm_led.dir/C_/dev/pico-sdk/lib/tinyusb/src/portable/raspberrypi/rp2040/dcd_rp2040.c.obj
                0x1000533c                dcd_edpt_close_all
 .text.dcd_edpt_xfer
                0x10005344       0x70 CMakeFiles/rp2040_pwm_led.dir/C_/dev/pico-sdk/lib/tinyusb/src/portable/raspberrypi/rp2040/dcd_rp2040.c.obj
                0x10005344                dcd_edpt_xfer
 .text.dcd_edpt_stall
                0x100053b4       0xcc CMakeFiles/rp2040_pwm_led.dir/C_/dev/pico-sdk/lib/tinyusb/src/portable/raspberrypi/rp2040/dcd_rp2040.c.obj
                0x100053b4                dcd_edpt_stall
 .text.dcd_edpt_clear_stall
                0x10005480       0x4c CMakeFiles/rp2040_pwm_led.dir/C_/dev/pico-sdk/lib/tinyusb/src/portable/raspberrypi/rp2040/dcd_rp2040.c.obj
                0x10005480                dcd_edpt_clear_stall
 .text.rp2usb_init
                0x100054cc       0x58 CMakeFiles/rp2040_pwm_led.dir/C_/dev/pico-sdk/lib/tinyusb/src/portable/raspberrypi/rp2040/rp2040_usb.c.obj
                0x100054cc                rp2usb_init
 .text.rp2usb_xfer_start
                0x10005524       0xd8 CMakeFiles/rp2040_pwm_led.dir/C_/dev/pico-sdk/lib/tinyusb/src/portable/raspberrypi/rp2040/rp2040_usb.c.obj
                0x10005524                rp2usb_xfer_start
 .text.tud_vendor_control_xfer_cb
                0x100055fc        0x4 CMakeFiles/rp2040_pwm_led.dir/C_/dev/pico-sdk/lib/tinyusb/src/device/usbd.c.obj
                0x100055fc                tud_vendor_control_xfer_cb
 .text.tud_event_hook_cb
                0x10005600        0x4 CMakeFiles/rp2040_pwm_led.dir/C_/dev/pico-sdk/lib/tinyusb/src/device/usbd.c.obj
                0x10005600                tud_event_hook_cb
 .text.tud_sof_cb
                0x10005604        0x4 CMakeFiles/rp2040_pwm_led.dir/C_/dev/pico-sdk/lib/tinyusb/src/device/usbd.c.obj
                0x10005604                tud_sof_cb
 .text.tud_descriptor_bos_cb
                0x10005608        0x4 CMakeFiles/rp2040_pwm_led.dir/C_/dev/pico-sdk/lib/tinyusb/src/device/usbd.c.obj
                0x10005608                tud_descriptor_bos_cb
 .text.tud_descriptor_device_qualifier_cb
                0x1000560c        0x4 CMakeFiles/rp2040_pwm_led.dir/C_/dev/pico-sdk/lib/tinyusb/src/device/usbd.c.obj
                0x1000560c                tud_descriptor_device_qualifier_cb
 .text.tud_descriptor_other_speed_configuration_cb
                0x10005610        0x4 CMakeFiles/rp2040_pwm_led.dir/C_/dev/pico-sdk/lib/tinyusb/src/device/usbd.c.obj
                0x10005610                tud_descriptor_other_speed_configuration_cb
 .text.tud_mount_cb
                0x10005614        0x4 CMakeFiles/rp2040_pwm_led.dir/C_/dev/pico-sdk/lib/tinyusb/src/device/usbd.c.obj
                0x10005614                tud_mount_cb
 .text.tud_umount_cb
                0x10005618        0x4 CMakeFiles/rp2040_pwm_led.dir/C_/dev/pico-sdk/lib/tinyusb/src/device/usbd.c.obj
                0x10005618                tud_umount_cb
 .text.tud_suspend_cb
                0x1000561c        0x4 CMakeFiles/rp2040_pwm_led.dir/C_/dev/pico-sdk/lib/tinyusb/src/device/usbd.c.obj
                0x1000561c                tud_suspend_cb
 .text.tud_resume_cb
                0x10005620        0x4 CMakeFiles/rp2040_pwm_led.dir/C_/dev/pico-sdk/lib/tinyusb/src/device/usbd.c.obj
                0x10005620                tud_resume_cb
 .text.usbd_app_driver_get_cb
                0x10005624        0x8 CMakeFiles/rp2040_pwm_led.dir/C_/dev/pico-sdk/lib/tinyusb/src/device/usbd.c.obj
                0x10005624                usbd_app_driver_get_cb
 .text.tud_rhport_init
                0x1000562c       0xfc CMakeFiles/rp2040_pwm_led.dir/C_/dev/pico-sdk/lib/tinyusb/src/device/usbd.c.obj
                0x1000562c                tud_rhport_init
 .text.tud_control_status
                0x10005728       0x60 CMakeFiles/rp2040_pwm_led.dir/C_/dev/pico-sdk/lib/tinyusb/src/device/usbd.c.obj
                0x10005728                tud_control_status
 .text.tud_control_xfer
                0x10005788       0xf8 CMakeFiles/rp2040_pwm_led.dir/C_/dev/pico-sdk/lib/tinyusb/src/device/usbd.c.obj
                0x10005788                tud_control_xfer
 .text.usbd_open_edpt_pair
                0x10005880       0x60 CMakeFiles/rp2040_pwm_led.dir/C_/dev/pico-sdk/lib/tinyusb/src/device/usbd.c.obj
                0x10005880                usbd_open_edpt_pair
 .text.usbd_edpt_xfer
                0x100058e0       0x50 CMakeFiles/rp2040_pwm_led.dir/C_/dev/pico-sdk/lib/tinyusb/src/device/usbd.c.obj
                0x100058e0                usbd_edpt_xfer
 .text.usbd_edpt_busy
                0x10005930       0x1c CMakeFiles/rp2040_pwm_led.dir/C_/dev/pico-sdk/lib/tinyusb/src/device/usbd.c.obj
                0x10005930                usbd_edpt_busy
 .text.usbd_edpt_stall
                0x1000594c       0x30 CMakeFiles/rp2040_pwm_led.dir/C_/dev/pico-sdk/lib/tinyusb/src/device/usbd.c.obj
                0x1000594c                usbd_edpt_stall
 .text.usbd_edpt_clear_stall
                0x1000597c       0x30 CMakeFiles/rp2040_pwm_led.dir/C_/dev/pico-sdk/lib/tinyusb/src/device/usbd.c.obj
                0x1000597c                usbd_edpt_clear_stall
 .text.tud_task_ext
                0x100059ac      0x8d0 CMakeFiles/rp2040_pwm_led.dir/C_/dev/pico-sdk/lib/tinyusb/src/device/usbd.c.obj
                0x100059ac                tud_task_ext
 .text.usbd_edpt_stalled
                0x1000627c       0x1c CMakeFiles/rp2040_pwm_led.dir/C_/dev/pico-sdk/lib/tinyusb/src/device/usbd.c.obj
                0x1000627c                usbd_edpt_stalled
 .text.proc_stage_status.constprop.0
                0x10006298       0x60 CMakeFiles/rp2040_pwm_led.dir/C_/dev/pico-sdk/lib/tinyusb/src/class/msc/msc_device.c.obj
 .text.proc_read10_cmd.constprop.0
                0x100062f8      0x100 CMakeFiles/rp2040_pwm_led.dir/C_/dev/pico-sdk/lib/tinyusb/src/class/msc/msc_device.c.obj
 .text.tud_msc_inquiry2_cb
                0x100063f8        0x4 CMakeFiles/rp2040_pwm_led.dir/C_/dev/pico-sdk/lib/tinyusb/src/class/msc/msc_device.c.obj
                0x100063f8                tud_msc_inquiry2_cb
 .text.tud_msc_read10_complete_cb
                0x100063fc        0x4 CMakeFiles/rp2040_pwm_led.dir/C_/dev/pico-sdk/lib/tinyusb/src/class/msc/msc_device.c.obj
                0x100063fc                tud_msc_read10_complete_cb
 .text.tud_msc_write10_complete_cb
                0x10006400        0x4 CMakeFiles/rp2040_pwm_led.dir/C_/dev/pico-sdk/lib/tinyusb/src/class/msc/msc_device.c.obj
                0x10006400                tud_msc_write10_complete_cb
 .text.tud_msc_scsi_complete_cb
                0x10006404        0x4 CMakeFiles/rp2040_pwm_led.dir/C_/dev/pico-sdk/lib/tinyusb/src/class/msc/msc_device.c.obj
                0x10006404                tud_msc_scsi_complete_cb
 .text.tud_msc_get_maxlun_cb
                0x10006408        0x4 CMakeFiles/rp2040_pwm_led.dir/C_/dev/pico-sdk/lib/tinyusb/src/class/msc/msc_device.c.obj
                0x10006408                tud_msc_get_maxlun_cb
 .text.tud_msc_prevent_allow_medium_removal_cb
                0x1000640c        0x4 CMakeFiles/rp2040_pwm_led.dir/C_/dev/pico-sdk/lib/tinyusb/src/class/msc/msc_device.c.obj
                0x1000640c                tud_msc_prevent_allow_medium_removal_cb
 .text.tud_msc_request_sense_cb
                0x10006410        0x4 CMakeFiles/rp2040_pwm_led.dir/C_/dev/pico-sdk/lib/tinyusb/src/class/msc/msc_device.c.obj
                0x10006410                tud_msc_request_sense_cb
 .text.tud_msc_set_sense
                0x10006414       0x18 CMakeFiles/rp2040_pwm_led.dir/C_/dev/pico-sdk/lib/tinyusb/src/class/msc/msc_device.c.obj
                0x10006414                tud_msc_set_sense
 .text.mscd_init
                0x1000642c       0x14 CMakeFiles/rp2040_pwm_led.dir/C_/dev/pico-sdk/lib/tinyusb/src/class/msc/msc_device.c.obj
                0x1000642c                mscd_init
 .text.mscd_reset
                0x10006440       0x14 CMakeFiles/rp2040_pwm_led.dir/C_/dev/pico-sdk/lib/tinyusb/src/class/msc/msc_device.c.obj
                0x10006440                mscd_reset
 .text.mscd_open
                0x10006454       0x68 CMakeFiles/rp2040_pwm_led.dir/C_/dev/pico-sdk/lib/tinyusb/src/class/msc/msc_device.c.obj
                0x10006454                mscd_open
 .text.mscd_control_xfer_cb
                0x100064bc      0x134 CMakeFiles/rp2040_pwm_led.dir/C_/dev/pico-sdk/lib/tinyusb/src/class/msc/msc_device.c.obj
                0x100064bc                mscd_control_xfer_cb
 .text.mscd_xfer_cb
                0x100065f0      0x724 CMakeFiles/rp2040_pwm_led.dir/C_/dev/pico-sdk/lib/tinyusb/src/class/msc/msc_device.c.obj
                0x100065f0                mscd_xfer_cb
 .text.tusb_rhport_init
                0x10006d14       0x4c CMakeFiles/rp2040_pwm_led.dir/C_/dev/pico-sdk/lib/tinyusb/src/tusb.c.obj
                0x10006d14                tusb_rhport_init
 .text.tu_bind_driver_to_ep_itf
                0x10006d60       0x5c CMakeFiles/rp2040_pwm_led.dir/C_/dev/pico-sdk/lib/tinyusb/src/tusb.c.obj
                0x10006d60                tu_bind_driver_to_ep_itf
 .text.tu_fifo_clear
                0x10006dbc       0x3c CMakeFiles/rp2040_pwm_led.dir/C_/dev/pico-sdk/lib/tinyusb/src/common/tusb_fifo.c.obj
                0x10006dbc                tu_fifo_clear
 .text.tu_fifo_read_n_access_mode
                0x10006df8       0xd0 CMakeFiles/rp2040_pwm_led.dir/C_/dev/pico-sdk/lib/tinyusb/src/common/tusb_fifo.c.obj
                0x10006df8                tu_fifo_read_n_access_mode
 .text.tu_fifo_write_n_access_mode
                0x10006ec8      0x158 CMakeFiles/rp2040_pwm_led.dir/C_/dev/pico-sdk/lib/tinyusb/src/common/tusb_fifo.c.obj
                0x10006ec8                tu_fifo_write_n_access_mode
 .text.board_init
                0x10007020       0x30 CMakeFiles/rp2040_pwm_led.dir/C_/dev/pico-sdk/lib/tinyusb/hw/bsp/rp2040/family.c.obj
                0x10007020                board_init
 .text.startup._retrieve_unique_id_on_boot
                0x10007050       0x10 CMakeFiles/rp2040_pwm_led.dir/C_/dev/pico-sdk/src/rp2_common/pico_unique_id/unique_id.c.obj
 .text._calloc_r
                0x10007060       0xa8 C:/PROGRA~2/ARMGNU~1/14EFD8~1.2RE/bin/../lib/gcc/arm-none-eabi/14.2.1/thumb/v6-m/nofp\libg.a(libc_a-callocr.o)
                0x10007060                _calloc_r
 .text.malloc   0x10007108       0x14 C:/PROGRA~2/ARMGNU~1/14EFD8~1.2RE/bin/../lib/gcc/arm-none-eabi/14.2.1/thumb/v6-m/nofp\libg.a(libc_a-malloc.o)
                0x10007108                malloc
 .text.free     0x1000711c       0x14 C:/PROGRA~2/ARMGNU~1/14EFD8~1.2RE/bin/../lib/gcc/arm-none-eabi/14.2.1/thumb/v6-m/nofp\libg.a(libc_a-malloc.o)
                0x1000711c                free
 .text._malloc_r
                0x10007130      0x5cc C:/PROGRA~2/ARMGNU~1/14EFD8~1.2RE/bin/../lib/gcc/arm-none-eabi/14.2.1/thumb/v6-m/nofp\libg.a(libc_a-mallocr.o)
                0x10007130                _malloc_r
 .text.__malloc_lock
                0x100076fc       0x10 C:/PROGRA~2/ARMGNU~1/14EFD8~1.2RE/bin/../lib/gcc/arm-none-eabi/14.2.1/thumb/v6-m/nofp\libg.a(libc_a-mlock.o)
                0x100076fc                __malloc_lock
 .text.__malloc_unlock
                0x1000770c       0x10 C:/PROGRA~2/ARMGNU~1/14EFD8~1.2RE/bin/../lib/gcc/arm-none-eabi/14.2.1/thumb/v6-m/nofp\libg.a(libc_a-mlock.o)
                0x1000770c                __malloc_unlock
 .text.realloc  0x1000771c       0x18 C:/PROGRA~2/ARMGNU~1/14EFD8~1.2RE/bin/../lib/gcc/arm-none-eabi/14.2.1/thumb/v6-m/nofp\libg.a(libc_a-realloc.o)
                0x1000771c                realloc
 .text._realloc_r
                0x10007734      0x350 C:/PROGRA~2/ARMGNU~1/14EFD8~1.2RE/bin/../lib/gcc/arm-none-eabi/14.2.1/thumb/v6-m/nofp\libg.a(libc_a-reallocr.o)
                0x10007734                _realloc_r
 .text.sscanf   0x10007a84       0x54 C:/PROGRA~2/ARMGNU~1/14EFD8~1.2RE/bin/../lib/gcc/arm-none-eabi/14.2.1/thumb/v6-m/nofp\libg.a(libc_a-sscanf.o)
                0x10007a84                sscanf
 .text.__seofread
                0x10007ad8        0x4 C:/PROGRA~2/ARMGNU~1/14EFD8~1.2RE/bin/../lib/gcc/arm-none-eabi/14.2.1/thumb/v6-m/nofp\libg.a(libc_a-stdio.o)
                0x10007ad8                __seofread
 .text.memmove  0x10007adc       0xc4 C:/PROGRA~2/ARMGNU~1/14EFD8~1.2RE/bin/../lib/gcc/arm-none-eabi/14.2.1/thumb/v6-m/nofp\libg.a(libc_a-memmove.o)
                0x10007adc                memmove
 .text.strncpy  0x10007ba0       0x5c C:/PROGRA~2/ARMGNU~1/14EFD8~1.2RE/bin/../lib/gcc/arm-none-eabi/14.2.1/thumb/v6-m/nofp\libg.a(libc_a-strncpy.o)
                0x10007ba0                strncpy
 .text.strtok   0x10007bfc       0x14 C:/PROGRA~2/ARMGNU~1/14EFD8~1.2RE/bin/../lib/gcc/arm-none-eabi/14.2.1/thumb/v6-m/nofp\libg.a(libc_a-strtok.o)
                0x10007bfc                strtok
 .text.__strtok_r
                0x10007c10       0x64 C:/PROGRA~2/ARMGNU~1/14EFD8~1.2RE/bin/../lib/gcc/arm-none-eabi/14.2.1/thumb/v6-m/nofp\libg.a(libc_a-strtok_r.o)
                0x10007c10                __strtok_r
 .text._sbrk_r  0x10007c74       0x24 C:/PROGRA~2/ARMGNU~1/14EFD8~1.2RE/bin/../lib/gcc/arm-none-eabi/14.2.1/thumb/v6-m/nofp\libg.a(libc_a-sbrkr.o)
                0x10007c74                _sbrk_r
 .text.__errno  0x10007c98        0xc C:/PROGRA~2/ARMGNU~1/14EFD8~1.2RE/bin/../lib/gcc/arm-none-eabi/14.2.1/thumb/v6-m/nofp\libg.a(libc_a-errno.o)
                0x10007c98                __errno
 .text.__retarget_lock_acquire_recursive
                0x10007ca4        0x4 C:/PROGRA~2/ARMGNU~1/14EFD8~1.2RE/bin/../lib/gcc/arm-none-eabi/14.2.1/thumb/v6-m/nofp\libg.a(libc_a-lock.o)
                0x10007ca4                __retarget_lock_acquire_recursive
 .text.__retarget_lock_release_recursive
                0x10007ca8        0x4 C:/PROGRA~2/ARMGNU~1/14EFD8~1.2RE/bin/../lib/gcc/arm-none-eabi/14.2.1/thumb/v6-m/nofp\libg.a(libc_a-lock.o)
                0x10007ca8                __retarget_lock_release_recursive
 .text.sysconf  0x10007cac       0x1c C:/PROGRA~2/ARMGNU~1/14EFD8~1.2RE/bin/../lib/gcc/arm-none-eabi/14.2.1/thumb/v6-m/nofp\libg.a(libc_a-sysconf.o)
                0x10007cac                sysconf
 .text          0x10007cc8       0x88 C:/PROGRA~2/ARMGNU~1/14EFD8~1.2RE/bin/../lib/gcc/arm-none-eabi/14.2.1/thumb/v6-m/nofp\libg.a(libc_a-strcmp.o)
                0x10007cc8                strcmp
 .text.strlen   0x10007d50       0x5c C:/PROGRA~2/ARMGNU~1/14EFD8~1.2RE/bin/../lib/gcc/arm-none-eabi/14.2.1/thumb/v6-m/nofp\libg.a(libc_a-strlen-stub.o)
                0x10007d50                strlen
 .text._malloc_trim_r
                0x10007dac       0xb4 C:/PROGRA~2/ARMGNU~1/14EFD8~1.2RE/bin/../lib/gcc/arm-none-eabi/14.2.1/thumb/v6-m/nofp\libg.a(libc_a-freer.o)
                0x10007dac                _malloc_trim_r
 .text._free_r  0x10007e60      0x1f0 C:/PROGRA~2/ARMGNU~1/14EFD8~1.2RE/bin/../lib/gcc/arm-none-eabi/14.2.1/thumb/v6-m/nofp\libg.a(libc_a-freer.o)
                0x10007e60                _free_r
 .text._strtoul_l.isra.0
                0x10008050      0x144 C:/PROGRA~2/ARMGNU~1/14EFD8~1.2RE/bin/../lib/gcc/arm-none-eabi/14.2.1/thumb/v6-m/nofp\libg.a(libc_a-strtoul.o)
 .text._strtoul_r
                0x10008194        0x8 C:/PROGRA~2/ARMGNU~1/14EFD8~1.2RE/bin/../lib/gcc/arm-none-eabi/14.2.1/thumb/v6-m/nofp\libg.a(libc_a-strtoul.o)
                0x10008194                _strtoul_r
 .text._sungetc_r
                0x1000819c       0x80 C:/PROGRA~2/ARMGNU~1/14EFD8~1.2RE/bin/../lib/gcc/arm-none-eabi/14.2.1/thumb/v6-m/nofp\libg.a(libc_a-svfiscanf.o)
                0x1000819c                _sungetc_r
 .text.__ssrefill_r
                0x1000821c       0x40 C:/PROGRA~2/ARMGNU~1/14EFD8~1.2RE/bin/../lib/gcc/arm-none-eabi/14.2.1/thumb/v6-m/nofp\libg.a(libc_a-svfiscanf.o)
                0x1000821c                __ssrefill_r
 .text._sfread_r
                0x1000825c       0xbc C:/PROGRA~2/ARMGNU~1/14EFD8~1.2RE/bin/../lib/gcc/arm-none-eabi/14.2.1/thumb/v6-m/nofp\libg.a(libc_a-svfiscanf.o)
                0x1000825c                _sfread_r
 .text.__ssvfscanf_r
                0x10008318     0x19c0 C:/PROGRA~2/ARMGNU~1/14EFD8~1.2RE/bin/../lib/gcc/arm-none-eabi/14.2.1/thumb/v6-m/nofp\libg.a(libc_a-svfscanf.o)
                0x10008318                __ssvfscanf_r
 .text.__sccl   0x10009cd8       0x80 C:/PROGRA~2/ARMGNU~1/14EFD8~1.2RE/bin/../lib/gcc/arm-none-eabi/14.2.1/thumb/v6-m/nofp\libg.a(libc_a-sccl.o)
                0x10009cd8                __sccl
 .text.__submore
                0x10009d58       0x84 C:/PROGRA~2/ARMGNU~1/14EFD8~1.2RE/bin/../lib/gcc/arm-none-eabi/14.2.1/thumb/v6-m/nofp\libg.a(libc_a-ungetc.o)
                0x10009d58                __submore
 .text.strncmp  0x10009ddc       0x68 C:/PROGRA~2/ARMGNU~1/14EFD8~1.2RE/bin/../lib/gcc/arm-none-eabi/14.2.1/thumb/v6-m/nofp\libg.a(libc_a-strncmp.o)
                0x10009ddc                strncmp
 .text.stpncpy  0x10009e44       0x74 C:/PROGRA~2/ARMGNU~1/14EFD8~1.2RE/bin/../lib/gcc/arm-none-eabi/14.2.1/thumb/v6-m/nofp\libg.a(libc_a-stpncpy.o)
                0x10009e44                stpncpy
 .text.__locale_mb_cur_max
                0x10009eb8       0x10 C:/PROGRA~2/ARMGNU~1/14EFD8~1.2RE/bin/../lib/gcc/arm-none-eabi/14.2.1/thumb/v6-m/nofp\libg.a(libc_a-locale.o)
                0x10009eb8                __locale_mb_cur_max
 .text._localeconv_r
                0x10009ec8        0x8 C:/PROGRA~2/ARMGNU~1/14EFD8~1.2RE/bin/../lib/gcc/arm-none-eabi/14.2.1/thumb/v6-m/nofp\libg.a(libc_a-localeconv.o)
                0x10009ec8                _localeconv_r
 .text.nanf     0x10009ed0        0x8 C:/PROGRA~2/ARMGNU~1/14EFD8~1.2RE/bin/../lib/gcc/arm-none-eabi/14.2.1/thumb/v6-m/nofp\libg.a(libm_a-sf_nan.o)
                0x10009ed0                nanf
 .text.__ascii_mbtowc
                0x10009ed8       0x2c C:/PROGRA~2/ARMGNU~1/14EFD8~1.2RE/bin/../lib/gcc/arm-none-eabi/14.2.1/thumb/v6-m/nofp\libg.a(libc_a-mbtowc_r.o)
                0x10009ed8                __ascii_mbtowc
 .text.sulp     0x10009f04       0x30 C:/PROGRA~2/ARMGNU~1/14EFD8~1.2RE/bin/../lib/gcc/arm-none-eabi/14.2.1/thumb/v6-m/nofp\libg.a(libc_a-strtod.o)
 .text._strtod_l
                0x10009f34      0xfdc C:/PROGRA~2/ARMGNU~1/14EFD8~1.2RE/bin/../lib/gcc/arm-none-eabi/14.2.1/thumb/v6-m/nofp\libg.a(libc_a-strtod.o)
                0x10009f34                _strtod_l
 .text._strtod_r
                0x1000af10       0x10 C:/PROGRA~2/ARMGNU~1/14EFD8~1.2RE/bin/../lib/gcc/arm-none-eabi/14.2.1/thumb/v6-m/nofp\libg.a(libc_a-strtod.o)
                0x1000af10                _strtod_r
 .text._strtol_l.isra.0
                0x1000af20      0x158 C:/PROGRA~2/ARMGNU~1/14EFD8~1.2RE/bin/../lib/gcc/arm-none-eabi/14.2.1/thumb/v6-m/nofp\libg.a(libc_a-strtol.o)
 .text._strtol_r
                0x1000b078        0x8 C:/PROGRA~2/ARMGNU~1/14EFD8~1.2RE/bin/../lib/gcc/arm-none-eabi/14.2.1/thumb/v6-m/nofp\libg.a(libc_a-strtol.o)
                0x1000b078                _strtol_r
 .text.__ascii_wctomb
                0x1000b080       0x1c C:/PROGRA~2/ARMGNU~1/14EFD8~1.2RE/bin/../lib/gcc/arm-none-eabi/14.2.1/thumb/v6-m/nofp\libg.a(libc_a-wctomb_r.o)
                0x1000b080                __ascii_wctomb
 .text._strtoll_l.isra.0
                0x1000b09c      0x1a0 C:/PROGRA~2/ARMGNU~1/14EFD8~1.2RE/bin/../lib/gcc/arm-none-eabi/14.2.1/thumb/v6-m/nofp\libg.a(libc_a-strtoll.o)
 .text._strtoll_r
                0x1000b23c        0x8 C:/PROGRA~2/ARMGNU~1/14EFD8~1.2RE/bin/../lib/gcc/arm-none-eabi/14.2.1/thumb/v6-m/nofp\libg.a(libc_a-strtoll.o)
                0x1000b23c                _strtoll_r
 .text._strtoull_l.isra.0
                0x1000b244      0x1c4 C:/PROGRA~2/ARMGNU~1/14EFD8~1.2RE/bin/../lib/gcc/arm-none-eabi/14.2.1/thumb/v6-m/nofp\libg.a(libc_a-strtoull.o)
 .text._strtoull_r
                0x1000b408        0x8 C:/PROGRA~2/ARMGNU~1/14EFD8~1.2RE/bin/../lib/gcc/arm-none-eabi/14.2.1/thumb/v6-m/nofp\libg.a(libc_a-strtoull.o)
                0x1000b408                _strtoull_r
 .text._mbrtowc_r
                0x1000b410       0x54 C:/PROGRA~2/ARMGNU~1/14EFD8~1.2RE/bin/../lib/gcc/arm-none-eabi/14.2.1/thumb/v6-m/nofp\libg.a(libc_a-mbrtowc.o)
                0x1000b410                _mbrtowc_r
 .text.iswspace
                0x1000b464        0xc C:/PROGRA~2/ARMGNU~1/14EFD8~1.2RE/bin/../lib/gcc/arm-none-eabi/14.2.1/thumb/v6-m/nofp\libg.a(libc_a-iswspace.o)
                0x1000b464                iswspace
 .text.iswspace_l
                0x1000b470       0x24 C:/PROGRA~2/ARMGNU~1/14EFD8~1.2RE/bin/../lib/gcc/arm-none-eabi/14.2.1/thumb/v6-m/nofp\libg.a(libc_a-iswspace_l.o)
                0x1000b470                iswspace_l
 .text.__jp2uc  0x1000b494      0x154 C:/PROGRA~2/ARMGNU~1/14EFD8~1.2RE/bin/../lib/gcc/arm-none-eabi/14.2.1/thumb/v6-m/nofp\libg.a(libc_a-jp2uc.o)
 .text._jp2uc_l
                0x1000b5e8       0x68 C:/PROGRA~2/ARMGNU~1/14EFD8~1.2RE/bin/../lib/gcc/arm-none-eabi/14.2.1/thumb/v6-m/nofp\libg.a(libc_a-jp2uc.o)
                0x1000b5e8                _jp2uc_l
 .text.nan      0x1000b650        0xc C:/PROGRA~2/ARMGNU~1/14EFD8~1.2RE/bin/../lib/gcc/arm-none-eabi/14.2.1/thumb/v6-m/nofp\libg.a(libm_a-s_nan.o)
                0x1000b650                nan
 .text.rshift   0x1000b65c       0xb0 C:/PROGRA~2/ARMGNU~1/14EFD8~1.2RE/bin/../lib/gcc/arm-none-eabi/14.2.1/thumb/v6-m/nofp\libg.a(libc_a-gdtoa-gethex.o)
 .text.__gethex
                0x1000b70c      0x5f4 C:/PROGRA~2/ARMGNU~1/14EFD8~1.2RE/bin/../lib/gcc/arm-none-eabi/14.2.1/thumb/v6-m/nofp\libg.a(libc_a-gdtoa-gethex.o)
                0x1000b70c                __gethex
 .text.__match  0x1000bd00       0x2c C:/PROGRA~2/ARMGNU~1/14EFD8~1.2RE/bin/../lib/gcc/arm-none-eabi/14.2.1/thumb/v6-m/nofp\libg.a(libc_a-gdtoa-hexnan.o)
                0x1000bd00                __match
 .text.__hexnan
                0x1000bd2c      0x208 C:/PROGRA~2/ARMGNU~1/14EFD8~1.2RE/bin/../lib/gcc/arm-none-eabi/14.2.1/thumb/v6-m/nofp\libg.a(libc_a-gdtoa-hexnan.o)
                0x1000bd2c                __hexnan
 .text._Balloc  0x1000bf34       0x50 C:/PROGRA~2/ARMGNU~1/14EFD8~1.2RE/bin/../lib/gcc/arm-none-eabi/14.2.1/thumb/v6-m/nofp\libg.a(libc_a-mprec.o)
                0x1000bf34                _Balloc
 .text._Bfree   0x1000bf84       0x14 C:/PROGRA~2/ARMGNU~1/14EFD8~1.2RE/bin/../lib/gcc/arm-none-eabi/14.2.1/thumb/v6-m/nofp\libg.a(libc_a-mprec.o)
                0x1000bf84                _Bfree
 .text.__multadd
                0x1000bf98       0xa4 C:/PROGRA~2/ARMGNU~1/14EFD8~1.2RE/bin/../lib/gcc/arm-none-eabi/14.2.1/thumb/v6-m/nofp\libg.a(libc_a-mprec.o)
                0x1000bf98                __multadd
 .text.__s2b    0x1000c03c       0xb0 C:/PROGRA~2/ARMGNU~1/14EFD8~1.2RE/bin/../lib/gcc/arm-none-eabi/14.2.1/thumb/v6-m/nofp\libg.a(libc_a-mprec.o)
                0x1000c03c                __s2b
 .text.__hi0bits
                0x1000c0ec       0x60 C:/PROGRA~2/ARMGNU~1/14EFD8~1.2RE/bin/../lib/gcc/arm-none-eabi/14.2.1/thumb/v6-m/nofp\libg.a(libc_a-mprec.o)
                0x1000c0ec                __hi0bits
 .text.__lo0bits
                0x1000c14c       0x90 C:/PROGRA~2/ARMGNU~1/14EFD8~1.2RE/bin/../lib/gcc/arm-none-eabi/14.2.1/thumb/v6-m/nofp\libg.a(libc_a-mprec.o)
                0x1000c14c                __lo0bits
 .text.__i2b    0x1000c1dc       0x60 C:/PROGRA~2/ARMGNU~1/14EFD8~1.2RE/bin/../lib/gcc/arm-none-eabi/14.2.1/thumb/v6-m/nofp\libg.a(libc_a-mprec.o)
                0x1000c1dc                __i2b
 .text.__multiply
                0x1000c23c      0x1b0 C:/PROGRA~2/ARMGNU~1/14EFD8~1.2RE/bin/../lib/gcc/arm-none-eabi/14.2.1/thumb/v6-m/nofp\libg.a(libc_a-mprec.o)
                0x1000c23c                __multiply
 .text.__pow5mult
                0x1000c3ec       0xd8 C:/PROGRA~2/ARMGNU~1/14EFD8~1.2RE/bin/../lib/gcc/arm-none-eabi/14.2.1/thumb/v6-m/nofp\libg.a(libc_a-mprec.o)
                0x1000c3ec                __pow5mult
 .text.__lshift
                0x1000c4c4       0xfc C:/PROGRA~2/ARMGNU~1/14EFD8~1.2RE/bin/../lib/gcc/arm-none-eabi/14.2.1/thumb/v6-m/nofp\libg.a(libc_a-mprec.o)
                0x1000c4c4                __lshift
 .text.__mcmp   0x1000c5c0       0x3c C:/PROGRA~2/ARMGNU~1/14EFD8~1.2RE/bin/../lib/gcc/arm-none-eabi/14.2.1/thumb/v6-m/nofp\libg.a(libc_a-mprec.o)
                0x1000c5c0                __mcmp
 .text.__mdiff  0x1000c5fc      0x1a8 C:/PROGRA~2/ARMGNU~1/14EFD8~1.2RE/bin/../lib/gcc/arm-none-eabi/14.2.1/thumb/v6-m/nofp\libg.a(libc_a-mprec.o)
                0x1000c5fc                __mdiff
 .text.__ulp    0x1000c7a4       0x40 C:/PROGRA~2/ARMGNU~1/14EFD8~1.2RE/bin/../lib/gcc/arm-none-eabi/14.2.1/thumb/v6-m/nofp\libg.a(libc_a-mprec.o)
                0x1000c7a4                __ulp
 .text.__b2d    0x1000c7e4       0xb8 C:/PROGRA~2/ARMGNU~1/14EFD8~1.2RE/bin/../lib/gcc/arm-none-eabi/14.2.1/thumb/v6-m/nofp\libg.a(libc_a-mprec.o)
                0x1000c7e4                __b2d
 .text.__d2b    0x1000c89c       0xc4 C:/PROGRA~2/ARMGNU~1/14EFD8~1.2RE/bin/../lib/gcc/arm-none-eabi/14.2.1/thumb/v6-m/nofp\libg.a(libc_a-mprec.o)
                0x1000c89c                __d2b
 .text.__ratio  0x1000c960       0x68 C:/PROGRA~2/ARMGNU~1/14EFD8~1.2RE/bin/../lib/gcc/arm-none-eabi/14.2.1/thumb/v6-m/nofp\libg.a(libc_a-mprec.o)
                0x1000c960                __ratio
 .text.__copybits
                0x1000c9c8       0x40 C:/PROGRA~2/ARMGNU~1/14EFD8~1.2RE/bin/../lib/gcc/arm-none-eabi/14.2.1/thumb/v6-m/nofp\libg.a(libc_a-mprec.o)
                0x1000c9c8                __copybits
 .text.__any_on
                0x1000ca08       0x4c C:/PROGRA~2/ARMGNU~1/14EFD8~1.2RE/bin/../lib/gcc/arm-none-eabi/14.2.1/thumb/v6-m/nofp\libg.a(libc_a-mprec.o)
                0x1000ca08                __any_on
 .text.category
                0x1000ca54       0x54 C:/PROGRA~2/ARMGNU~1/14EFD8~1.2RE/bin/../lib/gcc/arm-none-eabi/14.2.1/thumb/v6-m/nofp\libg.a(libc_a-categories.o)
                0x1000ca54                category
 *(.fini)
 .fini          0x1000caa8        0x4 C:/PROGRA~2/ARMGNU~1/14EFD8~1.2RE/bin/../lib/gcc/arm-none-eabi/14.2.1/thumb/v6-m/nofp/crti.o
                0x1000caa8                _fini
 *fill*         0x1000caac        0x4 
 .fini.__stub   0x1000cab0       0xd0 linker stubs
 *crtbegin.o(.ctors)
 *crtbegin?.o(.ctors)
 *(EXCLUDE_FILE(*crtend.o *crtend?.o) .ctors)
 *(SORT_BY_NAME(.ctors.*))
 *(.ctors)
 *crtbegin.o(.dtors)
 *crtbegin?.o(.dtors)
 *(EXCLUDE_FILE(*crtend.o *crtend?.o) .dtors)
 *(SORT_BY_NAME(.dtors.*))
 *(.dtors)
                0x1000cb80                        . = ALIGN (0x4)
                0x1000cb80                        PROVIDE (__preinit_array_start = .)
 *(SORT_BY_NAME(.preinit_array.*))
 .preinit_array.00100
                0x1000cb80        0x4 CMakeFiles/rp2040_pwm_led.dir/C_/dev/pico-sdk/src/rp2_common/pico_runtime_init/runtime_init.c.obj
                0x1000cb80                __pre_init_runtime_init_early_resets
 .preinit_array.00101
                0x1000cb84        0x4 CMakeFiles/rp2040_pwm_led.dir/C_/dev/pico-sdk/src/rp2_common/pico_runtime_init/runtime_init.c.obj
                0x1000cb84                __pre_init_runtime_init_usb_power_down
 .preinit_array.00275
                0x1000cb88        0x4 CMakeFiles/rp2040_pwm_led.dir/C_/dev/pico-sdk/src/rp2_common/pico_bit_ops/bit_ops_aeabi.S.obj
 .preinit_array.00300
                0x1000cb8c        0x4 CMakeFiles/rp2040_pwm_led.dir/C_/dev/pico-sdk/src/rp2_common/pico_mem_ops/mem_ops_aeabi.S.obj
 .preinit_array.00350
                0x1000cb90        0x4 CMakeFiles/rp2040_pwm_led.dir/C_/dev/pico-sdk/src/rp2_common/pico_double/double_aeabi_rp2040.S.obj
 .preinit_array.00350
                0x1000cb94        0x4 CMakeFiles/rp2040_pwm_led.dir/C_/dev/pico-sdk/src/rp2_common/pico_float/float_aeabi_rp2040.S.obj
 .preinit_array.00500
                0x1000cb98        0x4 CMakeFiles/rp2040_pwm_led.dir/C_/dev/pico-sdk/src/rp2_common/pico_runtime_init/runtime_init.c.obj
                0x1000cb98                __pre_init_runtime_init_clocks
 .preinit_array.00600
                0x1000cb9c        0x4 CMakeFiles/rp2040_pwm_led.dir/C_/dev/pico-sdk/src/rp2_common/pico_runtime_init/runtime_init.c.obj
                0x1000cb9c                __pre_init_runtime_init_post_clock_resets
 .preinit_array.00700
                0x1000cba0        0x4 CMakeFiles/rp2040_pwm_led.dir/C_/dev/pico-sdk/src/rp2_common/pico_runtime_init/runtime_init.c.obj
                0x1000cba0                __pre_init_runtime_init_rp2040_gpio_ie_disable
 .preinit_array.01000
                0x1000cba4        0x4 CMakeFiles/rp2040_pwm_led.dir/C_/dev/pico-sdk/src/rp2_common/pico_runtime_init/runtime_init.c.obj
                0x1000cba4                __pre_init_runtime_init_spin_locks_reset
 .preinit_array.01100
                0x1000cba8        0x4 CMakeFiles/rp2040_pwm_led.dir/C_/dev/pico-sdk/src/common/pico_sync/mutex.c.obj
                0x1000cba8                __pre_init_runtime_init_mutex
 .preinit_array.10080
                0x1000cbac        0x4 CMakeFiles/rp2040_pwm_led.dir/C_/dev/pico-sdk/src/rp2_common/pico_runtime_init/runtime_init.c.obj
                0x1000cbac                __pre_init_runtime_init_install_ram_vector_table
 .preinit_array.11000
                0x1000cbb0        0x4 CMakeFiles/rp2040_pwm_led.dir/C_/dev/pico-sdk/src/common/pico_time/time.c.obj
                0x1000cbb0                __pre_init_runtime_init_default_alarm_pool
 .preinit_array.YYYYY
                0x1000cbb4        0x4 CMakeFiles/rp2040_pwm_led.dir/C_/dev/pico-sdk/src/rp2_common/pico_runtime/runtime.c.obj
                0x1000cbb4                __pre_init_first_per_core_initializer
 .preinit_array.ZZZZZ.01200
                0x1000cbb8        0x4 CMakeFiles/rp2040_pwm_led.dir/C_/dev/pico-sdk/src/rp2_common/hardware_irq/irq.c.obj
                0x1000cbb8                __pre_init_runtime_init_per_core_irq_priorities
 *(.preinit_array)
                0x1000cbbc                        PROVIDE (__preinit_array_end = .)
                0x1000cbbc                        . = ALIGN (0x4)
                0x1000cbbc                        PROVIDE (__init_array_start = .)
 *(SORT_BY_NAME(.init_array.*))
 .init_array.01000
                0x1000cbbc        0x4 CMakeFiles/rp2040_pwm_led.dir/C_/dev/pico-sdk/src/rp2_common/pico_unique_id/unique_id.c.obj
 *(.init_array)
 .init_array    0x1000cbc0        0x4 C:/PROGRA~2/ARMGNU~1/14EFD8~1.2RE/bin/../lib/gcc/arm-none-eabi/14.2.1/thumb/v6-m/nofp/crtbegin.o
                0x1000cbc4                        PROVIDE (__init_array_end = .)
                0x1000cbc4                        . = ALIGN (0x4)
                [!provide]                        PROVIDE (__fini_array_start = .)
 *(SORT_BY_NAME(.fini_array.*))
 *(.fini_array)
                [!provide]                        PROVIDE (__fini_array_end = .)
 *(.eh_frame*)
 .eh_frame      0x1000cbc4        0x0 C:/PROGRA~2/ARMGNU~1/14EFD8~1.2RE/bin/../lib/gcc/arm-none-eabi/14.2.1/thumb/v6-m/nofp/crtbegin.o
                0x1000cbc4                        . = ALIGN (0x4)

.glue_7         0x1000cbc4        0x0
 .glue_7        0x1000cbc4        0x0 linker stubs

.glue_7t        0x1000cbc4        0x0
 .glue_7t       0x1000cbc4        0x0 linker stubs

.vfp11_veneer   0x1000cbc4        0x0
 .vfp11_veneer  0x1000cbc4        0x0 linker stubs

.v4_bx          0x1000cbc4        0x0
 .v4_bx         0x1000cbc4        0x0 linker stubs

.iplt           0x1000cbc4        0x0
 .iplt          0x1000cbc4        0x0 C:/PROGRA~2/ARMGNU~1/14EFD8~1.2RE/bin/../lib/gcc/arm-none-eabi/14.2.1/thumb/v6-m/nofp/crtbegin.o

.rodata         0x1000cbc8     0x9a0c
 *(EXCLUDE_FILE(*libm.a: *libc.a:*lib_a-mem*.o *libgcc.a:) .rodata*)
 .rodata.parse_config.str1.4
                0x1000cbc8      0x336 CMakeFiles/rp2040_pwm_led.dir/msc_disk.c.obj
                                 0x7d (size before relaxing)
 .rodata.tud_msc_inquiry_cb.str1.4
                0x1000cefe       0x15 CMakeFiles/rp2040_pwm_led.dir/msc_disk.c.obj
 *fill*         0x1000cefe        0x2 
 .rodata.default_disk_image
                0x1000cf00     0x2000 CMakeFiles/rp2040_pwm_led.dir/msc_disk.c.obj
                0x1000cf00                default_disk_image
 .rodata.str1.4
                0x1000ef00       0x2c CMakeFiles/rp2040_pwm_led.dir/usb_descriptors.c.obj
 .rodata.__compound_literal.0
                0x1000ef00        0x2 CMakeFiles/rp2040_pwm_led.dir/usb_descriptors.c.obj
 *fill*         0x1000ef02        0x2 
 .rodata.desc_configuration
                0x1000ef04       0x20 CMakeFiles/rp2040_pwm_led.dir/usb_descriptors.c.obj
                0x1000ef04                desc_configuration
 .rodata.desc_device
                0x1000ef24       0x12 CMakeFiles/rp2040_pwm_led.dir/usb_descriptors.c.obj
                0x1000ef24                desc_device
 .rodata.panic.str1.4
                0x1000ef36       0x12 CMakeFiles/rp2040_pwm_led.dir/C_/dev/pico-sdk/src/rp2_common/pico_platform_panic/panic.c.obj
 .rodata.spin_lock_claim_unused.str1.4
                0x1000ef36       0x1b CMakeFiles/rp2040_pwm_led.dir/C_/dev/pico-sdk/src/rp2_common/hardware_sync/sync.c.obj
 .rodata.timer_hardware_alarm_claim.str1.4
                0x1000ef36       0x22 CMakeFiles/rp2040_pwm_led.dir/C_/dev/pico-sdk/src/rp2_common/hardware_timer/timer.c.obj
 .rodata.hard_assertion_failure.str1.4
                0x1000ef36        0xc CMakeFiles/rp2040_pwm_led.dir/C_/dev/pico-sdk/src/rp2_common/pico_runtime/runtime.c.obj
 .rodata.__wrap_malloc.str1.4
                0x1000ef36        0xe CMakeFiles/rp2040_pwm_led.dir/C_/dev/pico-sdk/src/rp2_common/pico_malloc/malloc.c.obj
 .rodata.str1.4
                0x1000ef36       0x44 CMakeFiles/rp2040_pwm_led.dir/C_/dev/pico-sdk/src/rp2_common/pico_standard_binary_info/standard_binary_info.c.obj
 *fill*         0x1000ef36        0x2 
 .rodata.__bi_84
                0x1000ef38        0xc CMakeFiles/rp2040_pwm_led.dir/C_/dev/pico-sdk/src/rp2_common/pico_standard_binary_info/standard_binary_info.c.obj
 .rodata.__bi_78
                0x1000ef44        0xc CMakeFiles/rp2040_pwm_led.dir/C_/dev/pico-sdk/src/rp2_common/pico_standard_binary_info/standard_binary_info.c.obj
 .rodata.__bi_54
                0x1000ef50        0xc CMakeFiles/rp2040_pwm_led.dir/C_/dev/pico-sdk/src/rp2_common/pico_standard_binary_info/standard_binary_info.c.obj
 .rodata.__bi_48
                0x1000ef5c        0xc CMakeFiles/rp2040_pwm_led.dir/C_/dev/pico-sdk/src/rp2_common/pico_standard_binary_info/standard_binary_info.c.obj
 .rodata.__bi_42
                0x1000ef68        0xc CMakeFiles/rp2040_pwm_led.dir/C_/dev/pico-sdk/src/rp2_common/pico_standard_binary_info/standard_binary_info.c.obj
 .rodata.__bi_34
                0x1000ef74        0xc CMakeFiles/rp2040_pwm_led.dir/C_/dev/pico-sdk/src/rp2_common/pico_standard_binary_info/standard_binary_info.c.obj
 .rodata.__bi_26
                0x1000ef80        0xc CMakeFiles/rp2040_pwm_led.dir/C_/dev/pico-sdk/src/rp2_common/pico_standard_binary_info/standard_binary_info.c.obj
 .rodata._ftoa.str1.4
                0x1000ef8c       0x15 CMakeFiles/rp2040_pwm_led.dir/C_/dev/pico-sdk/src/rp2_common/pico_printf/printf.c.obj
 .rodata._vsnprintf
                0x1000ef8c      0x19c CMakeFiles/rp2040_pwm_led.dir/C_/dev/pico-sdk/src/rp2_common/pico_printf/printf.c.obj
 .rodata.pow10.0
                0x1000f128       0x50 CMakeFiles/rp2040_pwm_led.dir/C_/dev/pico-sdk/src/rp2_common/pico_printf/printf.c.obj
 .rodata.__assert_func.str1.4
                0x1000f178       0x43 CMakeFiles/rp2040_pwm_led.dir/C_/dev/pico-sdk/src/rp2_common/pico_clib_interface/newlib_interface.c.obj
 .rodata.crlf_str.0
                0x1000f178        0x2 CMakeFiles/rp2040_pwm_led.dir/C_/dev/pico-sdk/src/rp2_common/pico_stdio/stdio.c.obj
 .rodata.str1.4
                0x1000f17a       0x23 CMakeFiles/rp2040_pwm_led.dir/C_/dev/pico-sdk/lib/tinyusb/src/portable/raspberrypi/rp2040/rp2040_usb.c.obj
 *fill*         0x1000f17a        0x2 
 .rodata        0x1000f17c       0x20 CMakeFiles/rp2040_pwm_led.dir/C_/dev/pico-sdk/lib/tinyusb/src/device/usbd.c.obj
 .rodata.tud_task_ext
                0x1000f19c       0x88 CMakeFiles/rp2040_pwm_led.dir/C_/dev/pico-sdk/lib/tinyusb/src/device/usbd.c.obj
 .rodata._usbd_driver
                0x1000f224       0x24 CMakeFiles/rp2040_pwm_led.dir/C_/dev/pico-sdk/lib/tinyusb/src/device/usbd.c.obj
 .rodata.mscd_xfer_cb
                0x1000f248       0x98 CMakeFiles/rp2040_pwm_led.dir/C_/dev/pico-sdk/lib/tinyusb/src/class/msc/msc_device.c.obj
 .rodata.str1.4
                0x1000f2e0        0x4 CMakeFiles/rp2040_pwm_led.dir/C_/dev/pico-sdk/lib/tinyusb/hw/bsp/rp2040/family.c.obj
 .rodata.__bi_192.0
                0x1000f2e0        0xc CMakeFiles/rp2040_pwm_led.dir/C_/dev/pico-sdk/lib/tinyusb/hw/bsp/rp2040/family.c.obj
 .rodata.__bi_202.1
                0x1000f2ec        0x8 CMakeFiles/rp2040_pwm_led.dir/C_/dev/pico-sdk/lib/tinyusb/hw/bsp/rp2040/family.c.obj
 .rodata._ctype_
                0x1000f2f4      0x101 C:/PROGRA~2/ARMGNU~1/14EFD8~1.2RE/bin/../lib/gcc/arm-none-eabi/14.2.1/thumb/v6-m/nofp\libg.a(libc_a-ctype_.o)
                0x1000f2f4                _ctype_
 .rodata.__ssvfscanf_r.str1.4
                0x1000f3f5        0x9 C:/PROGRA~2/ARMGNU~1/14EFD8~1.2RE/bin/../lib/gcc/arm-none-eabi/14.2.1/thumb/v6-m/nofp\libg.a(libc_a-svfscanf.o)
 *fill*         0x1000f3f5        0x3 
 .rodata.__ssvfscanf_r
                0x1000f3f8      0x3cc C:/PROGRA~2/ARMGNU~1/14EFD8~1.2RE/bin/../lib/gcc/arm-none-eabi/14.2.1/thumb/v6-m/nofp\libg.a(libc_a-svfscanf.o)
 .rodata.basefix.0
                0x1000f7c4       0x22 C:/PROGRA~2/ARMGNU~1/14EFD8~1.2RE/bin/../lib/gcc/arm-none-eabi/14.2.1/thumb/v6-m/nofp\libg.a(libc_a-svfscanf.o)
 .rodata.str1.4
                0x1000f7e6       0x4c C:/PROGRA~2/ARMGNU~1/14EFD8~1.2RE/bin/../lib/gcc/arm-none-eabi/14.2.1/thumb/v6-m/nofp\libg.a(libc_a-locale.o)
 .rodata._strtod_l.str1.4
                0x1000f7e6       0x15 C:/PROGRA~2/ARMGNU~1/14EFD8~1.2RE/bin/../lib/gcc/arm-none-eabi/14.2.1/thumb/v6-m/nofp\libg.a(libc_a-strtod.o)
 *fill*         0x1000f7e6        0x2 
 .rodata._strtod_l
                0x1000f7e8       0xd0 C:/PROGRA~2/ARMGNU~1/14EFD8~1.2RE/bin/../lib/gcc/arm-none-eabi/14.2.1/thumb/v6-m/nofp\libg.a(libc_a-strtod.o)
 .rodata.fpinan.0
                0x1000f8b8       0x14 C:/PROGRA~2/ARMGNU~1/14EFD8~1.2RE/bin/../lib/gcc/arm-none-eabi/14.2.1/thumb/v6-m/nofp\libg.a(libc_a-strtod.o)
 .rodata.fpi.1  0x1000f8cc       0x14 C:/PROGRA~2/ARMGNU~1/14EFD8~1.2RE/bin/../lib/gcc/arm-none-eabi/14.2.1/thumb/v6-m/nofp\libg.a(libc_a-strtod.o)
 .rodata.tinytens
                0x1000f8e0       0x28 C:/PROGRA~2/ARMGNU~1/14EFD8~1.2RE/bin/../lib/gcc/arm-none-eabi/14.2.1/thumb/v6-m/nofp\libg.a(libc_a-strtod.o)
 .rodata._mbrtowc_r.str1.4
                0x1000f908        0x1 C:/PROGRA~2/ARMGNU~1/14EFD8~1.2RE/bin/../lib/gcc/arm-none-eabi/14.2.1/thumb/v6-m/nofp\libg.a(libc_a-mbrtowc.o)
 .rodata.__jp2uc
                0x1000f908       0x20 C:/PROGRA~2/ARMGNU~1/14EFD8~1.2RE/bin/../lib/gcc/arm-none-eabi/14.2.1/thumb/v6-m/nofp\libg.a(libc_a-jp2uc.o)
 .rodata._jp2uc_l.str1.4
                0x1000f928       0x12 C:/PROGRA~2/ARMGNU~1/14EFD8~1.2RE/bin/../lib/gcc/arm-none-eabi/14.2.1/thumb/v6-m/nofp\libg.a(libc_a-jp2uc.o)
 .rodata.d02f4  0x1000f928     0x1a7c C:/PROGRA~2/ARMGNU~1/14EFD8~1.2RE/bin/../lib/gcc/arm-none-eabi/14.2.1/thumb/v6-m/nofp\libg.a(libc_a-jp2uc.o)
 .rodata.b02cf  0x100113a4     0x172a C:/PROGRA~2/ARMGNU~1/14EFD8~1.2RE/bin/../lib/gcc/arm-none-eabi/14.2.1/thumb/v6-m/nofp\libg.a(libc_a-jp2uc.o)
 *fill*         0x10012ace        0x2 
 .rodata.a8     0x10012ad0       0x40 C:/PROGRA~2/ARMGNU~1/14EFD8~1.2RE/bin/../lib/gcc/arm-none-eabi/14.2.1/thumb/v6-m/nofp\libg.a(libc_a-jp2uc.o)
 .rodata.a7     0x10012b10       0xa2 C:/PROGRA~2/ARMGNU~1/14EFD8~1.2RE/bin/../lib/gcc/arm-none-eabi/14.2.1/thumb/v6-m/nofp\libg.a(libc_a-jp2uc.o)
 *fill*         0x10012bb2        0x2 
 .rodata.a6     0x10012bb4       0x70 C:/PROGRA~2/ARMGNU~1/14EFD8~1.2RE/bin/../lib/gcc/arm-none-eabi/14.2.1/thumb/v6-m/nofp\libg.a(libc_a-jp2uc.o)
 .rodata.a3     0x10012c24       0x5b C:/PROGRA~2/ARMGNU~1/14EFD8~1.2RE/bin/../lib/gcc/arm-none-eabi/14.2.1/thumb/v6-m/nofp\libg.a(libc_a-jp2uc.o)
 *fill*         0x10012c7f        0x1 
 .rodata.a2     0x10012c80       0xbc C:/PROGRA~2/ARMGNU~1/14EFD8~1.2RE/bin/../lib/gcc/arm-none-eabi/14.2.1/thumb/v6-m/nofp\libg.a(libc_a-jp2uc.o)
 .rodata.a1     0x10012d3c       0xbc C:/PROGRA~2/ARMGNU~1/14EFD8~1.2RE/bin/../lib/gcc/arm-none-eabi/14.2.1/thumb/v6-m/nofp\libg.a(libc_a-jp2uc.o)
 .rodata.__gethex.str1.4
                0x10012df8       0x79 C:/PROGRA~2/ARMGNU~1/14EFD8~1.2RE/bin/../lib/gcc/arm-none-eabi/14.2.1/thumb/v6-m/nofp\libg.a(libc_a-gdtoa-gethex.o)
 .rodata.__hexdig
                0x10012df8      0x100 C:/PROGRA~2/ARMGNU~1/14EFD8~1.2RE/bin/../lib/gcc/arm-none-eabi/14.2.1/thumb/v6-m/nofp\libg.a(libc_a-gdtoa-gethex.o)
                0x10012df8                __hexdig
 .rodata.__multadd.str1.4
                0x10012ef8       0x6e C:/PROGRA~2/ARMGNU~1/14EFD8~1.2RE/bin/../lib/gcc/arm-none-eabi/14.2.1/thumb/v6-m/nofp\libg.a(libc_a-mprec.o)
 .rodata.p05.0  0x10012ef8        0xc C:/PROGRA~2/ARMGNU~1/14EFD8~1.2RE/bin/../lib/gcc/arm-none-eabi/14.2.1/thumb/v6-m/nofp\libg.a(libc_a-mprec.o)
 *fill*         0x10012f04        0x4 
 .rodata.__mprec_bigtens
                0x10012f08       0x28 C:/PROGRA~2/ARMGNU~1/14EFD8~1.2RE/bin/../lib/gcc/arm-none-eabi/14.2.1/thumb/v6-m/nofp\libg.a(libc_a-mprec.o)
                0x10012f08                __mprec_bigtens
 .rodata.__mprec_tens
                0x10012f30       0xc8 C:/PROGRA~2/ARMGNU~1/14EFD8~1.2RE/bin/../lib/gcc/arm-none-eabi/14.2.1/thumb/v6-m/nofp\libg.a(libc_a-mprec.o)
                0x10012f30                __mprec_tens
 .rodata.categories
                0x10012ff8     0x35dc C:/PROGRA~2/ARMGNU~1/14EFD8~1.2RE/bin/../lib/gcc/arm-none-eabi/14.2.1/thumb/v6-m/nofp\libg.a(libc_a-categories.o)
                0x100165d4                        . = ALIGN (0x4)
 *(SORT_BY_ALIGNMENT(SORT_BY_NAME(.flashdata*)))
                0x100165d4                        . = ALIGN (0x4)

.ARM.extab
 *(.ARM.extab* .gnu.linkonce.armextab.*)
                0x100165d4                        __exidx_start = .

.ARM.exidx
 *(.ARM.exidx* .gnu.linkonce.armexidx.*)
                0x100165d4                        __exidx_end = .
                0x100165d4                        . = ALIGN (0x4)
                0x100165d4                        __binary_info_start = .

.binary_info    0x100165d4       0x24
 *(.binary_info.keep.*)
 .binary_info.keep.__bi_ptr84
                0x100165d4        0x4 CMakeFiles/rp2040_pwm_led.dir/C_/dev/pico-sdk/src/rp2_common/pico_standard_binary_info/standard_binary_info.c.obj
 .binary_info.keep.__bi_ptr78
                0x100165d8        0x4 CMakeFiles/rp2040_pwm_led.dir/C_/dev/pico-sdk/src/rp2_common/pico_standard_binary_info/standard_binary_info.c.obj
 .binary_info.keep.__bi_ptr54
                0x100165dc        0x4 CMakeFiles/rp2040_pwm_led.dir/C_/dev/pico-sdk/src/rp2_common/pico_standard_binary_info/standard_binary_info.c.obj
 .binary_info.keep.__bi_ptr48
                0x100165e0        0x4 CMakeFiles/rp2040_pwm_led.dir/C_/dev/pico-sdk/src/rp2_common/pico_standard_binary_info/standard_binary_info.c.obj
 .binary_info.keep.__bi_ptr42
                0x100165e4        0x4 CMakeFiles/rp2040_pwm_led.dir/C_/dev/pico-sdk/src/rp2_common/pico_standard_binary_info/standard_binary_info.c.obj
 .binary_info.keep.__bi_ptr34
                0x100165e8        0x4 CMakeFiles/rp2040_pwm_led.dir/C_/dev/pico-sdk/src/rp2_common/pico_standard_binary_info/standard_binary_info.c.obj
 .binary_info.keep.__bi_ptr26
                0x100165ec        0x4 CMakeFiles/rp2040_pwm_led.dir/C_/dev/pico-sdk/src/rp2_common/pico_standard_binary_info/standard_binary_info.c.obj
 .binary_info.keep.__bi_ptr202
                0x100165f0        0x4 CMakeFiles/rp2040_pwm_led.dir/C_/dev/pico-sdk/lib/tinyusb/hw/bsp/rp2040/family.c.obj
 .binary_info.keep.__bi_ptr192
                0x100165f4        0x4 CMakeFiles/rp2040_pwm_led.dir/C_/dev/pico-sdk/lib/tinyusb/hw/bsp/rp2040/family.c.obj
 *(.binary_info.*)
                0x100165f8                        __binary_info_end = .
                0x100165f8                        . = ALIGN (0x4)

.ram_vector_table
                0x20000000       0xc0
 *(.ram_vector_table)
 .ram_vector_table
                0x20000000       0xc0 CMakeFiles/rp2040_pwm_led.dir/C_/dev/pico-sdk/src/rp2_common/pico_runtime_init/runtime_init.c.obj
                0x20000000                ram_vector_table

.uninitialized_data
                0x200000c0        0x0
                0x200000c0                        . = ALIGN (0x4)
 *(.uninitialized_data*)

.data           0x200000c0     0x170c load address 0x100165f8
                0x200000c0                        __data_start__ = .
 *(vtable)
 *(.time_critical*)
 .time_critical.mutex_try_enter_block_until
                0x200000c0       0x98 CMakeFiles/rp2040_pwm_led.dir/C_/dev/pico-sdk/src/common/pico_sync/mutex.c.obj
                0x200000c0                mutex_try_enter_block_until
 .time_critical.mutex_enter_timeout_ms
                0x20000158       0x8c CMakeFiles/rp2040_pwm_led.dir/C_/dev/pico-sdk/src/common/pico_sync/mutex.c.obj
                0x20000158                mutex_enter_timeout_ms
 .time_critical.mutex_exit
                0x200001e4       0x28 CMakeFiles/rp2040_pwm_led.dir/C_/dev/pico-sdk/src/common/pico_sync/mutex.c.obj
                0x200001e4                mutex_exit
 .time_critical.flash_init_boot2_copyout
                0x2000020c       0x30 CMakeFiles/rp2040_pwm_led.dir/C_/dev/pico-sdk/src/rp2_common/hardware_flash/flash.c.obj
 .time_critical.flash_enable_xip_via_boot2
                0x2000023c        0xc CMakeFiles/rp2040_pwm_led.dir/C_/dev/pico-sdk/src/rp2_common/hardware_flash/flash.c.obj
 .time_critical.flash_save_hardware_state
                0x20000248       0x20 CMakeFiles/rp2040_pwm_led.dir/C_/dev/pico-sdk/src/rp2_common/hardware_flash/flash.c.obj
 .time_critical.flash_restore_hardware_state
                0x20000268       0x20 CMakeFiles/rp2040_pwm_led.dir/C_/dev/pico-sdk/src/rp2_common/hardware_flash/flash.c.obj
 .time_critical.flash_cs_force
                0x20000288       0x38 CMakeFiles/rp2040_pwm_led.dir/C_/dev/pico-sdk/src/rp2_common/hardware_flash/flash.c.obj
 .time_critical.flash_range_erase
                0x200002c0       0x90 CMakeFiles/rp2040_pwm_led.dir/C_/dev/pico-sdk/src/rp2_common/hardware_flash/flash.c.obj
                0x200002c0                flash_range_erase
 .time_critical.flash_range_program
                0x20000350       0x90 CMakeFiles/rp2040_pwm_led.dir/C_/dev/pico-sdk/src/rp2_common/hardware_flash/flash.c.obj
                0x20000350                flash_range_program
 .time_critical.flash_do_cmd
                0x200003e0      0x13c CMakeFiles/rp2040_pwm_led.dir/C_/dev/pico-sdk/src/rp2_common/hardware_flash/flash.c.obj
                0x200003e0                flash_do_cmd
 .time_critical.reset_non_control_endpoints
                0x2000051c       0x68 CMakeFiles/rp2040_pwm_led.dir/C_/dev/pico-sdk/lib/tinyusb/src/portable/raspberrypi/rp2040/dcd_rp2040.c.obj
 .time_critical.handle_hw_buff_status
                0x20000584      0x14c CMakeFiles/rp2040_pwm_led.dir/C_/dev/pico-sdk/lib/tinyusb/src/portable/raspberrypi/rp2040/dcd_rp2040.c.obj
 .time_critical.dcd_rp2040_irq
                0x200006d0      0x2e0 CMakeFiles/rp2040_pwm_led.dir/C_/dev/pico-sdk/lib/tinyusb/src/portable/raspberrypi/rp2040/dcd_rp2040.c.obj
 .time_critical.bufctrl_sync16
                0x200009b0       0x3c CMakeFiles/rp2040_pwm_led.dir/C_/dev/pico-sdk/lib/tinyusb/src/portable/raspberrypi/rp2040/rp2040_usb.c.obj
 .time_critical.e15_is_critical_frame_period
                0x200009ec       0x28 CMakeFiles/rp2040_pwm_led.dir/C_/dev/pico-sdk/lib/tinyusb/src/portable/raspberrypi/rp2040/rp2040_usb.c.obj
 .time_critical.rp2usb_reset_transfer
                0x20000a14        0xc CMakeFiles/rp2040_pwm_led.dir/C_/dev/pico-sdk/lib/tinyusb/src/portable/raspberrypi/rp2040/rp2040_usb.c.obj
                0x20000a14                rp2usb_reset_transfer
 .time_critical.bufctrl_write32
                0x20000a20       0x44 CMakeFiles/rp2040_pwm_led.dir/C_/dev/pico-sdk/lib/tinyusb/src/portable/raspberrypi/rp2040/rp2040_usb.c.obj
                0x20000a20                bufctrl_write32
 .time_critical.bufctrl_write16
                0x20000a64       0x40 CMakeFiles/rp2040_pwm_led.dir/C_/dev/pico-sdk/lib/tinyusb/src/portable/raspberrypi/rp2040/rp2040_usb.c.obj
                0x20000a64                bufctrl_write16
 .time_critical.bufctrl_prepare16
                0x20000aa4       0x6c CMakeFiles/rp2040_pwm_led.dir/C_/dev/pico-sdk/lib/tinyusb/src/portable/raspberrypi/rp2040/rp2040_usb.c.obj
                0x20000aa4                bufctrl_prepare16
 .time_critical.rp2usb_buffer_start
                0x20000b10       0x68 CMakeFiles/rp2040_pwm_led.dir/C_/dev/pico-sdk/lib/tinyusb/src/portable/raspberrypi/rp2040/rp2040_usb.c.obj
                0x20000b10                rp2usb_buffer_start
 .time_critical.rp2usb_xfer_continue
                0x20000b78      0x1d8 CMakeFiles/rp2040_pwm_led.dir/C_/dev/pico-sdk/lib/tinyusb/src/portable/raspberrypi/rp2040/rp2040_usb.c.obj
                0x20000b78                rp2usb_xfer_continue
 .time_critical.tinyusb
                0x20000d50      0x224 CMakeFiles/rp2040_pwm_led.dir/C_/dev/pico-sdk/lib/tinyusb/src/device/usbd.c.obj
                0x20000d50                dcd_event_handler
 *(.text*)
 .text          0x20000f74        0x4 C:/PROGRA~2/ARMGNU~1/14EFD8~1.2RE/bin/../lib/gcc/arm-none-eabi/14.2.1/thumb/v6-m/nofp\libgcc.a(_dvmd_tls.o)
                0x20000f74                __aeabi_idiv0
                0x20000f74                __aeabi_ldiv0
 .text.__stub   0x20000f78       0xa0 linker stubs
                0x20001018                        . = ALIGN (0x4)
 *(.rodata*)
                0x20001018                        . = ALIGN (0x4)
 *(.data*)
 .data.dmx_channel
                0x20001018        0x4 CMakeFiles/rp2040_pwm_led.dir/main.c.obj
                0x20001018                dmx_channel
 .data.cfg_dmx_start_address
                0x2000101c        0x2 CMakeFiles/rp2040_pwm_led.dir/msc_disk.c.obj
                0x2000101c                cfg_dmx_start_address
 .data.cfg_tilt_range
                0x2000101e        0x2 CMakeFiles/rp2040_pwm_led.dir/msc_disk.c.obj
                0x2000101e                cfg_tilt_range
 .data.cfg_pan_range
                0x20001020        0x2 CMakeFiles/rp2040_pwm_led.dir/msc_disk.c.obj
                0x20001020                cfg_pan_range
 .data.cfg_tilt_center
                0x20001022        0x2 CMakeFiles/rp2040_pwm_led.dir/msc_disk.c.obj
                0x20001022                cfg_tilt_center
 .data.cfg_pan_center
                0x20001024        0x2 CMakeFiles/rp2040_pwm_led.dir/msc_disk.c.obj
                0x20001024                cfg_pan_center
 *fill*         0x20001026        0x2 
 .data.string_desc_arr
                0x20001028       0x14 CMakeFiles/rp2040_pwm_led.dir/usb_descriptors.c.obj
                0x20001028                string_desc_arr
 .data.striped_spin_lock_num
                0x2000103c        0x1 CMakeFiles/rp2040_pwm_led.dir/C_/dev/pico-sdk/src/rp2_common/hardware_sync/sync.c.obj
 *fill*         0x2000103d        0x3 
 .data          0x20001040       0x48 CMakeFiles/rp2040_pwm_led.dir/C_/dev/pico-sdk/src/rp2_common/hardware_irq/irq_handler_chain.S.obj
                0x20001040                irq_handler_chain_slots
                0x20001070                irq_handler_chain_first_slot
                0x2000107a                irq_handler_chain_remove_tail
 .data.default_alarm_pool
                0x20001088       0x18 CMakeFiles/rp2040_pwm_led.dir/C_/dev/pico-sdk/src/common/pico_time/time.c.obj
 .data.aeabi_bits_funcs
                0x200010a0       0x10 CMakeFiles/rp2040_pwm_led.dir/C_/dev/pico-sdk/src/rp2_common/pico_bit_ops/bit_ops_aeabi.S.obj
                0x200010a0                aeabi_bits_funcs
                0x200010b0                aeabi_bits_funcs_end
 .data.aeabi_mem_funcs
                0x200010b0       0x10 CMakeFiles/rp2040_pwm_led.dir/C_/dev/pico-sdk/src/rp2_common/pico_mem_ops/mem_ops_aeabi.S.obj
                0x200010b0                aeabi_mem_funcs
                0x200010c0                aeabi_mem_funcs_end
 .data.stdio_uart
                0x200010c0       0x18 CMakeFiles/rp2040_pwm_led.dir/C_/dev/pico-sdk/src/rp2_common/pico_stdio_uart/stdio_uart.c.obj
                0x200010c0                stdio_uart
 .data.rp2040_chipversion
                0x200010d8        0x1 CMakeFiles/rp2040_pwm_led.dir/C_/dev/pico-sdk/lib/tinyusb/src/portable/raspberrypi/rp2040/rp2040_usb.c.obj
 *fill*         0x200010d9        0x3 
 .data._usbd_qdef
                0x200010dc       0x20 CMakeFiles/rp2040_pwm_led.dir/C_/dev/pico-sdk/lib/tinyusb/src/device/usbd.c.obj
                0x200010dc                _usbd_qdef
 .data._usbd_rhport
                0x200010fc        0x1 CMakeFiles/rp2040_pwm_led.dir/C_/dev/pico-sdk/lib/tinyusb/src/device/usbd.c.obj
 *fill*         0x200010fd        0x3 
 .data.__malloc_sbrk_base
                0x20001100        0x4 C:/PROGRA~2/ARMGNU~1/14EFD8~1.2RE/bin/../lib/gcc/arm-none-eabi/14.2.1/thumb/v6-m/nofp\libg.a(libc_a-mallocr.o)
                0x20001100                __malloc_sbrk_base
 .data.__malloc_trim_threshold
                0x20001104        0x4 C:/PROGRA~2/ARMGNU~1/14EFD8~1.2RE/bin/../lib/gcc/arm-none-eabi/14.2.1/thumb/v6-m/nofp\libg.a(libc_a-mallocr.o)
                0x20001104                __malloc_trim_threshold
 .data.__malloc_av_
                0x20001108      0x408 C:/PROGRA~2/ARMGNU~1/14EFD8~1.2RE/bin/../lib/gcc/arm-none-eabi/14.2.1/thumb/v6-m/nofp\libg.a(libc_a-mallocr.o)
                0x20001108                __malloc_av_
 .data._impure_ptr
                0x20001510        0x4 C:/PROGRA~2/ARMGNU~1/14EFD8~1.2RE/bin/../lib/gcc/arm-none-eabi/14.2.1/thumb/v6-m/nofp\libg.a(libc_a-impure.o)
                0x20001510                _impure_ptr
 *fill*         0x20001514        0x4 
 .data._impure_data
                0x20001518      0x140 C:/PROGRA~2/ARMGNU~1/14EFD8~1.2RE/bin/../lib/gcc/arm-none-eabi/14.2.1/thumb/v6-m/nofp\libg.a(libc_a-impure.o)