Archive member included to satisfy reference by file (symbol)

C:/PROGRA~2/ARMGNU~1/14EFD8~1.2RE/bin/../lib/gcc/arm-none-eabi/14.2.1/thumb/v6-m/nofp\libgcc.a(_dvmd_tls.o)
                              CMakeFiles/rp2040_pwm_led.dir/C_/dev/pico-sdk/src/rp2_common/pico_divider/divider_hardware.S.obj (__aeabi_idiv0)
C:/PROGRA~2/ARMGNU~1/14EFD8~1.2RE/bin/../lib/gcc/arm-none-eabi/14.2.1/thumb/v6-m/nofp\libg.a(libc_a-calloc.o)
                              CMakeFiles/rp2040_pwm_led.dir/C_/dev/pico-sdk/src/rp2_common/pico_malloc/malloc.c.obj (calloc)
C:/PROGRA~2/ARMGNU~1/14EFD8~1.2RE/bin/../lib/gcc/arm-none-eabi/14.2.1/thumb/v6-m/nofp\libg.a(libc_a-callocr.o)
                              C:/PROGRA~2/ARMGNU~1/14EFD8~1.2RE/bin/../lib/gcc/arm-none-eabi/14.2.1/thumb/v6-m/nofp\libg.a(libc_a-calloc.o) (_calloc_r)
C:/PROGRA~2/ARMGNU~1/14EFD8~1.2RE/bin/../lib/gcc/arm-none-eabi/14.2.1/thumb/v6-m/nofp\libg.a(libc_a-malloc.o)
                              CMakeFiles/rp2040_pwm_led.dir/C_/dev/pico-sdk/src/rp2_common/pico_malloc/malloc.c.obj (malloc)
C:/PROGRA~2/ARMGNU~1/14EFD8~1.2RE/bin/../lib/gcc/arm-none-eabi/14.2.1/thumb/v6-m/nofp\libg.a(libc_a-mallocr.o)
                              C:/PROGRA~2/ARMGNU~1/14EFD8~1.2RE/bin/../lib/gcc/arm-none-eabi/14.2.1/thumb/v6-m/nofp\libg.a(libc_a-callocr.o) (_malloc_r)
C:/PROGRA~2/ARMGNU~1/14EFD8~1.2RE/bin/../lib/gcc/arm-none-eabi/14.2.1/thumb/v6-m/nofp\libg.a(libc_a-mlock.o)
                              C:/PROGRA~2/ARMGNU~1/14EFD8~1.2RE/bin/../lib/gcc/arm-none-eabi/14.2.1/thumb/v6-m/nofp\libg.a(libc_a-mallocr.o) (__malloc_lock)
C:/PROGRA~2/ARMGNU~1/14EFD8~1.2RE/bin/../lib/gcc/arm-none-eabi/14.2.1/thumb/v6-m/nofp\libg.a(libc_a-realloc.o)
                              CMakeFiles/rp2040_pwm_led.dir/C_/dev/pico-sdk/src/rp2_common/pico_malloc/malloc.c.obj (realloc)
C:/PROGRA~2/ARMGNU~1/14EFD8~1.2RE/bin/../lib/gcc/arm-none-eabi/14.2.1/thumb/v6-m/nofp\libg.a(libc_a-reallocr.o)
                              C:/PROGRA~2/ARMGNU~1/14EFD8~1.2RE/bin/../lib/gcc/arm-none-eabi/14.2.1/thumb/v6-m/nofp\libg.a(libc_a-realloc.o) (_realloc_r)
C:/PROGRA~2/ARMGNU~1/14EFD8~1.2RE/bin/../lib/gcc/arm-none-eabi/14.2.1/thumb/v6-m/nofp\libg.a(libc_a-memcmp.o)
                              CMakeFiles/rp2040_pwm_led.dir/C_/dev/pico-sdk/src/rp2_common/pico_atomic/atomic.c.obj (memcmp)
C:/PROGRA~2/ARMGNU~1/14EFD8~1.2RE/bin/../lib/gcc/arm-none-eabi/14.2.1/thumb/v6-m/nofp\libg.a(libc_a-memmove.o)
                              C:/PROGRA~2/ARMGNU~1/14EFD8~1.2RE/bin/../lib/gcc/arm-none-eabi/14.2.1/thumb/v6-m/nofp\libg.a(libc_a-reallocr.o) (memmove)
C:/PROGRA~2/ARMGNU~1/14EFD8~1.2RE/bin/../lib/gcc/arm-none-eabi/14.2.1/thumb/v6-m/nofp\libg.a(libc_a-lcltime_r.o)
                              CMakeFiles/rp2040_pwm_led.dir/C_/dev/pico-sdk/src/common/pico_util/datetime.c.obj (localtime_r)
C:/PROGRA~2/ARMGNU~1/14EFD8~1.2RE/bin/../lib/gcc/arm-none-eabi/14.2.1/thumb/v6-m/nofp\libg.a(libc_a-mktime.o)
                              CMakeFiles/rp2040_pwm_led.dir/C_/dev/pico-sdk/src/common/pico_util/datetime.c.obj (mktime)
C:/PROGRA~2/ARMGNU~1/14EFD8~1.2RE/bin/../lib/gcc/arm-none-eabi/14.2.1/thumb/v6-m/nofp\libg.a(libc_a-month_lengths.o)
                              C:/PROGRA~2/ARMGNU~1/14EFD8~1.2RE/bin/../lib/gcc/arm-none-eabi/14.2.1/thumb/v6-m/nofp\libg.a(libc_a-lcltime_r.o) (__month_lengths)
C:/PROGRA~2/ARMGNU~1/14EFD8~1.2RE/bin/../lib/gcc/arm-none-eabi/14.2.1/thumb/v6-m/nofp\libg.a(libc_a-tzcalc_limits.o)
                              C:/PROGRA~2/ARMGNU~1/14EFD8~1.2RE/bin/../lib/gcc/arm-none-eabi/14.2.1/thumb/v6-m/nofp\libg.a(libc_a-lcltime_r.o) (__tzcalc_limits)
C:/PROGRA~2/ARMGNU~1/14EFD8~1.2RE/bin/../lib/gcc/arm-none-eabi/14.2.1/thumb/v6-m/nofp\libg.a(libc_a-tzlock.o)
                              C:/PROGRA~2/ARMGNU~1/14EFD8~1.2RE/bin/../lib/gcc/arm-none-eabi/14.2.1/thumb/v6-m/nofp\libg.a(libc_a-lcltime_r.o) (__tz_lock)
C:/PROGRA~2/ARMGNU~1/14EFD8~1.2RE/bin/../lib/gcc/arm-none-eabi/14.2.1/thumb/v6-m/nofp\libg.a(libc_a-tzset.o)
                              C:/PROGRA~2/ARMGNU~1/14EFD8~1.2RE/bin/../lib/gcc/arm-none-eabi/14.2.1/thumb/v6-m/nofp\libg.a(libc_a-lcltime_r.o) (_tzset_unlocked)
C:/PROGRA~2/ARMGNU~1/14EFD8~1.2RE/bin/../lib/gcc/arm-none-eabi/14.2.1/thumb/v6-m/nofp\libg.a(libc_a-tzset_r.o)
                              C:/PROGRA~2/ARMGNU~1/14EFD8~1.2RE/bin/../lib/gcc/arm-none-eabi/14.2.1/thumb/v6-m/nofp\libg.a(libc_a-tzset.o) (_tzset_unlocked_r)
C:/PROGRA~2/ARMGNU~1/14EFD8~1.2RE/bin/../lib/gcc/arm-none-eabi/14.2.1/thumb/v6-m/nofp\libg.a(libc_a-tzvars.o)
                              C:/PROGRA~2/ARMGNU~1/14EFD8~1.2RE/bin/../lib/gcc/arm-none-eabi/14.2.1/thumb/v6-m/nofp\libg.a(libc_a-tzset_r.o) (_timezone)
C:/PROGRA~2/ARMGNU~1/14EFD8~1.2RE/bin/../lib/gcc/arm-none-eabi/14.2.1/thumb/v6-m/nofp\libg.a(libc_a-impure.o)
                              C:/PROGRA~2/ARMGNU~1/14EFD8~1.2RE/bin/../lib/gcc/arm-none-eabi/14.2.1/thumb/v6-m/nofp\libg.a(libc_a-calloc.o) (_impure_ptr)
[...]
Memory Configuration

Name             Origin             Length             Attributes
FLASH            0x10000000         0x00200000         xr
RAM              0x20000000         0x00040000         xrw
SCRATCH_X        0x20040000         0x00001000         xrw
SCRATCH_Y        0x20041000         0x00001000         xrw
*default*        0x00000000         0xffffffff

Linker script and memory map

LOAD C:/PROGRA~2/ARMGNU~1/14EFD8~1.2RE/bin/../lib/gcc/arm-none-eabi/14.2.1/thumb/v6-m/nofp/crti.o
LOAD C:/PROGRA~2/ARMGNU~1/14EFD8~1.2RE/bin/../lib/gcc/arm-none-eabi/14.2.1/thumb/v6-m/nofp/crtbegin.o
LOAD C:/PROGRA~2/ARMGNU~1/14EFD8~1.2RE/bin/../lib/gcc/arm-none-eabi/14.2.1/thumb/v6-m/nofp/crt0.o

.flash_begin    0x10000000        0x0
                0x10000000                        __flash_binary_start = .

.boot2          0x10000000      0x100
                0x10000000                        __boot2_start__ = .
 *(.boot2)
 .boot2         0x10000000      0x100 pico-sdk/src/rp2040/boot_stage2/CMakeFiles/bs2_default_library.dir/./bs2_default_padded_checksummed.S.obj
                0x10000100                        __boot2_end__ = .
                0x00000001                        ASSERT (((__boot2_end__ - __boot2_start__) == 0x100), ERROR: Pico second stage bootloader must be 256 bytes in size)

.text           0x10000100     0x1ed0
                0x10000100                        __logical_binary_start = .
 *(.vectors)
 .vectors       0x10000100       0xd4 CMakeFiles/rp2040_pwm_led.dir/C_/dev/pico-sdk/src/rp2_common/pico_crt0/crt0.S.obj
                0x10000100                __VECTOR_TABLE
                0x10000100                __vectors
                0x100001c0                isr_irq13
                0x100001c0                isr_irq27
                0x100001c0                isr_irq31
                0x100001c0                isr_irq12
                0x100001c0                isr_irq5
                0x100001c0                isr_irq11
                0x100001c0                isr_irq3
                0x100001c0                isr_irq23
                0x100001c0                __unhandled_user_irq
                0x100001c0                isr_irq26
                0x100001c0                isr_irq28
                0x100001c0                isr_irq19
                0x100001c0                isr_irq0
                0x100001c0                isr_irq6
                0x100001c0                isr_irq29
                0x100001c0                isr_irq16
                0x100001c0                isr_irq22
                0x100001c0                isr_irq18
                0x100001c0                isr_irq17
                0x100001c0                isr_irq14
                0x100001c0                __vectors_end
                0x100001c0                __default_isrs_start
                0x100001c0                isr_irq2
                0x100001c0                isr_irq10
                0x100001c0                isr_irq8
                0x100001c0                isr_irq24
                0x100001c0                isr_irq1
                0x100001c0                isr_irq7
                0x100001c0                isr_irq21
                0x100001c0                isr_irq20
                0x100001c0                isr_irq15
                0x100001c0                isr_irq25
                0x100001c0                isr_irq4
                0x100001c0                isr_irq30
                0x100001c0                isr_irq9
                0x100001c6                unhandled_user_irq_num_in_r0
                0x100001c8                isr_invalid
                0x100001ca                isr_nmi
                0x100001cc                isr_hardfault
                0x100001ce                isr_svcall
                0x100001d0                isr_pendsv
                0x100001d2                isr_systick
                0x100001d4                __default_isrs_end
 *(.binary_info_header)
 .binary_info_header
                0x100001d4       0x14 CMakeFiles/rp2040_pwm_led.dir/C_/dev/pico-sdk/src/rp2_common/pico_crt0/crt0.S.obj
                0x100001e8                        __binary_info_header_end = .
 *(.embedded_block)
                0x100001e8                        __embedded_block_end = .
 *(.reset)
 .reset         0x100001e8       0x9c CMakeFiles/rp2040_pwm_led.dir/C_/dev/pico-sdk/src/rp2_common/pico_crt0/crt0.S.obj
                0x100001e8                _entry_point
 *(.init)
 .init          0x10000284        0x4 C:/PROGRA~2/ARMGNU~1/14EFD8~1.2RE/bin/../lib/gcc/arm-none-eabi/14.2.1/thumb/v6-m/nofp/crti.o
                0x10000284                _init
 *(EXCLUDE_FILE(*libm.a: *libc.a:*lib_a-mem*.o *libgcc.a:) .text*)
 .text.register_tm_clones
                0x10000288       0x28 C:/PROGRA~2/ARMGNU~1/14EFD8~1.2RE/bin/../lib/gcc/arm-none-eabi/14.2.1/thumb/v6-m/nofp/crtbegin.o
 .text.frame_dummy
                0x100002b0       0x24 C:/PROGRA~2/ARMGNU~1/14EFD8~1.2RE/bin/../lib/gcc/arm-none-eabi/14.2.1/thumb/v6-m/nofp/crtbegin.o
 .text.startup.main
                0x100002d4      0x180 CMakeFiles/rp2040_pwm_led.dir/main.c.obj
                0x100002d4                main
 .text.gpio_set_function
                0x10000454       0x34 CMakeFiles/rp2040_pwm_led.dir/C_/dev/pico-sdk/src/rp2_common/hardware_gpio/gpio.c.obj
                0x10000454                gpio_set_function
 .text.panic    0x10000488       0x30 CMakeFiles/rp2040_pwm_led.dir/C_/dev/pico-sdk/src/rp2_common/pico_platform_panic/panic.c.obj
                0x10000488                panic
 .text.hw_claim_or_assert
                0x100004b8       0x44 CMakeFiles/rp2040_pwm_led.dir/C_/dev/pico-sdk/src/common/hardware_claim/claim.c.obj
                0x100004b8                hw_claim_or_assert
 .text.next_striped_spin_lock_num
                0x100004fc       0x18 CMakeFiles/rp2040_pwm_led.dir/C_/dev/pico-sdk/src/rp2_common/hardware_sync/sync.c.obj
                0x100004fc                next_striped_spin_lock_num
 .text.spin_locks_reset
                0x10000514       0x1c CMakeFiles/rp2040_pwm_led.dir/C_/dev/pico-sdk/src/rp2_common/hardware_sync_spin_lock/sync_spin_lock.c.obj
                0x10000514                spin_locks_reset
 .text.runtime_init_per_core_irq_priorities
                0x10000530       0x24 CMakeFiles/rp2040_pwm_led.dir/C_/dev/pico-sdk/src/rp2_common/hardware_irq/irq.c.obj
                0x10000530                runtime_init_per_core_irq_priorities
 .text.irq_set_enabled
                0x10000554       0x24 CMakeFiles/rp2040_pwm_led.dir/C_/dev/pico-sdk/src/rp2_common/hardware_irq/irq.c.obj
                0x10000554                irq_set_enabled
 .text.irq_set_exclusive_handler
                0x10000578       0x54 CMakeFiles/rp2040_pwm_led.dir/C_/dev/pico-sdk/src/rp2_common/hardware_irq/irq.c.obj
                0x10000578                irq_set_exclusive_handler
 .text.lock_init
                0x100005cc       0x10 CMakeFiles/rp2040_pwm_led.dir/C_/dev/pico-sdk/src/common/pico_sync/lock_core.c.obj
                0x100005cc                lock_init
 .text.runtime_init_mutex
                0x100005dc       0x50 CMakeFiles/rp2040_pwm_led.dir/C_/dev/pico-sdk/src/common/pico_sync/mutex.c.obj
                0x100005dc                runtime_init_mutex
 .text.sleep_until_callback
                0x1000062c       0x30 CMakeFiles/rp2040_pwm_led.dir/C_/dev/pico-sdk/src/common/pico_time/time.c.obj
 .text.alarm_pool_irq_handler
                0x1000065c      0x300 CMakeFiles/rp2040_pwm_led.dir/C_/dev/pico-sdk/src/common/pico_time/time.c.obj
 .text.runtime_init_default_alarm_pool
                0x1000095c       0xdc CMakeFiles/rp2040_pwm_led.dir/C_/dev/pico-sdk/src/common/pico_time/time.c.obj
                0x1000095c                runtime_init_default_alarm_pool
 .text.alarm_pool_add_alarm_at_force_in_context
                0x10000a38       0xb0 CMakeFiles/rp2040_pwm_led.dir/C_/dev/pico-sdk/src/common/pico_time/time.c.obj
                0x10000a38                alarm_pool_add_alarm_at_force_in_context
 .text.alarm_pool_cancel_alarm
                0x10000ae8       0x74 CMakeFiles/rp2040_pwm_led.dir/C_/dev/pico-sdk/src/common/pico_time/time.c.obj
                0x10000ae8                alarm_pool_cancel_alarm
 .text.sleep_ms
                0x10000b5c       0xfc CMakeFiles/rp2040_pwm_led.dir/C_/dev/pico-sdk/src/common/pico_time/time.c.obj
                0x10000b5c                sleep_ms
 .text.best_effort_wfe_or_timeout
                0x10000c58      0x10c CMakeFiles/rp2040_pwm_led.dir/C_/dev/pico-sdk/src/common/pico_time/time.c.obj
                0x10000c58                best_effort_wfe_or_timeout
 .text.timer_hardware_alarm_claim
                0x10000d64       0x14 CMakeFiles/rp2040_pwm_led.dir/C_/dev/pico-sdk/src/rp2_common/hardware_timer/timer.c.obj
                0x10000d64                timer_hardware_alarm_claim
 .text.timer_time_us_64
                0x10000d78       0x10 CMakeFiles/rp2040_pwm_led.dir/C_/dev/pico-sdk/src/rp2_common/hardware_timer/timer.c.obj
                0x10000d78                timer_time_us_64
 .text.time_us_64
                0x10000d88       0x14 CMakeFiles/rp2040_pwm_led.dir/C_/dev/pico-sdk/src/rp2_common/hardware_timer/timer.c.obj
                0x10000d88                time_us_64
 .text.busy_wait_until
                0x10000d9c       0x20 CMakeFiles/rp2040_pwm_led.dir/C_/dev/pico-sdk/src/rp2_common/hardware_timer/timer.c.obj
                0x10000d9c                busy_wait_until
 .text.clock_configure_int_divider
                0x10000dbc       0xf4 CMakeFiles/rp2040_pwm_led.dir/C_/dev/pico-sdk/src/rp2_common/hardware_clocks/clocks.c.obj
                0x10000dbc                clock_configure_int_divider
 .text.clock_configure_undivided
                0x10000eb0       0xe8 CMakeFiles/rp2040_pwm_led.dir/C_/dev/pico-sdk/src/rp2_common/hardware_clocks/clocks.c.obj
                0x10000eb0                clock_configure_undivided
 .text.clock_get_hz
                0x10000f98        0xc CMakeFiles/rp2040_pwm_led.dir/C_/dev/pico-sdk/src/rp2_common/hardware_clocks/clocks.c.obj
                0x10000f98                clock_get_hz
 .text.pll_init
                0x10000fa4       0xa4 CMakeFiles/rp2040_pwm_led.dir/C_/dev/pico-sdk/src/rp2_common/hardware_pll/pll.c.obj
                0x10000fa4                pll_init
 .text.tick_start
                0x10001048       0x10 CMakeFiles/rp2040_pwm_led.dir/C_/dev/pico-sdk/src/rp2_common/hardware_ticks/ticks.c.obj
                0x10001048                tick_start
 .text.rom_func_lookup
                0x10001058       0x10 CMakeFiles/rp2040_pwm_led.dir/C_/dev/pico-sdk/src/rp2_common/pico_bootrom/bootrom.c.obj
                0x10001058                rom_func_lookup
 .text.rom_data_lookup
                0x10001068       0x10 CMakeFiles/rp2040_pwm_led.dir/C_/dev/pico-sdk/src/rp2_common/pico_bootrom/bootrom.c.obj
                0x10001068                rom_data_lookup
 .text.rom_funcs_lookup
                0x10001078       0x44 CMakeFiles/rp2040_pwm_led.dir/C_/dev/pico-sdk/src/rp2_common/pico_bootrom/bootrom.c.obj
                0x10001078                rom_funcs_lookup
 .text.xosc_init
                0x100010bc       0x28 CMakeFiles/rp2040_pwm_led.dir/C_/dev/pico-sdk/src/rp2_common/hardware_xosc/xosc.c.obj
                0x100010bc                xosc_init
 .text.first_per_core_initializer
                0x100010e4        0x4 CMakeFiles/rp2040_pwm_led.dir/C_/dev/pico-sdk/src/rp2_common/pico_runtime/runtime.c.obj
 .text.hard_assertion_failure
                0x100010e8        0xc CMakeFiles/rp2040_pwm_led.dir/C_/dev/pico-sdk/src/rp2_common/pico_runtime/runtime.c.obj
                0x100010e8                hard_assertion_failure
 .text.runtime_run_initializers
                0x100010f4       0x28 CMakeFiles/rp2040_pwm_led.dir/C_/dev/pico-sdk/src/rp2_common/pico_runtime/runtime.c.obj
                0x100010f4                runtime_run_initializers
 .text.runtime_init_early_resets
                0x1000111c       0x2c CMakeFiles/rp2040_pwm_led.dir/C_/dev/pico-sdk/src/rp2_common/pico_runtime_init/runtime_init.c.obj
                0x1000111c                runtime_init_early_resets
 .text.runtime_init_usb_power_down
                0x10001148       0x1c CMakeFiles/rp2040_pwm_led.dir/C_/dev/pico-sdk/src/rp2_common/pico_runtime_init/runtime_init.c.obj
                0x10001148                runtime_init_usb_power_down
 .text.runtime_init_post_clock_resets
                0x10001164       0x20 CMakeFiles/rp2040_pwm_led.dir/C_/dev/pico-sdk/src/rp2_common/pico_runtime_init/runtime_init.c.obj
                0x10001164                runtime_init_post_clock_resets
 .text.runtime_init_rp2040_gpio_ie_disable
                0x10001184       0x14 CMakeFiles/rp2040_pwm_led.dir/C_/dev/pico-sdk/src/rp2_common/pico_runtime_init/runtime_init.c.obj
                0x10001184                runtime_init_rp2040_gpio_ie_disable
 .text.runtime_init_spin_locks_reset
                0x10001198        0x8 CMakeFiles/rp2040_pwm_led.dir/C_/dev/pico-sdk/src/rp2_common/pico_runtime_init/runtime_init.c.obj
                0x10001198                runtime_init_spin_locks_reset
 .text.runtime_init_install_ram_vector_table
                0x100011a0       0xb4 CMakeFiles/rp2040_pwm_led.dir/C_/dev/pico-sdk/src/rp2_common/pico_runtime_init/runtime_init.c.obj
                0x100011a0                runtime_init_install_ram_vector_table
 .text.runtime_init_clocks
                0x10001254       0xd8 CMakeFiles/rp2040_pwm_led.dir/C_/dev/pico-sdk/src/rp2_common/pico_runtime_init/runtime_init_clocks.c.obj
                0x10001254                runtime_init_clocks
 .text          0x1000132c       0x10 CMakeFiles/rp2040_pwm_led.dir/C_/dev/pico-sdk/src/rp2_common/pico_bit_ops/bit_ops_aeabi.S.obj
 .text.__wrap___aeabi_idiv
                0x1000133c       0x50 CMakeFiles/rp2040_pwm_led.dir/C_/dev/pico-sdk/src/rp2_common/pico_divider/divider_hardware.S.obj
                0x1000133c                __wrap___aeabi_idivmod
                0x1000133c                divmod_s32s32
                0x1000133c                div_s32s32
                0x1000133c                __wrap___aeabi_idiv
                0x10001344                divmod_s32s32_unsafe
                0x10001370                divmod_s32s32_savestate
 .text.__wrap___aeabi_uidiv
                0x1000138c       0x4c CMakeFiles/rp2040_pwm_led.dir/C_/dev/pico-sdk/src/rp2_common/pico_divider/divider_hardware.S.obj
                0x1000138c                __wrap___aeabi_uidiv
                0x1000138c                __wrap___aeabi_uidivmod
                0x1000138c                div_u32u32
                0x1000138c                divmod_u32u32
                0x10001394                divmod_u32u32_unsafe
                0x100013bc                divmod_u32u32_savestate
 .text.__wrap___aeabi_darithmetic
                0x100013d8       0x80 CMakeFiles/rp2040_pwm_led.dir/C_/dev/pico-sdk/src/rp2_common/pico_double/double_aeabi_rp2040.S.obj
                0x100013d8                __wrap___aeabi_drsub
                0x100013de                __wrap___aeabi_dsub
                0x100013f0                __wrap___aeabi_dadd
                0x10001402                __wrap___aeabi_ddiv
                0x1000143e                __wrap___aeabi_dmul
 .text.__wrap___aeabi_cdcmple
                0x10001458       0x6c CMakeFiles/rp2040_pwm_led.dir/C_/dev/pico-sdk/src/rp2_common/pico_double/double_aeabi_rp2040.S.obj
                0x10001458                __wrap___aeabi_cdrcmple
                0x10001468                __wrap___aeabi_cdcmpeq
                0x10001468                __wrap___aeabi_cdcmple
 .text.__wrap___aeabi_dcmpge
                0x100014c4       0x10 CMakeFiles/rp2040_pwm_led.dir/C_/dev/pico-sdk/src/rp2_common/pico_double/double_aeabi_rp2040.S.obj
                0x100014c4                __wrap___aeabi_dcmpge
 .text.__wrap___aeabi_d2f
                0x100014d4       0x18 CMakeFiles/rp2040_pwm_led.dir/C_/dev/pico-sdk/src/rp2_common/pico_double/double_aeabi_rp2040.S.obj
                0x100014d4                __wrap___aeabi_d2f
 .text.__aeabi_double_init
                0x100014ec       0xa4 CMakeFiles/rp2040_pwm_led.dir/C_/dev/pico-sdk/src/rp2_common/pico_double/double_init_rom_rp2040.c.obj
                0x100014ec                __aeabi_double_init
 .text.double_table_shim_on_use_helper
                0x10001590       0x2c CMakeFiles/rp2040_pwm_led.dir/C_/dev/pico-sdk/src/rp2_common/pico_double/double_v1_rom_shim_rp2040.S.obj
                0x10001590                double_table_shim_on_use_helper
 .text.__wrap___aeabi_dsub
                0x100015bc       0x10 CMakeFiles/rp2040_pwm_led.dir/C_/dev/pico-sdk/src/rp2_common/pico_double/double_v1_rom_shim_rp2040.S.obj
                0x100015bc                drsub_shim
                0x100015c2                dsub_shim
 .text.dadd_shim
                0x100015cc      0x15c CMakeFiles/rp2040_pwm_led.dir/C_/dev/pico-sdk/src/rp2_common/pico_double/double_v1_rom_shim_rp2040.S.obj
                0x100015cc                dadd_shim
 .text.dmul_shim
                0x10001728      0x15c CMakeFiles/rp2040_pwm_led.dir/C_/dev/pico-sdk/src/rp2_common/pico_double/double_v1_rom_shim_rp2040.S.obj
                0x10001728                dmul_shim
 .text.ddiv_shim
                0x10001884      0x1b0 CMakeFiles/rp2040_pwm_led.dir/C_/dev/pico-sdk/src/rp2_common/pico_double/double_v1_rom_shim_rp2040.S.obj
                0x10001884                ddiv_shim
 .text.double2float_shim
                0x10001a34       0x5c CMakeFiles/rp2040_pwm_led.dir/C_/dev/pico-sdk/src/rp2_common/pico_double/double_v1_rom_shim_rp2040.S.obj
                0x10001a34                double2float_shim
 .text.__aeabi_lmul
                0x10001a90       0x32 CMakeFiles/rp2040_pwm_led.dir/C_/dev/pico-sdk/src/rp2_common/pico_int64_ops/pico_int64_ops_aeabi.S.obj
                0x10001a90                __wrap___aeabi_lmul
 *fill*         0x10001ac2        0x2 
 .text.__wrap___aeabi_farithmetic
                0x10001ac4       0x48 CMakeFiles/rp2040_pwm_led.dir/C_/dev/pico-sdk/src/rp2_common/pico_float/float_aeabi_rp2040.S.obj
                0x10001ac4                __wrap___aeabi_frsub
                0x10001aca                __wrap___aeabi_fsub
                0x10001ad0                __wrap___aeabi_fadd
                0x10001ad6                __wrap___aeabi_fdiv
                0x10001afe                __wrap___aeabi_fmul
 .text.__wrap___aeabi_f2d
                0x10001b0c       0x14 CMakeFiles/rp2040_pwm_led.dir/C_/dev/pico-sdk/src/rp2_common/pico_float/float_aeabi_rp2040.S.obj
                0x10001b0c                __wrap___aeabi_f2d
 .text.__aeabi_float_init
                0x10001b20       0x64 CMakeFiles/rp2040_pwm_led.dir/C_/dev/pico-sdk/src/rp2_common/pico_float/float_init_rom_rp2040.c.obj
                0x10001b20                __aeabi_float_init
 .text.float_table_shim_on_use_helper
                0x10001b84       0x2c CMakeFiles/rp2040_pwm_led.dir/C_/dev/pico-sdk/src/rp2_common/pico_float/float_v1_rom_shim_rp2040.S.obj
                0x10001b84                float_table_shim_on_use_helper
 .text.float2double_shim
                0x10001bb0       0x30 CMakeFiles/rp2040_pwm_led.dir/C_/dev/pico-sdk/src/rp2_common/pico_float/float_v1_rom_shim_rp2040.S.obj
                0x10001bb0                float2double_shim
 .text          0x10001be0       0x10 CMakeFiles/rp2040_pwm_led.dir/C_/dev/pico-sdk/src/rp2_common/pico_mem_ops/mem_ops_aeabi.S.obj
                0x10001be0                __aeabi_mem_init
 .text.memcpy   0x10001bf0        0xc CMakeFiles/rp2040_pwm_led.dir/C_/dev/pico-sdk/src/rp2_common/pico_mem_ops/mem_ops_aeabi.S.obj
                0x10001bf0                __wrap_memcpy
                0x10001bf0                __wrap___aeabi_memcpy
 .text._out_char
                0x10001bfc       0x10 CMakeFiles/rp2040_pwm_led.dir/C_/dev/pico-sdk/src/rp2_common/pico_printf/printf.c.obj
 .text.weak_raw_vprintf
                0x10001c0c       0x30 CMakeFiles/rp2040_pwm_led.dir/C_/dev/pico-sdk/src/rp2_common/pico_printf/printf.c.obj
                0x10001c0c                weak_raw_vprintf
 .text._exit    0x10001c3c        0x4 CMakeFiles/rp2040_pwm_led.dir/C_/dev/pico-sdk/src/rp2_common/pico_clib_interface/newlib_interface.c.obj
                0x10001c3c                _exit
 .text.exit     0x10001c40        0x8 CMakeFiles/rp2040_pwm_led.dir/C_/dev/pico-sdk/src/rp2_common/pico_clib_interface/newlib_interface.c.obj
                0x10001c40                exit
 .text.runtime_init
                0x10001c48       0x2c CMakeFiles/rp2040_pwm_led.dir/C_/dev/pico-sdk/src/rp2_common/pico_clib_interface/newlib_interface.c.obj
                0x10001c48                runtime_init
 .text.stdio_out_chars_no_crlf
                0x10001c74       0x10 CMakeFiles/rp2040_pwm_led.dir/C_/dev/pico-sdk/src/rp2_common/pico_stdio/stdio.c.obj
 .text.stdio_out_chars_crlf
                0x10001c84       0xb0 CMakeFiles/rp2040_pwm_led.dir/C_/dev/pico-sdk/src/rp2_common/pico_stdio/stdio.c.obj
 .text.stdio_put_string
                0x10001d34       0xfc CMakeFiles/rp2040_pwm_led.dir/C_/dev/pico-sdk/src/rp2_common/pico_stdio/stdio.c.obj
                0x10001d34                stdio_put_string
 .text.__wrap_putchar
                0x10001e30       0x94 CMakeFiles/rp2040_pwm_led.dir/C_/dev/pico-sdk/src/rp2_common/pico_stdio/stdio.c.obj
                0x10001e30                __wrap_putchar
                0x10001e30                stdio_putchar
 .text.__wrap_puts
                0x10001ec4       0x3c CMakeFiles/rp2040_pwm_led.dir/C_/dev/pico-sdk/src/rp2_common/pico_stdio/stdio.c.obj
                0x10001ec4                stdio_puts
                0x10001ec4                __wrap_puts
 .text.strlen   0x10001f00       0x5c C:/PROGRA~2/ARMGNU~1/14EFD8~1.2RE/bin/../lib/gcc/arm-none-eabi/14.2.1/thumb/v6-m/nofp\libg.a(libc_a-strlen-stub.o)
                0x10001f00                strlen
 *(.fini)
 .fini          0x10001f5c        0x4 C:/PROGRA~2/ARMGNU~1/14EFD8~1.2RE/bin/../lib/gcc/arm-none-eabi/14.2.1/thumb/v6-m/nofp/crti.o
                0x10001f5c                _fini
 .fini.__stub   0x10001f60       0x30 linker stubs
 *crtbegin.o(.ctors)
 *crtbegin?.o(.ctors)
 *(EXCLUDE_FILE(*crtend.o *crtend?.o) .ctors)
 *(SORT_BY_NAME(.ctors.*))
 *(.ctors)
 *crtbegin.o(.dtors)
 *crtbegin?.o(.dtors)
 *(EXCLUDE_FILE(*crtend.o *crtend?.o) .dtors)
 *(SORT_BY_NAME(.dtors.*))
 *(.dtors)
                0x10001f90                        . = ALIGN (0x4)
                0x10001f90                        PROVIDE (__preinit_array_start = .)
 *(SORT_BY_NAME(.preinit_array.*))
 .preinit_array.00100
                0x10001f90        0x4 CMakeFiles/rp2040_pwm_led.dir/C_/dev/pico-sdk/src/rp2_common/pico_runtime_init/runtime_init.c.obj
                0x10001f90                __pre_init_runtime_init_early_resets
 .preinit_array.00101
                0x10001f94        0x4 CMakeFiles/rp2040_pwm_led.dir/C_/dev/pico-sdk/src/rp2_common/pico_runtime_init/runtime_init.c.obj
                0x10001f94                __pre_init_runtime_init_usb_power_down
 .preinit_array.00275
                0x10001f98        0x4 CMakeFiles/rp2040_pwm_led.dir/C_/dev/pico-sdk/src/rp2_common/pico_bit_ops/bit_ops_aeabi.S.obj
 .preinit_array.00300
                0x10001f9c        0x4 CMakeFiles/rp2040_pwm_led.dir/C_/dev/pico-sdk/src/rp2_common/pico_mem_ops/mem_ops_aeabi.S.obj
 .preinit_array.00350
                0x10001fa0        0x4 CMakeFiles/rp2040_pwm_led.dir/C_/dev/pico-sdk/src/rp2_common/pico_double/double_aeabi_rp2040.S.obj
 .preinit_array.00350
                0x10001fa4        0x4 CMakeFiles/rp2040_pwm_led.dir/C_/dev/pico-sdk/src/rp2_common/pico_float/float_aeabi_rp2040.S.obj
 .preinit_array.00500
                0x10001fa8        0x4 CMakeFiles/rp2040_pwm_led.dir/C_/dev/pico-sdk/src/rp2_common/pico_runtime_init/runtime_init.c.obj
                0x10001fa8                __pre_init_runtime_init_clocks
 .preinit_array.00600
                0x10001fac        0x4 CMakeFiles/rp2040_pwm_led.dir/C_/dev/pico-sdk/src/rp2_common/pico_runtime_init/runtime_init.c.obj
                0x10001fac                __pre_init_runtime_init_post_clock_resets
 .preinit_array.00700
                0x10001fb0        0x4 CMakeFiles/rp2040_pwm_led.dir/C_/dev/pico-sdk/src/rp2_common/pico_runtime_init/runtime_init.c.obj
                0x10001fb0                __pre_init_runtime_init_rp2040_gpio_ie_disable
 .preinit_array.01000
                0x10001fb4        0x4 CMakeFiles/rp2040_pwm_led.dir/C_/dev/pico-sdk/src/rp2_common/pico_runtime_init/runtime_init.c.obj
                0x10001fb4                __pre_init_runtime_init_spin_locks_reset
 .preinit_array.01100
                0x10001fb8        0x4 CMakeFiles/rp2040_pwm_led.dir/C_/dev/pico-sdk/src/common/pico_sync/mutex.c.obj
                0x10001fb8                __pre_init_runtime_init_mutex
 .preinit_array.10080
                0x10001fbc        0x4 CMakeFiles/rp2040_pwm_led.dir/C_/dev/pico-sdk/src/rp2_common/pico_runtime_init/runtime_init.c.obj
                0x10001fbc                __pre_init_runtime_init_install_ram_vector_table
 .preinit_array.11000
                0x10001fc0        0x4 CMakeFiles/rp2040_pwm_led.dir/C_/dev/pico-sdk/src/common/pico_time/time.c.obj
                0x10001fc0                __pre_init_runtime_init_default_alarm_pool
 .preinit_array.YYYYY
                0x10001fc4        0x4 CMakeFiles/rp2040_pwm_led.dir/C_/dev/pico-sdk/src/rp2_common/pico_runtime/runtime.c.obj
                0x10001fc4                __pre_init_first_per_core_initializer
 .preinit_array.ZZZZZ.01200
                0x10001fc8        0x4 CMakeFiles/rp2040_pwm_led.dir/C_/dev/pico-sdk/src/rp2_common/hardware_irq/irq.c.obj
                0x10001fc8                __pre_init_runtime_init_per_core_irq_priorities
 *(.preinit_array)
                0x10001fcc                        PROVIDE (__preinit_array_end = .)
                0x10001fcc                        . = ALIGN (0x4)
                0x10001fcc                        PROVIDE (__init_array_start = .)
 *(SORT_BY_NAME(.init_array.*))
 *(.init_array)
 .init_array    0x10001fcc        0x4 C:/PROGRA~2/ARMGNU~1/14EFD8~1.2RE/bin/../lib/gcc/arm-none-eabi/14.2.1/thumb/v6-m/nofp/crtbegin.o
                0x10001fd0                        PROVIDE (__init_array_end = .)
                0x10001fd0                        . = ALIGN (0x4)
                [!provide]                        PROVIDE (__fini_array_start = .)
 *(SORT_BY_NAME(.fini_array.*))
 *(.fini_array)
                [!provide]                        PROVIDE (__fini_array_end = .)
 *(.eh_frame*)
 .eh_frame      0x10001fd0        0x0 C:/PROGRA~2/ARMGNU~1/14EFD8~1.2RE/bin/../lib/gcc/arm-none-eabi/14.2.1/thumb/v6-m/nofp/crtbegin.o
                0x10001fd0                        . = ALIGN (0x4)

.glue_7         0x10001fd0        0x0
 .glue_7        0x10001fd0        0x0 linker stubs

.glue_7t        0x10001fd0        0x0
 .glue_7t       0x10001fd0        0x0 linker stubs

.vfp11_veneer   0x10001fd0        0x0
 .vfp11_veneer  0x10001fd0        0x0 linker stubs

.v4_bx          0x10001fd0        0x0
 .v4_bx         0x10001fd0        0x0 linker stubs

.iplt           0x10001fd0        0x0
 .iplt          0x10001fd0        0x0 C:/PROGRA~2/ARMGNU~1/14EFD8~1.2RE/bin/../lib/gcc/arm-none-eabi/14.2.1/thumb/v6-m/nofp/crtbegin.o

.rodata         0x10001fd0       0xe0
 *(EXCLUDE_FILE(*libm.a: *libc.a:*lib_a-mem*.o *libgcc.a:) .rodata*)
 .rodata.panic.str1.4
                0x10001fd0       0x88 CMakeFiles/rp2040_pwm_led.dir/C_/dev/pico-sdk/src/rp2_common/pico_platform_panic/panic.c.obj
                                 0x12 (size before relaxing)
 .rodata.timer_hardware_alarm_claim.str1.4
                0x10002058       0x22 CMakeFiles/rp2040_pwm_led.dir/C_/dev/pico-sdk/src/rp2_common/hardware_timer/timer.c.obj
 .rodata.hard_assertion_failure.str1.4
                0x10002058        0xc CMakeFiles/rp2040_pwm_led.dir/C_/dev/pico-sdk/src/rp2_common/pico_runtime/runtime.c.obj
 .rodata.str1.4
                0x10002058       0x44 CMakeFiles/rp2040_pwm_led.dir/C_/dev/pico-sdk/src/rp2_common/pico_standard_binary_info/standard_binary_info.c.obj
 .rodata.__bi_84
                0x10002058        0xc CMakeFiles/rp2040_pwm_led.dir/C_/dev/pico-sdk/src/rp2_common/pico_standard_binary_info/standard_binary_info.c.obj
 .rodata.__bi_78
                0x10002064        0xc CMakeFiles/rp2040_pwm_led.dir/C_/dev/pico-sdk/src/rp2_common/pico_standard_binary_info/standard_binary_info.c.obj
 .rodata.__bi_54
                0x10002070        0xc CMakeFiles/rp2040_pwm_led.dir/C_/dev/pico-sdk/src/rp2_common/pico_standard_binary_info/standard_binary_info.c.obj
 .rodata.__bi_48
                0x1000207c        0xc CMakeFiles/rp2040_pwm_led.dir/C_/dev/pico-sdk/src/rp2_common/pico_standard_binary_info/standard_binary_info.c.obj
 .rodata.__bi_42
                0x10002088        0xc CMakeFiles/rp2040_pwm_led.dir/C_/dev/pico-sdk/src/rp2_common/pico_standard_binary_info/standard_binary_info.c.obj
 .rodata.__bi_34
                0x10002094        0xc CMakeFiles/rp2040_pwm_led.dir/C_/dev/pico-sdk/src/rp2_common/pico_standard_binary_info/standard_binary_info.c.obj
 .rodata.__bi_26
                0x100020a0        0xc CMakeFiles/rp2040_pwm_led.dir/C_/dev/pico-sdk/src/rp2_common/pico_standard_binary_info/standard_binary_info.c.obj
 .rodata.crlf_str.0
                0x100020ac        0x2 CMakeFiles/rp2040_pwm_led.dir/C_/dev/pico-sdk/src/rp2_common/pico_stdio/stdio.c.obj
                0x100020b0                        . = ALIGN (0x4)
 *fill*         0x100020ae        0x2 
 *(SORT_BY_ALIGNMENT(SORT_BY_NAME(.flashdata*)))
                0x100020b0                        . = ALIGN (0x4)

.ARM.extab
 *(.ARM.extab* .gnu.linkonce.armextab.*)
                0x100020b0                        __exidx_start = .

.ARM.exidx
 *(.ARM.exidx* .gnu.linkonce.armexidx.*)
                0x100020b0                        __exidx_end = .
                0x100020b0                        . = ALIGN (0x4)
                0x100020b0                        __binary_info_start = .

.binary_info    0x100020b0       0x1c
 *(.binary_info.keep.*)
 .binary_info.keep.__bi_ptr84
                0x100020b0        0x4 CMakeFiles/rp2040_pwm_led.dir/C_/dev/pico-sdk/src/rp2_common/pico_standard_binary_info/standard_binary_info.c.obj
 .binary_info.keep.__bi_ptr78
                0x100020b4        0x4 CMakeFiles/rp2040_pwm_led.dir/C_/dev/pico-sdk/src/rp2_common/pico_standard_binary_info/standard_binary_info.c.obj
 .binary_info.keep.__bi_ptr54
                0x100020b8        0x4 CMakeFiles/rp2040_pwm_led.dir/C_/dev/pico-sdk/src/rp2_common/pico_standard_binary_info/standard_binary_info.c.obj
 .binary_info.keep.__bi_ptr48
                0x100020bc        0x4 CMakeFiles/rp2040_pwm_led.dir/C_/dev/pico-sdk/src/rp2_common/pico_standard_binary_info/standard_binary_info.c.obj
 .binary_info.keep.__bi_ptr42
                0x100020c0        0x4 CMakeFiles/rp2040_pwm_led.dir/C_/dev/pico-sdk/src/rp2_common/pico_standard_binary_info/standard_binary_info.c.obj
 .binary_info.keep.__bi_ptr34
                0x100020c4        0x4 CMakeFiles/rp2040_pwm_led.dir/C_/dev/pico-sdk/src/rp2_common/pico_standard_binary_info/standard_binary_info.c.obj
 .binary_info.keep.__bi_ptr26
                0x100020c8        0x4 CMakeFiles/rp2040_pwm_led.dir/C_/dev/pico-sdk/src/rp2_common/pico_standard_binary_info/standard_binary_info.c.obj
 *(.binary_info.*)
                0x100020cc                        __binary_info_end = .
                0x100020cc                        . = ALIGN (0x4)

.ram_vector_table
                0x20000000       0xc0
 *(.ram_vector_table)
 .ram_vector_table
                0x20000000       0xc0 CMakeFiles/rp2040_pwm_led.dir/C_/dev/pico-sdk/src/rp2_common/pico_runtime_init/runtime_init.c.obj
                0x20000000                ram_vector_table

.uninitialized_data
                0x200000c0        0x0
                0x200000c0                        . = ALIGN (0x4)
 *(.uninitialized_data*)

.data           0x200000c0      0x128 load address 0x100020cc
                0x200000c0                        __data_start__ = .
 *(vtable)
 *(.time_critical*)
 .time_critical.mutex_try_enter_block_until
                0x200000c0       0x98 CMakeFiles/rp2040_pwm_led.dir/C_/dev/pico-sdk/src/common/pico_sync/mutex.c.obj
                0x200000c0                mutex_try_enter_block_until
 .time_critical.mutex_exit
                0x20000158       0x28 CMakeFiles/rp2040_pwm_led.dir/C_/dev/pico-sdk/src/common/pico_sync/mutex.c.obj
                0x20000158                mutex_exit
 *(.text*)
 .text          0x20000180        0x4 C:/PROGRA~2/ARMGNU~1/14EFD8~1.2RE/bin/../lib/gcc/arm-none-eabi/14.2.1/thumb/v6-m/nofp\libgcc.a(_dvmd_tls.o)
                0x20000180                __aeabi_idiv0
                0x20000180                __aeabi_ldiv0
 *fill*         0x20000184        0x4 
 .text.__stub   0x20000188       0x10 linker stubs
                0x20000198                        . = ALIGN (0x4)
 *(.rodata*)
                0x20000198                        . = ALIGN (0x4)
 *(.data*)
 .data.striped_spin_lock_num
                0x20000198        0x1 CMakeFiles/rp2040_pwm_led.dir/C_/dev/pico-sdk/src/rp2_common/hardware_sync/sync.c.obj
 *fill*         0x20000199        0x3 
 .data.default_alarm_pool
                0x2000019c       0x18 CMakeFiles/rp2040_pwm_led.dir/C_/dev/pico-sdk/src/common/pico_time/time.c.obj
 *fill*         0x200001b4        0xc 
 .data.aeabi_bits_funcs
                0x200001c0       0x10 CMakeFiles/rp2040_pwm_led.dir/C_/dev/pico-sdk/src/rp2_common/pico_bit_ops/bit_ops_aeabi.S.obj
                0x200001c0                aeabi_bits_funcs
                0x200001d0                aeabi_bits_funcs_end
 .data.aeabi_mem_funcs
                0x200001d0       0x10 CMakeFiles/rp2040_pwm_led.dir/C_/dev/pico-sdk/src/rp2_common/pico_mem_ops/mem_ops_aeabi.S.obj
                0x200001d0                aeabi_mem_funcs
                0x200001e0                aeabi_mem_funcs_end
                0x200001e0                        . = ALIGN (0x4)
 *(.after_data.*)
                0x200001e0                        . = ALIGN (0x4)
                0x200001e0                        PROVIDE (__mutex_array_start = .)
 *(SORT_BY_NAME(.mutex_array.*))
 *(.mutex_array)
 .mutex_array   0x200001e0        0x8 CMakeFiles/rp2040_pwm_led.dir/C_/dev/pico-sdk/src/rp2_common/pico_stdio/stdio.c.obj
                0x200001e8                        PROVIDE (__mutex_array_end = .)
                0x200001e8                        . = ALIGN (0x4)
 *(.jcr)
                0x200001e8                        . = ALIGN (0x4)

.tm_clone_table
                0x200001e8        0x0 load address 0x100021f4
 .tm_clone_table
                0x200001e8        0x0 C:/PROGRA~2/ARMGNU~1/14EFD8~1.2RE/bin/../lib/gcc/arm-none-eabi/14.2.1/thumb/v6-m/nofp/crtbegin.o
 .tm_clone_table
                0x200001e8        0x0 C:/PROGRA~2/ARMGNU~1/14EFD8~1.2RE/bin/../lib/gcc/arm-none-eabi/14.2.1/thumb/v6-m/nofp/crtend.o

.igot.plt       0x200001e8        0x0 load address 0x100021f4
 .igot.plt      0x200001e8        0x0 C:/PROGRA~2/ARMGNU~1/14EFD8~1.2RE/bin/../lib/gcc/arm-none-eabi/14.2.1/thumb/v6-m/nofp/crtbegin.o

.tdata          0x200001e8        0x0 load address 0x100021f4
                0x200001e8                        . = ALIGN (0x4)
 *(.tdata .tdata.* .gnu.linkonce.td.*)
                0x200001e8                        __tdata_end = .
                0x200001e8                        PROVIDE (__data_end__ = .)
                0x100020cc                        __etext = LOADADDR (.data)

.tbss           0x200001e8        0x0 load address 0x100021f4
                0x200001e8                        . = ALIGN (0x4)
                0x200001e8                        __bss_start__ = .
                0x200001e8                        __tls_base = .
 *(.tbss .tbss.* .gnu.linkonce.tb.*)
 *(.tcommon)
                0x200001e8                        __tls_end = .

.bss            0x200001e8      0x3e8 load address 0x100021f4
                0x200001e8                        . = ALIGN (0x4)
                0x200001e8                        __tbss_end = .
 *(SORT_BY_ALIGNMENT(SORT_BY_NAME(.bss*)))
 .bss.default_alarm_pool_entries
                0x200001e8      0x180 CMakeFiles/rp2040_pwm_led.dir/C_/dev/pico-sdk/src/common/pico_time/time.c.obj
 .bss.sd_table  0x20000368      0x100 CMakeFiles/rp2040_pwm_led.dir/C_/dev/pico-sdk/src/rp2_common/pico_double/double_init_rom_rp2040.c.obj
                0x20000368                sd_table
 .bss.sf_table  0x20000468      0x100 CMakeFiles/rp2040_pwm_led.dir/C_/dev/pico-sdk/src/rp2_common/pico_float/float_init_rom_rp2040.c.obj
                0x20000468                sf_table
 .bss.claimed   0x20000568        0x1 CMakeFiles/rp2040_pwm_led.dir/C_/dev/pico-sdk/src/rp2_common/hardware_timer/timer.c.obj
 *fill*         0x20000569        0x3 
 .bss.configured_freq
                0x2000056c       0x28 CMakeFiles/rp2040_pwm_led.dir/C_/dev/pico-sdk/src/rp2_common/hardware_clocks/clocks.c.obj
 .bss.drivers   0x20000594        0x4 CMakeFiles/rp2040_pwm_led.dir/C_/dev/pico-sdk/src/rp2_common/pico_stdio/stdio.c.obj
 .bss.filter    0x20000598        0x4 CMakeFiles/rp2040_pwm_led.dir/C_/dev/pico-sdk/src/rp2_common/pico_stdio/stdio.c.obj
 .bss.lazy_vsnprintf
                0x2000059c        0x4 CMakeFiles/rp2040_pwm_led.dir/C_/dev/pico-sdk/src/rp2_common/pico_printf/printf.c.obj
 .bss.object.0  0x200005a0       0x18 C:/PROGRA~2/ARMGNU~1/14EFD8~1.2RE/bin/../lib/gcc/arm-none-eabi/14.2.1/thumb/v6-m/nofp/crtbegin.o
 .bss.pools     0x200005b8       0x10 CMakeFiles/rp2040_pwm_led.dir/C_/dev/pico-sdk/src/common/pico_time/time.c.obj
 .bss.sf_clz_func
                0x200005c8        0x4 CMakeFiles/rp2040_pwm_led.dir/C_/dev/pico-sdk/src/rp2_common/pico_double/double_init_rom_rp2040.c.obj
                0x200005c8                sf_clz_func
 .bss.sleep_notifier
                0x200005cc        0x4 CMakeFiles/rp2040_pwm_led.dir/C_/dev/pico-sdk/src/common/pico_time/time.c.obj
 *(COMMON)
                0x200005d0                        . = ALIGN (0x4)
                0x200005d0                        __bss_end__ = .

.heap           0x200005d0      0x800 load address 0x100021f4
                0x200005d0                        __end__ = .
                0x200005d0                        end = __end__
 *(.heap*)
 .heap          0x200005d0      0x800 CMakeFiles/rp2040_pwm_led.dir/C_/dev/pico-sdk/src/rp2_common/pico_crt0/crt0.S.obj
                0x20040000                        __HeapLimit = (ORIGIN (RAM) + LENGTH (RAM))

.scratch_x      0x20040000        0x0 load address 0x100021f4
                0x20040000                        __scratch_x_start__ = .
 *(.scratch_x.*)
                0x20040000                        . = ALIGN (0x4)
                0x20040000                        __scratch_x_end__ = .
                0x100021f4                        __scratch_x_source__ = LOADADDR (.scratch_x)

.scratch_y      0x20041000        0x0 load address 0x100021f4
                0x20041000                        __scratch_y_start__ = .
 *(.scratch_y.*)
                0x20041000                        . = ALIGN (0x4)
                0x20041000                        __scratch_y_end__ = .
                0x100021f4                        __scratch_y_source__ = LOADADDR (.scratch_y)

.stack1_dummy
 *(.stack1*)

.stack_dummy    0x20041000      0x800
 *(.stack*)
 .stack         0x20041000      0x800 CMakeFiles/rp2040_pwm_led.dir/C_/dev/pico-sdk/src/rp2_common/pico_crt0/crt0.S.obj

.rel.dyn        0x20041800        0x0
 .rel.iplt      0x20041800        0x0 C:/PROGRA~2/ARMGNU~1/14EFD8~1.2RE/bin/../lib/gcc/arm-none-eabi/14.2.1/thumb/v6-m/nofp/crtbegin.o

.flash_end      0x100021f4        0x0
 *(.embedded_end_block*)
                0x100021f4                        PROVIDE (__flash_binary_end = .)
                0x20040000                        __StackLimit = (ORIGIN (RAM) + LENGTH (RAM))
                0x20041000                        __StackOneTop = (ORIGIN (SCRATCH_X) + LENGTH (SCRATCH_X))
                0x20042000                        __StackTop = (ORIGIN (SCRATCH_Y) + LENGTH (SCRATCH_Y))
                0x20041000                        __StackOneBottom = (__StackOneTop - SIZEOF (.stack1_dummy))
                0x20041800                        __StackBottom = (__StackTop - SIZEOF (.stack_dummy))
                0x20042000                        PROVIDE (__stack = __StackTop)
                [!provide]                        PROVIDE (__heap_start = __end__)
                [!provide]                        PROVIDE (__heap_end = __HeapLimit)
                [!provide]                        PROVIDE (__tls_align = MAX (ALIGNOF (.tdata), ALIGNOF (.tbss)))
                [!provide]                        PROVIDE (__tls_size_align = (((__tls_size + __tls_align) - 0x1) & ~ ((__tls_align - 0x1))))
                [!provide]                        PROVIDE (__arm32_tls_tcb_offset = MAX (0x8, __tls_align))
                [!provide]                        PROVIDE (_end = __end__)
                [!provide]                        PROVIDE (__llvm_libc_heap_limit = __HeapLimit)
                0x00000001                        ASSERT ((__StackLimit >= __HeapLimit), region RAM overflowed)
                0x00000001                        ASSERT (((__binary_info_header_end - __logical_binary_start) <= 0x100), Binary info must be in first 256 bytes of the binary)
LOAD CMakeFiles/rp2040_pwm_led.dir/main.c.obj
LOAD CMakeFiles/rp2040_pwm_led.dir/C_/dev/pico-sdk/src/rp2_common/pico_stdlib/stdlib.c.obj
LOAD CMakeFiles/rp2040_pwm_led.dir/C_/dev/pico-sdk/src/rp2_common/hardware_gpio/gpio.c.obj
LOAD CMakeFiles/rp2040_pwm_led.dir/C_/dev/pico-sdk/src/rp2040/pico_platform/platform.c.obj
LOAD CMakeFiles/rp2040_pwm_led.dir/C_/dev/pico-sdk/src/rp2_common/pico_platform_common/common.c.obj
LOAD CMakeFiles/rp2040_pwm_led.dir/C_/dev/pico-sdk/src/rp2_common/pico_platform_panic/panic.c.obj
LOAD CMakeFiles/rp2040_pwm_led.dir/C_/dev/pico-sdk/src/common/hardware_claim/claim.c.obj
LOAD CMakeFiles/rp2040_pwm_led.dir/C_/dev/pico-sdk/src/rp2_common/hardware_sync/sync.c.obj
LOAD CMakeFiles/rp2040_pwm_led.dir/C_/dev/pico-sdk/src/rp2_common/hardware_sync_spin_lock/sync_spin_lock.c.obj
LOAD CMakeFiles/rp2040_pwm_led.dir/C_/dev/pico-sdk/src/rp2_common/hardware_irq/irq.c.obj
LOAD CMakeFiles/rp2040_pwm_led.dir/C_/dev/pico-sdk/src/rp2_common/hardware_irq/irq_handler_chain.S.obj
LOAD CMakeFiles/rp2040_pwm_led.dir/C_/dev/pico-sdk/src/common/pico_sync/sem.c.obj
LOAD CMakeFiles/rp2040_pwm_led.dir/C_/dev/pico-sdk/src/common/pico_sync/lock_core.c.obj
LOAD CMakeFiles/rp2040_pwm_led.dir/C_/dev/pico-sdk/src/common/pico_sync/mutex.c.obj
LOAD CMakeFiles/rp2040_pwm_led.dir/C_/dev/pico-sdk/src/common/pico_sync/critical_section.c.obj
LOAD CMakeFiles/rp2040_pwm_led.dir/C_/dev/pico-sdk/src/common/pico_time/time.c.obj
LOAD CMakeFiles/rp2040_pwm_led.dir/C_/dev/pico-sdk/src/common/pico_time/timeout_helper.c.obj
LOAD CMakeFiles/rp2040_pwm_led.dir/C_/dev/pico-sdk/src/rp2_common/hardware_timer/timer.c.obj
LOAD CMakeFiles/rp2040_pwm_led.dir/C_/dev/pico-sdk/src/common/pico_util/datetime.c.obj
LOAD CMakeFiles/rp2040_pwm_led.dir/C_/dev/pico-sdk/src/common/pico_util/pheap.c.obj
LOAD CMakeFiles/rp2040_pwm_led.dir/C_/dev/pico-sdk/src/common/pico_util/queue.c.obj
LOAD CMakeFiles/rp2040_pwm_led.dir/C_/dev/pico-sdk/src/rp2_common/hardware_uart/uart.c.obj
LOAD CMakeFiles/rp2040_pwm_led.dir/C_/dev/pico-sdk/src/rp2_common/hardware_clocks/clocks.c.obj
LOAD CMakeFiles/rp2040_pwm_led.dir/C_/dev/pico-sdk/src/rp2_common/hardware_pll/pll.c.obj
LOAD CMakeFiles/rp2040_pwm_led.dir/C_/dev/pico-sdk/src/rp2_common/hardware_vreg/vreg.c.obj
LOAD CMakeFiles/rp2040_pwm_led.dir/C_/dev/pico-sdk/src/rp2_common/hardware_watchdog/watchdog.c.obj
LOAD CMakeFiles/rp2040_pwm_led.dir/C_/dev/pico-sdk/src/rp2_common/hardware_ticks/ticks.c.obj
LOAD CMakeFiles/rp2040_pwm_led.dir/C_/dev/pico-sdk/src/rp2_common/pico_bootrom/bootrom.c.obj
LOAD CMakeFiles/rp2040_pwm_led.dir/C_/dev/pico-sdk/src/rp2_common/pico_bootrom/bootrom_lock.c.obj
LOAD CMakeFiles/rp2040_pwm_led.dir/C_/dev/pico-sdk/src/rp2_common/hardware_boot_lock/boot_lock.c.obj
LOAD CMakeFiles/rp2040_pwm_led.dir/C_/dev/pico-sdk/src/rp2_common/pico_flash/flash.c.obj
LOAD CMakeFiles/rp2040_pwm_led.dir/C_/dev/pico-sdk/src/rp2_common/hardware_xosc/xosc.c.obj
LOAD CMakeFiles/rp2040_pwm_led.dir/C_/dev/pico-sdk/src/rp2_common/hardware_divider/divider.S.obj
LOAD CMakeFiles/rp2040_pwm_led.dir/C_/dev/pico-sdk/src/rp2_common/pico_runtime/runtime.c.obj
LOAD CMakeFiles/rp2040_pwm_led.dir/C_/dev/pico-sdk/src/rp2_common/pico_runtime_init/runtime_init.c.obj
LOAD CMakeFiles/rp2040_pwm_led.dir/C_/dev/pico-sdk/src/rp2_common/pico_runtime_init/runtime_init_clocks.c.obj
LOAD CMakeFiles/rp2040_pwm_led.dir/C_/dev/pico-sdk/src/rp2_common/pico_runtime_init/runtime_init_stack_guard.c.obj
LOAD CMakeFiles/rp2040_pwm_led.dir/C_/dev/pico-sdk/src/rp2_common/pico_bit_ops/bit_ops_aeabi.S.obj
LOAD CMakeFiles/rp2040_pwm_led.dir/C_/dev/pico-sdk/src/rp2_common/pico_divider/divider_hardware.S.obj
LOAD CMakeFiles/rp2040_pwm_led.dir/C_/dev/pico-sdk/src/rp2_common/pico_double/double_aeabi_rp2040.S.obj
LOAD CMakeFiles/rp2040_pwm_led.dir/C_/dev/pico-sdk/src/rp2_common/pico_double/double_init_rom_rp2040.c.obj
LOAD CMakeFiles/rp2040_pwm_led.dir/C_/dev/pico-sdk/src/rp2_common/pico_double/double_math.c.obj
LOAD CMakeFiles/rp2040_pwm_led.dir/C_/dev/pico-sdk/src/rp2_common/pico_double/double_v1_rom_shim_rp2040.S.obj
LOAD CMakeFiles/rp2040_pwm_led.dir/C_/dev/pico-sdk/src/rp2_common/pico_int64_ops/pico_int64_ops_aeabi.S.obj
LOAD CMakeFiles/rp2040_pwm_led.dir/C_/dev/pico-sdk/src/rp2_common/pico_float/float_aeabi_rp2040.S.obj
LOAD CMakeFiles/rp2040_pwm_led.dir/C_/dev/pico-sdk/src/rp2_common/pico_float/float_init_rom_rp2040.c.obj
LOAD CMakeFiles/rp2040_pwm_led.dir/C_/dev/pico-sdk/src/rp2_common/pico_float/float_math.c.obj
LOAD CMakeFiles/rp2040_pwm_led.dir/C_/dev/pico-sdk/src/rp2_common/pico_float/float_v1_rom_shim_rp2040.S.obj
LOAD CMakeFiles/rp2040_pwm_led.dir/C_/dev/pico-sdk/src/rp2_common/pico_malloc/malloc.c.obj
LOAD CMakeFiles/rp2040_pwm_led.dir/C_/dev/pico-sdk/src/rp2_common/pico_mem_ops/mem_ops_aeabi.S.obj
LOAD CMakeFiles/rp2040_pwm_led.dir/C_/dev/pico-sdk/src/rp2_common/pico_atomic/atomic.c.obj
LOAD CMakeFiles/rp2040_pwm_led.dir/C_/dev/pico-sdk/src/rp2_common/pico_cxx_options/new_delete.cpp.obj
LOAD CMakeFiles/rp2040_pwm_led.dir/C_/dev/pico-sdk/src/rp2_common/pico_standard_binary_info/standard_binary_info.c.obj
LOAD CMakeFiles/rp2040_pwm_led.dir/C_/dev/pico-sdk/src/rp2_common/pico_printf/printf.c.obj
LOAD CMakeFiles/rp2040_pwm_led.dir/C_/dev/pico-sdk/src/rp2_common/pico_crt0/crt0.S.obj
LOAD CMakeFiles/rp2040_pwm_led.dir/C_/dev/pico-sdk/src/rp2_common/pico_clib_interface/newlib_interface.c.obj
LOAD CMakeFiles/rp2040_pwm_led.dir/C_/dev/pico-sdk/src/rp2_common/pico_stdio/stdio.c.obj
LOAD CMakeFiles/rp2040_pwm_led.dir/C_/dev/pico-sdk/src/rp2_common/pico_stdio_uart/stdio_uart.c.obj
LOAD pico-sdk/src/rp2040/boot_stage2/CMakeFiles/bs2_default_library.dir/./bs2_default_padded_checksummed.S.obj
LOAD C:/PROGRA~2/ARMGNU~1/14EFD8~1.2RE/bin/../lib/gcc/arm-none-eabi/14.2.1/thumb/v6-m/nofp\libstdc++.a
LOAD C:/PROGRA~2/ARMGNU~1/14EFD8~1.2RE/bin/../lib/gcc/arm-none-eabi/14.2.1/thumb/v6-m/nofp\libm.a
START GROUP
LOAD C:/PROGRA~2/ARMGNU~1/14EFD8~1.2RE/bin/../lib/gcc/arm-none-eabi/14.2.1/thumb/v6-m/nofp\libgcc.a
LOAD C:/PROGRA~2/ARMGNU~1/14EFD8~1.2RE/bin/../lib/gcc/arm-none-eabi/14.2.1/thumb/v6-m/nofp\libg.a
LOAD C:/PROGRA~2/ARMGNU~1/14EFD8~1.2RE/bin/../lib/gcc/arm-none-eabi/14.2.1/thumb/v6-m/nofp\libc.a
END GROUP
START GROUP
LOAD C:/PROGRA~2/ARMGNU~1/14EFD8~1.2RE/bin/../lib/gcc/arm-none-eabi/14.2.1/thumb/v6-m/nofp\libgcc.a
LOAD C:/PROGRA~2/ARMGNU~1/14EFD8~1.2RE/bin/../lib/gcc/arm-none-eabi/14.2.1/thumb/v6-m/nofp\libc.a
LOAD C:/PROGRA~2/ARMGNU~1/14EFD8~1.2RE/bin/../lib/gcc/arm-none-eabi/14.2.1/thumb/v6-m/nofp\libnosys.a
END GROUP
LOAD C:/PROGRA~2/ARMGNU~1/14EFD8~1.2RE/bin/../lib/gcc/arm-none-eabi/14.2.1/thumb/v6-m/nofp/crtend.o
LOAD C:/PROGRA~2/ARMGNU~1/14EFD8~1.2RE/bin/../lib/gcc/arm-none-eabi/14.2.1/thumb/v6-m/nofp/crtn.o
OUTPUT(rp2040_pwm_led.elf elf32-littlearm)
LOAD linker stubs

.ARM.attributes
                0x00000000       0x28
 .ARM.attributes
                0x00000000       0x1e C:/PROGRA~2/ARMGNU~1/14EFD8~1.2RE/bin/../lib/gcc/arm-none-eabi/14.2.1/thumb/v6-m/nofp/crti.o
 .ARM.attributes
                0x0000001e       0x2c C:/PROGRA~2/ARMGNU~1/14EFD8~1.2RE/bin/../lib/gcc/arm-none-eabi/14.2.1/thumb/v6-m/nofp/crtbegin.o
 .ARM.attributes
                0x0000004a       0x2c CMakeFiles/rp2040_pwm_led.dir/main.c.obj
 .ARM.attributes
                0x00000076       0x2c CMakeFiles/rp2040_pwm_led.dir/C_/dev/pico-sdk/src/rp2_common/hardware_gpio/gpio.c.obj
 .ARM.attributes
                0x000000a2       0x2c CMakeFiles/rp2040_pwm_led.dir/C_/dev/pico-sdk/src/rp2_common/pico_platform_panic/panic.c.obj
 .ARM.attributes
                0x000000ce       0x2c CMakeFiles/rp2040_pwm_led.dir/C_/dev/pico-sdk/src/common/hardware_claim/claim.c.obj
 .ARM.attributes
                0x000000fa       0x2c CMakeFiles/rp2040_pwm_led.dir/C_/dev/pico-sdk/src/rp2_common/hardware_sync/sync.c.obj
 .ARM.attributes
                0x00000126       0x2c CMakeFiles/rp2040_pwm_led.dir/C_/dev/pico-sdk/src/rp2_common/hardware_sync_spin_lock/sync_spin_lock.c.obj
 .ARM.attributes
                0x00000152       0x2c CMakeFiles/rp2040_pwm_led.dir/C_/dev/pico-sdk/src/rp2_common/hardware_irq/irq.c.obj
 .ARM.attributes
                0x0000017e       0x2c CMakeFiles/rp2040_pwm_led.dir/C_/dev/pico-sdk/src/common/pico_sync/lock_core.c.obj
 .ARM.attributes
                0x000001aa       0x2c CMakeFiles/rp2040_pwm_led.dir/C_/dev/pico-sdk/src/common/pico_sync/mutex.c.obj
 .ARM.attributes
                0x000001d6       0x2c CMakeFiles/rp2040_pwm_led.dir/C_/dev/pico-sdk/src/common/pico_time/time.c.obj
 .ARM.attributes
                0x00000202       0x2c CMakeFiles/rp2040_pwm_led.dir/C_/dev/pico-sdk/src/rp2_common/hardware_timer/timer.c.obj
 .ARM.attributes
                0x0000022e       0x2c CMakeFiles/rp2040_pwm_led.dir/C_/dev/pico-sdk/src/rp2_common/hardware_clocks/clocks.c.obj
 .ARM.attributes
                0x0000025a       0x2c CMakeFiles/rp2040_pwm_led.dir/C_/dev/pico-sdk/src/rp2_common/hardware_pll/pll.c.obj
 .ARM.attributes
                0x00000286       0x2c CMakeFiles/rp2040_pwm_led.dir/C_/dev/pico-sdk/src/rp2_common/hardware_ticks/ticks.c.obj
 .ARM.attributes
                0x000002b2       0x2c CMakeFiles/rp2040_pwm_led.dir/C_/dev/pico-sdk/src/rp2_common/pico_bootrom/bootrom.c.obj
 .ARM.attributes
                0x000002de       0x2c CMakeFiles/rp2040_pwm_led.dir/C_/dev/pico-sdk/src/rp2_common/hardware_xosc/xosc.c.obj
 .ARM.attributes
                0x0000030a       0x2c CMakeFiles/rp2040_pwm_led.dir/C_/dev/pico-sdk/src/rp2_common/pico_runtime/runtime.c.obj
 .ARM.attributes
                0x00000336       0x2c CMakeFiles/rp2040_pwm_led.dir/C_/dev/pico-sdk/src/rp2_common/pico_runtime_init/runtime_init.c.obj
 .ARM.attributes
                0x00000362       0x2c CMakeFiles/rp2040_pwm_led.dir/C_/dev/pico-sdk/src/rp2_common/pico_runtime_init/runtime_init_clocks.c.obj
 .ARM.attributes
                0x0000038e       0x22 CMakeFiles/rp2040_pwm_led.dir/C_/dev/pico-sdk/src/rp2_common/pico_bit_ops/bit_ops_aeabi.S.obj
 .ARM.attributes
                0x000003b0       0x22 CMakeFiles/rp2040_pwm_led.dir/C_/dev/pico-sdk/src/rp2_common/pico_divider/divider_hardware.S.obj
 .ARM.attributes
                0x000003d2       0x22 CMakeFiles/rp2040_pwm_led.dir/C_/dev/pico-sdk/src/rp2_common/pico_double/double_aeabi_rp2040.S.obj
 .ARM.attributes
                0x000003f4       0x2c CMakeFiles/rp2040_pwm_led.dir/C_/dev/pico-sdk/src/rp2_common/pico_double/double_init_rom_rp2040.c.obj
 .ARM.attributes
                0x00000420       0x22 CMakeFiles/rp2040_pwm_led.dir/C_/dev/pico-sdk/src/rp2_common/pico_double/double_v1_rom_shim_rp2040.S.obj
 .ARM.attributes
                0x00000442       0x22 CMakeFiles/rp2040_pwm_led.dir/C_/dev/pico-sdk/src/rp2_common/pico_int64_ops/pico_int64_ops_aeabi.S.obj
 .ARM.attributes
                0x00000464       0x22 CMakeFiles/rp2040_pwm_led.dir/C_/dev/pico-sdk/src/rp2_common/pico_float/float_aeabi_rp2040.S.obj
 .ARM.attributes
                0x00000486       0x2c CMakeFiles/rp2040_pwm_led.dir/C_/dev/pico-sdk/src/rp2_common/pico_float/float_init_rom_rp2040.c.obj
 .ARM.attributes
                0x000004b2       0x22 CMakeFiles/rp2040_pwm_led.dir/C_/dev/pico-sdk/src/rp2_common/pico_float/float_v1_rom_shim_rp2040.S.obj
 .ARM.attributes
                0x000004d4       0x22 CMakeFiles/rp2040_pwm_led.dir/C_/dev/pico-sdk/src/rp2_common/pico_mem_ops/mem_ops_aeabi.S.obj
 .ARM.attributes
                0x000004f6       0x2c CMakeFiles/rp2040_pwm_led.dir/C_/dev/pico-sdk/src/rp2_common/pico_standard_binary_info/standard_binary_info.c.obj
 .ARM.attributes
                0x00000522       0x2c CMakeFiles/rp2040_pwm_led.dir/C_/dev/pico-sdk/src/rp2_common/pico_printf/printf.c.obj
 .ARM.attributes
                0x0000054e       0x22 CMakeFiles/rp2040_pwm_led.dir/C_/dev/pico-sdk/src/rp2_common/pico_crt0/crt0.S.obj
 .ARM.attributes
                0x00000570       0x2c CMakeFiles/rp2040_pwm_led.dir/C_/dev/pico-sdk/src/rp2_common/pico_clib_interface/newlib_interface.c.obj
 .ARM.attributes
                0x0000059c       0x2c CMakeFiles/rp2040_pwm_led.dir/C_/dev/pico-sdk/src/rp2_common/pico_stdio/stdio.c.obj
 .ARM.attributes
                0x000005c8       0x22 pico-sdk/src/rp2040/boot_stage2/CMakeFiles/bs2_default_library.dir/./bs2_default_padded_checksummed.S.obj
 .ARM.attributes
                0x000005ea       0x1e C:/PROGRA~2/ARMGNU~1/14EFD8~1.2RE/bin/../lib/gcc/arm-none-eabi/14.2.1/thumb/v6-m/nofp\libgcc.a(_dvmd_tls.o)
 .ARM.attributes
                0x00000608       0x2c C:/PROGRA~2/ARMGNU~1/14EFD8~1.2RE/bin/../lib/gcc/arm-none-eabi/14.2.1/thumb/v6-m/nofp\libg.a(libc_a-strlen-stub.o)
 .ARM.attributes
                0x00000634       0x2c C:/PROGRA~2/ARMGNU~1/14EFD8~1.2RE/bin/../lib/gcc/arm-none-eabi/14.2.1/thumb/v6-m/nofp/crtend.o

.comment        0x00000000       0x45
 .comment       0x00000000       0x45 CMakeFiles/rp2040_pwm_led.dir/main.c.obj
                                 0x46 (size before relaxing)
 .comment       0x00000045       0x46 CMakeFiles/rp2040_pwm_led.dir/C_/dev/pico-sdk/src/rp2_common/hardware_gpio/gpio.c.obj
 .comment       0x00000045       0x46 CMakeFiles/rp2040_pwm_led.dir/C_/dev/pico-sdk/src/rp2_common/pico_platform_panic/panic.c.obj
 .comment       0x00000045       0x46 CMakeFiles/rp2040_pwm_led.dir/C_/dev/pico-sdk/src/common/hardware_claim/claim.c.obj
 .comment       0x00000045       0x46 CMakeFiles/rp2040_pwm_led.dir/C_/dev/pico-sdk/src/rp2_common/hardware_sync/sync.c.obj
 .comment       0x00000045       0x46 CMakeFiles/rp2040_pwm_led.dir/C_/dev/pico-sdk/src/rp2_common/hardware_sync_spin_lock/sync_spin_lock.c.obj
 .comment       0x00000045       0x46 CMakeFiles/rp2040_pwm_led.dir/C_/dev/pico-sdk/src/rp2_common/hardware_irq/irq.c.obj
 .comment       0x00000045       0x46 CMakeFiles/rp2040_pwm_led.dir/C_/dev/pico-sdk/src/common/pico_sync/lock_core.c.obj
 .comment       0x00000045       0x46 CMakeFiles/rp2040_pwm_led.dir/C_/dev/pico-sdk/src/common/pico_sync/mutex.c.obj
 .comment       0x00000045       0x46 CMakeFiles/rp2040_pwm_led.dir/C_/dev/pico-sdk/src/common/pico_time/time.c.obj
 .comment       0x00000045       0x46 CMakeFiles/rp2040_pwm_led.dir/C_/dev/pico-sdk/src/rp2_common/hardware_timer/timer.c.obj
 .comment       0x00000045       0x46 CMakeFiles/rp2040_pwm_led.dir/C_/dev/pico-sdk/src/rp2_common/hardware_clocks/clocks.c.obj
 .comment       0x00000045       0x46 CMakeFiles/rp2040_pwm_led.dir/C_/dev/pico-sdk/src/rp2_common/hardware_pll/pll.c.obj
 .comment       0x00000045       0x46 CMakeFiles/rp2040_pwm_led.dir/C_/dev/pico-sdk/src/rp2_common/hardware_ticks/ticks.c.obj
 .comment       0x00000045       0x46 CMakeFiles/rp2040_pwm_led.dir/C_/dev/pico-sdk/src/rp2_common/pico_bootrom/bootrom.c.obj
 .comment       0x00000045       0x46 CMakeFiles/rp2040_pwm_led.dir/C_/dev/pico-sdk/src/rp2_common/hardware_xosc/xosc.c.obj
 .comment       0x00000045       0x46 CMakeFiles/rp2040_pwm_led.dir/C_/dev/pico-sdk/src/rp2_common/pico_runtime/runtime.c.obj
 .comment       0x00000045       0x46 CMakeFiles/rp2040_pwm_led.dir/C_/dev/pico-sdk/src/rp2_common/pico_runtime_init/runtime_init.c.obj
 .comment       0x00000045       0x46 CMakeFiles/rp2040_pwm_led.dir/C_/dev/pico-sdk/src/rp2_common/pico_runtime_init/runtime_init_clocks.c.obj
 .comment       0x00000045       0x46 CMakeFiles/rp2040_pwm_led.dir/C_/dev/pico-sdk/src/rp2_common/pico_double/double_init_rom_rp2040.c.obj
 .comment       0x00000045       0x46 CMakeFiles/rp2040_pwm_led.dir/C_/dev/pico-sdk/src/rp2_common/pico_float/float_init_rom_rp2040.c.obj
 .comment       0x00000045       0x46 CMakeFiles/rp2040_pwm_led.dir/C_/dev/pico-sdk/src/rp2_common/pico_standard_binary_info/standard_binary_info.c.obj
 .comment       0x00000045       0x46 CMakeFiles/rp2040_pwm_led.dir/C_/dev/pico-sdk/src/rp2_common/pico_printf/printf.c.obj
 .comment       0x00000045       0x46 CMakeFiles/rp2040_pwm_led.dir/C_/dev/pico-sdk/src/rp2_common/pico_clib_interface/newlib_interface.c.obj
 .comment       0x00000045       0x46 CMakeFiles/rp2040_pwm_led.dir/C_/dev/pico-sdk/src/rp2_common/pico_stdio/stdio.c.obj

.debug_info     0x00000000    0x1adb4
 .debug_info    0x00000000     0x1020 CMakeFiles/rp2040_pwm_led.dir/main.c.obj
 .debug_info    0x00001020     0x2421 CMakeFiles/rp2040_pwm_led.dir/C_/dev/pico-sdk/src/rp2_common/hardware_gpio/gpio.c.obj
 .debug_info    0x00003441      0x1bf CMakeFiles/rp2040_pwm_led.dir/C_/dev/pico-sdk/src/rp2_common/pico_platform_panic/panic.c.obj
 .debug_info    0x00003600      0x9a1 CMakeFiles/rp2040_pwm_led.dir/C_/dev/pico-sdk/src/common/hardware_claim/claim.c.obj
 .debug_info    0x00003fa1      0x45c CMakeFiles/rp2040_pwm_led.dir/C_/dev/pico-sdk/src/rp2_common/hardware_sync/sync.c.obj
 .debug_info    0x000043fd      0x245 CMakeFiles/rp2040_pwm_led.dir/C_/dev/pico-sdk/src/rp2_common/hardware_sync_spin_lock/sync_spin_lock.c.obj
 .debug_info    0x00004642     0x2233 CMakeFiles/rp2040_pwm_led.dir/C_/dev/pico-sdk/src/rp2_common/hardware_irq/irq.c.obj
 .debug_info    0x00006875      0x15f CMakeFiles/rp2040_pwm_led.dir/C_/dev/pico-sdk/src/common/pico_sync/lock_core.c.obj
 .debug_info    0x000069d4     0x2815 CMakeFiles/rp2040_pwm_led.dir/C_/dev/pico-sdk/src/common/pico_sync/mutex.c.obj
 .debug_info    0x000091e9     0x5065 CMakeFiles/rp2040_pwm_led.dir/C_/dev/pico-sdk/src/common/pico_time/time.c.obj
 .debug_info    0x0000e24e     0x2b37 CMakeFiles/rp2040_pwm_led.dir/C_/dev/pico-sdk/src/rp2_common/hardware_timer/timer.c.obj
 .debug_info    0x00010d85     0x2a05 CMakeFiles/rp2040_pwm_led.dir/C_/dev/pico-sdk/src/rp2_common/hardware_clocks/clocks.c.obj
 .debug_info    0x0001378a      0x4e5 CMakeFiles/rp2040_pwm_led.dir/C_/dev/pico-sdk/src/rp2_common/hardware_pll/pll.c.obj
 .debug_info    0x00013c6f      0x248 CMakeFiles/rp2040_pwm_led.dir/C_/dev/pico-sdk/src/rp2_common/hardware_ticks/ticks.c.obj
 .debug_info    0x00013eb7      0x678 CMakeFiles/rp2040_pwm_led.dir/C_/dev/pico-sdk/src/rp2_common/pico_bootrom/bootrom.c.obj
 .debug_info    0x0001452f      0x1d0 CMakeFiles/rp2040_pwm_led.dir/C_/dev/pico-sdk/src/rp2_common/hardware_xosc/xosc.c.obj
 .debug_info    0x000146ff      0x21a CMakeFiles/rp2040_pwm_led.dir/C_/dev/pico-sdk/src/rp2_common/pico_runtime/runtime.c.obj
 .debug_info    0x00014919      0x7ea CMakeFiles/rp2040_pwm_led.dir/C_/dev/pico-sdk/src/rp2_common/pico_runtime_init/runtime_init.c.obj
 .debug_info    0x00015103      0x781 CMakeFiles/rp2040_pwm_led.dir/C_/dev/pico-sdk/src/rp2_common/pico_runtime_init/runtime_init_clocks.c.obj
 .debug_info    0x00015884       0x23 CMakeFiles/rp2040_pwm_led.dir/C_/dev/pico-sdk/src/rp2_common/pico_bit_ops/bit_ops_aeabi.S.obj
 .debug_info    0x000158a7       0x23 CMakeFiles/rp2040_pwm_led.dir/C_/dev/pico-sdk/src/rp2_common/pico_divider/divider_hardware.S.obj
 .debug_info    0x000158ca       0x23 CMakeFiles/rp2040_pwm_led.dir/C_/dev/pico-sdk/src/rp2_common/pico_double/double_aeabi_rp2040.S.obj
 .debug_info    0x000158ed      0x27e CMakeFiles/rp2040_pwm_led.dir/C_/dev/pico-sdk/src/rp2_common/pico_double/double_init_rom_rp2040.c.obj
 .debug_info    0x00015b6b       0x23 CMakeFiles/rp2040_pwm_led.dir/C_/dev/pico-sdk/src/rp2_common/pico_double/double_v1_rom_shim_rp2040.S.obj
 .debug_info    0x00015b8e       0x24 CMakeFiles/rp2040_pwm_led.dir/C_/dev/pico-sdk/src/rp2_common/pico_int64_ops/pico_int64_ops_aeabi.S.obj
 .debug_info    0x00015bb2       0x23 CMakeFiles/rp2040_pwm_led.dir/C_/dev/pico-sdk/src/rp2_common/pico_float/float_aeabi_rp2040.S.obj
 .debug_info    0x00015bd5      0x27e CMakeFiles/rp2040_pwm_led.dir/C_/dev/pico-sdk/src/rp2_common/pico_float/float_init_rom_rp2040.c.obj
 .debug_info    0x00015e53       0x23 CMakeFiles/rp2040_pwm_led.dir/C_/dev/pico-sdk/src/rp2_common/pico_float/float_v1_rom_shim_rp2040.S.obj
 .debug_info    0x00015e76       0x23 CMakeFiles/rp2040_pwm_led.dir/C_/dev/pico-sdk/src/rp2_common/pico_mem_ops/mem_ops_aeabi.S.obj
 .debug_info    0x00015e99      0x2b8 CMakeFiles/rp2040_pwm_led.dir/C_/dev/pico-sdk/src/rp2_common/pico_standard_binary_info/standard_binary_info.c.obj
 .debug_info    0x00016151     0x22f2 CMakeFiles/rp2040_pwm_led.dir/C_/dev/pico-sdk/src/rp2_common/pico_printf/printf.c.obj
 .debug_info    0x00018443       0x23 CMakeFiles/rp2040_pwm_led.dir/C_/dev/pico-sdk/src/rp2_common/pico_crt0/crt0.S.obj
 .debug_info    0x00018466      0xbbe CMakeFiles/rp2040_pwm_led.dir/C_/dev/pico-sdk/src/rp2_common/pico_clib_interface/newlib_interface.c.obj
 .debug_info    0x00019024     0x1d90 CMakeFiles/rp2040_pwm_led.dir/C_/dev/pico-sdk/src/rp2_common/pico_stdio/stdio.c.obj

.debug_abbrev   0x00000000     0x4b2e
 .debug_abbrev  0x00000000      0x321 CMakeFiles/rp2040_pwm_led.dir/main.c.obj
 .debug_abbrev  0x00000321      0x4f9 CMakeFiles/rp2040_pwm_led.dir/C_/dev/pico-sdk/src/rp2_common/hardware_gpio/gpio.c.obj
 .debug_abbrev  0x0000081a      0x12b CMakeFiles/rp2040_pwm_led.dir/C_/dev/pico-sdk/src/rp2_common/pico_platform_panic/panic.c.obj
 .debug_abbrev  0x00000945      0x328 CMakeFiles/rp2040_pwm_led.dir/C_/dev/pico-sdk/src/common/hardware_claim/claim.c.obj
 .debug_abbrev  0x00000c6d      0x20f CMakeFiles/rp2040_pwm_led.dir/C_/dev/pico-sdk/src/rp2_common/hardware_sync/sync.c.obj
 .debug_abbrev  0x00000e7c      0x1bb CMakeFiles/rp2040_pwm_led.dir/C_/dev/pico-sdk/src/rp2_common/hardware_sync_spin_lock/sync_spin_lock.c.obj
 .debug_abbrev  0x00001037      0x614 CMakeFiles/rp2040_pwm_led.dir/C_/dev/pico-sdk/src/rp2_common/hardware_irq/irq.c.obj
 .debug_abbrev  0x0000164b       0xee CMakeFiles/rp2040_pwm_led.dir/C_/dev/pico-sdk/src/common/pico_sync/lock_core.c.obj
 .debug_abbrev  0x00001739      0x48c CMakeFiles/rp2040_pwm_led.dir/C_/dev/pico-sdk/src/common/pico_sync/mutex.c.obj
 .debug_abbrev  0x00001bc5      0x659 CMakeFiles/rp2040_pwm_led.dir/C_/dev/pico-sdk/src/common/pico_time/time.c.obj
 .debug_abbrev  0x0000221e      0x4f2 CMakeFiles/rp2040_pwm_led.dir/C_/dev/pico-sdk/src/rp2_common/hardware_timer/timer.c.obj
 .debug_abbrev  0x00002710      0x512 CMakeFiles/rp2040_pwm_led.dir/C_/dev/pico-sdk/src/rp2_common/hardware_clocks/clocks.c.obj
 .debug_abbrev  0x00002c22      0x1d2 CMakeFiles/rp2040_pwm_led.dir/C_/dev/pico-sdk/src/rp2_common/hardware_pll/pll.c.obj
 .debug_abbrev  0x00002df4      0x145 CMakeFiles/rp2040_pwm_led.dir/C_/dev/pico-sdk/src/rp2_common/hardware_ticks/ticks.c.obj
 .debug_abbrev  0x00002f39      0x1bc CMakeFiles/rp2040_pwm_led.dir/C_/dev/pico-sdk/src/rp2_common/pico_bootrom/bootrom.c.obj
 .debug_abbrev  0x000030f5      0x11d CMakeFiles/rp2040_pwm_led.dir/C_/dev/pico-sdk/src/rp2_common/hardware_xosc/xosc.c.obj
 .debug_abbrev  0x00003212      0x182 CMakeFiles/rp2040_pwm_led.dir/C_/dev/pico-sdk/src/rp2_common/pico_runtime/runtime.c.obj
 .debug_abbrev  0x00003394      0x26b CMakeFiles/rp2040_pwm_led.dir/C_/dev/pico-sdk/src/rp2_common/pico_runtime_init/runtime_init.c.obj
 .debug_abbrev  0x000035ff      0x2af CMakeFiles/rp2040_pwm_led.dir/C_/dev/pico-sdk/src/rp2_common/pico_runtime_init/runtime_init_clocks.c.obj
 .debug_abbrev  0x000038ae       0x12 CMakeFiles/rp2040_pwm_led.dir/C_/dev/pico-sdk/src/rp2_common/pico_bit_ops/bit_ops_aeabi.S.obj
 .debug_abbrev  0x000038c0       0x12 CMakeFiles/rp2040_pwm_led.dir/C_/dev/pico-sdk/src/rp2_common/pico_divider/divider_hardware.S.obj
 .debug_abbrev  0x000038d2       0x12 CMakeFiles/rp2040_pwm_led.dir/C_/dev/pico-sdk/src/rp2_common/pico_double/double_aeabi_rp2040.S.obj
 .debug_abbrev  0x000038e4      0x17a CMakeFiles/rp2040_pwm_led.dir/C_/dev/pico-sdk/src/rp2_common/pico_double/double_init_rom_rp2040.c.obj
 .debug_abbrev  0x00003a5e       0x12 CMakeFiles/rp2040_pwm_led.dir/C_/dev/pico-sdk/src/rp2_common/pico_double/double_v1_rom_shim_rp2040.S.obj
 .debug_abbrev  0x00003a70       0x14 CMakeFiles/rp2040_pwm_led.dir/C_/dev/pico-sdk/src/rp2_common/pico_int64_ops/pico_int64_ops_aeabi.S.obj
 .debug_abbrev  0x00003a84       0x12 CMakeFiles/rp2040_pwm_led.dir/C_/dev/pico-sdk/src/rp2_common/pico_float/float_aeabi_rp2040.S.obj
 .debug_abbrev  0x00003a96      0x173 CMakeFiles/rp2040_pwm_led.dir/C_/dev/pico-sdk/src/rp2_common/pico_float/float_init_rom_rp2040.c.obj
 .debug_abbrev  0x00003c09       0x12 CMakeFiles/rp2040_pwm_led.dir/C_/dev/pico-sdk/src/rp2_common/pico_float/float_v1_rom_shim_rp2040.S.obj
 .debug_abbrev  0x00003c1b       0x12 CMakeFiles/rp2040_pwm_led.dir/C_/dev/pico-sdk/src/rp2_common/pico_mem_ops/mem_ops_aeabi.S.obj
 .debug_abbrev  0x00003c2d       0xb8 CMakeFiles/rp2040_pwm_led.dir/C_/dev/pico-sdk/src/rp2_common/pico_standard_binary_info/standard_binary_info.c.obj
 .debug_abbrev  0x00003ce5      0x50c CMakeFiles/rp2040_pwm_led.dir/C_/dev/pico-sdk/src/rp2_common/pico_printf/printf.c.obj
 .debug_abbrev  0x000041f1       0x12 CMakeFiles/rp2040_pwm_led.dir/C_/dev/pico-sdk/src/rp2_common/pico_crt0/crt0.S.obj
 .debug_abbrev  0x00004203      0x352 CMakeFiles/rp2040_pwm_led.dir/C_/dev/pico-sdk/src/rp2_common/pico_clib_interface/newlib_interface.c.obj
 .debug_abbrev  0x00004555      0x5d9 CMakeFiles/rp2040_pwm_led.dir/C_/dev/pico-sdk/src/rp2_common/pico_stdio/stdio.c.obj

.debug_loclists
                0x00000000    0x1010f
 .debug_loclists
                0x00000000      0x60d CMakeFiles/rp2040_pwm_led.dir/main.c.obj
 .debug_loclists
                0x0000060d     0x1a7f CMakeFiles/rp2040_pwm_led.dir/C_/dev/pico-sdk/src/rp2_common/hardware_gpio/gpio.c.obj
 .debug_loclists
                0x0000208c      0x349 CMakeFiles/rp2040_pwm_led.dir/C_/dev/pico-sdk/src/common/hardware_claim/claim.c.obj
 .debug_loclists
                0x000023d5      0x108 CMakeFiles/rp2040_pwm_led.dir/C_/dev/pico-sdk/src/rp2_common/hardware_sync/sync.c.obj
 .debug_loclists
                0x000024dd       0x7d CMakeFiles/rp2040_pwm_led.dir/C_/dev/pico-sdk/src/rp2_common/hardware_sync_spin_lock/sync_spin_lock.c.obj
 .debug_loclists
                0x0000255a     0x11ed CMakeFiles/rp2040_pwm_led.dir/C_/dev/pico-sdk/src/rp2_common/hardware_irq/irq.c.obj
 .debug_loclists
                0x00003747       0x41 CMakeFiles/rp2040_pwm_led.dir/C_/dev/pico-sdk/src/common/pico_sync/lock_core.c.obj
 .debug_loclists
                0x00003788      0xaec CMakeFiles/rp2040_pwm_led.dir/C_/dev/pico-sdk/src/common/pico_sync/mutex.c.obj
 .debug_loclists
                0x00004274     0x27af CMakeFiles/rp2040_pwm_led.dir/C_/dev/pico-sdk/src/common/pico_time/time.c.obj
 .debug_loclists
                0x00006a23     0x19f1 CMakeFiles/rp2040_pwm_led.dir/C_/dev/pico-sdk/src/rp2_common/hardware_timer/timer.c.obj
 .debug_loclists
                0x00008414     0x2b7c CMakeFiles/rp2040_pwm_led.dir/C_/dev/pico-sdk/src/rp2_common/hardware_clocks/clocks.c.obj
 .debug_loclists
                0x0000af90      0x1e0 CMakeFiles/rp2040_pwm_led.dir/C_/dev/pico-sdk/src/rp2_common/hardware_pll/pll.c.obj
 .debug_loclists
                0x0000b170       0x47 CMakeFiles/rp2040_pwm_led.dir/C_/dev/pico-sdk/src/rp2_common/hardware_ticks/ticks.c.obj
 .debug_loclists
                0x0000b1b7      0x351 CMakeFiles/rp2040_pwm_led.dir/C_/dev/pico-sdk/src/rp2_common/pico_bootrom/bootrom.c.obj
 .debug_loclists
                0x0000b508       0x48 CMakeFiles/rp2040_pwm_led.dir/C_/dev/pico-sdk/src/rp2_common/hardware_xosc/xosc.c.obj
 .debug_loclists
                0x0000b550       0x7e CMakeFiles/rp2040_pwm_led.dir/C_/dev/pico-sdk/src/rp2_common/pico_runtime/runtime.c.obj
 .debug_loclists
                0x0000b5ce      0x139 CMakeFiles/rp2040_pwm_led.dir/C_/dev/pico-sdk/src/rp2_common/pico_runtime_init/runtime_init.c.obj
 .debug_loclists
                0x0000b707       0x74 CMakeFiles/rp2040_pwm_led.dir/C_/dev/pico-sdk/src/rp2_common/pico_runtime_init/runtime_init_clocks.c.obj
 .debug_loclists
                0x0000b77b       0x3d CMakeFiles/rp2040_pwm_led.dir/C_/dev/pico-sdk/src/rp2_common/pico_double/double_init_rom_rp2040.c.obj
 .debug_loclists
                0x0000b7b8       0x59 CMakeFiles/rp2040_pwm_led.dir/C_/dev/pico-sdk/src/rp2_common/pico_float/float_init_rom_rp2040.c.obj
 .debug_loclists
                0x0000b811     0x355f CMakeFiles/rp2040_pwm_led.dir/C_/dev/pico-sdk/src/rp2_common/pico_printf/printf.c.obj
 .debug_loclists
                0x0000ed70      0x44e CMakeFiles/rp2040_pwm_led.dir/C_/dev/pico-sdk/src/rp2_common/pico_clib_interface/newlib_interface.c.obj
 .debug_loclists
                0x0000f1be      0xf51 CMakeFiles/rp2040_pwm_led.dir/C_/dev/pico-sdk/src/rp2_common/pico_stdio/stdio.c.obj

.debug_aranges  0x00000000      0xe68
 .debug_aranges
                0x00000000       0x20 CMakeFiles/rp2040_pwm_led.dir/main.c.obj
 .debug_aranges
                0x00000020      0x118 CMakeFiles/rp2040_pwm_led.dir/C_/dev/pico-sdk/src/rp2_common/hardware_gpio/gpio.c.obj
 .debug_aranges
                0x00000138       0x28 CMakeFiles/rp2040_pwm_led.dir/C_/dev/pico-sdk/src/rp2_common/pico_platform_panic/panic.c.obj
 .debug_aranges
                0x00000160       0x48 CMakeFiles/rp2040_pwm_led.dir/C_/dev/pico-sdk/src/common/hardware_claim/claim.c.obj
 .debug_aranges
                0x000001a8       0x48 CMakeFiles/rp2040_pwm_led.dir/C_/dev/pico-sdk/src/rp2_common/hardware_sync/sync.c.obj
 .debug_aranges
                0x000001f0       0x28 CMakeFiles/rp2040_pwm_led.dir/C_/dev/pico-sdk/src/rp2_common/hardware_sync_spin_lock/sync_spin_lock.c.obj
 .debug_aranges
                0x00000218       0xb8 CMakeFiles/rp2040_pwm_led.dir/C_/dev/pico-sdk/src/rp2_common/hardware_irq/irq.c.obj
 .debug_aranges
                0x000002d0       0x20 CMakeFiles/rp2040_pwm_led.dir/C_/dev/pico-sdk/src/common/pico_sync/lock_core.c.obj
 .debug_aranges
                0x000002f0       0x98 CMakeFiles/rp2040_pwm_led.dir/C_/dev/pico-sdk/src/common/pico_sync/mutex.c.obj
 .debug_aranges
                0x00000388       0xe0 CMakeFiles/rp2040_pwm_led.dir/C_/dev/pico-sdk/src/common/pico_time/time.c.obj
 .debug_aranges
                0x00000468       0xf0 CMakeFiles/rp2040_pwm_led.dir/C_/dev/pico-sdk/src/rp2_common/hardware_timer/timer.c.obj
 .debug_aranges
                0x00000558       0x90 CMakeFiles/rp2040_pwm_led.dir/C_/dev/pico-sdk/src/rp2_common/hardware_clocks/clocks.c.obj
 .debug_aranges
                0x000005e8       0x28 CMakeFiles/rp2040_pwm_led.dir/C_/dev/pico-sdk/src/rp2_common/hardware_pll/pll.c.obj
 .debug_aranges
                0x00000610       0x30 CMakeFiles/rp2040_pwm_led.dir/C_/dev/pico-sdk/src/rp2_common/hardware_ticks/ticks.c.obj
 .debug_aranges
                0x00000640       0x40 CMakeFiles/rp2040_pwm_led.dir/C_/dev/pico-sdk/src/rp2_common/pico_bootrom/bootrom.c.obj
 .debug_aranges
                0x00000680       0x30 CMakeFiles/rp2040_pwm_led.dir/C_/dev/pico-sdk/src/rp2_common/hardware_xosc/xosc.c.obj
 .debug_aranges
                0x000006b0       0x38 CMakeFiles/rp2040_pwm_led.dir/C_/dev/pico-sdk/src/rp2_common/pico_runtime/runtime.c.obj
 .debug_aranges
                0x000006e8       0x48 CMakeFiles/rp2040_pwm_led.dir/C_/dev/pico-sdk/src/rp2_common/pico_runtime_init/runtime_init.c.obj
 .debug_aranges
                0x00000730       0x20 CMakeFiles/rp2040_pwm_led.dir/C_/dev/pico-sdk/src/rp2_common/pico_runtime_init/runtime_init_clocks.c.obj
 .debug_aranges
                0x00000750       0x60 CMakeFiles/rp2040_pwm_led.dir/C_/dev/pico-sdk/src/rp2_common/pico_bit_ops/bit_ops_aeabi.S.obj
 .debug_aranges
                0x000007b0       0x40 CMakeFiles/rp2040_pwm_led.dir/C_/dev/pico-sdk/src/rp2_common/pico_divider/divider_hardware.S.obj
 .debug_aranges
                0x000007f0      0x150 CMakeFiles/rp2040_pwm_led.dir/C_/dev/pico-sdk/src/rp2_common/pico_double/double_aeabi_rp2040.S.obj
 .debug_aranges
                0x00000940       0x20 CMakeFiles/rp2040_pwm_led.dir/C_/dev/pico-sdk/src/rp2_common/pico_double/double_init_rom_rp2040.c.obj
 .debug_aranges
                0x00000960       0xc8 CMakeFiles/rp2040_pwm_led.dir/C_/dev/pico-sdk/src/rp2_common/pico_double/double_v1_rom_shim_rp2040.S.obj
 .debug_aranges
                0x00000a28       0x20 CMakeFiles/rp2040_pwm_led.dir/C_/dev/pico-sdk/src/rp2_common/pico_int64_ops/pico_int64_ops_aeabi.S.obj
 .debug_aranges
                0x00000a48      0x138 CMakeFiles/rp2040_pwm_led.dir/C_/dev/pico-sdk/src/rp2_common/pico_float/float_aeabi_rp2040.S.obj
 .debug_aranges
                0x00000b80       0x20 CMakeFiles/rp2040_pwm_led.dir/C_/dev/pico-sdk/src/rp2_common/pico_float/float_init_rom_rp2040.c.obj
 .debug_aranges
                0x00000ba0       0x50 CMakeFiles/rp2040_pwm_led.dir/C_/dev/pico-sdk/src/rp2_common/pico_float/float_v1_rom_shim_rp2040.S.obj
 .debug_aranges
                0x00000bf0       0x38 CMakeFiles/rp2040_pwm_led.dir/C_/dev/pico-sdk/src/rp2_common/pico_mem_ops/mem_ops_aeabi.S.obj
 .debug_aranges
                0x00000c28       0x18 CMakeFiles/rp2040_pwm_led.dir/C_/dev/pico-sdk/src/rp2_common/pico_standard_binary_info/standard_binary_info.c.obj
 .debug_aranges
                0x00000c40       0x90 CMakeFiles/rp2040_pwm_led.dir/C_/dev/pico-sdk/src/rp2_common/pico_printf/printf.c.obj
 .debug_aranges
                0x00000cd0       0x28 CMakeFiles/rp2040_pwm_led.dir/C_/dev/pico-sdk/src/rp2_common/pico_crt0/crt0.S.obj
 .debug_aranges
                0x00000cf8       0xa8 CMakeFiles/rp2040_pwm_led.dir/C_/dev/pico-sdk/src/rp2_common/pico_clib_interface/newlib_interface.c.obj
 .debug_aranges
                0x00000da0       0xc8 CMakeFiles/rp2040_pwm_led.dir/C_/dev/pico-sdk/src/rp2_common/pico_stdio/stdio.c.obj

.debug_rnglists
                0x00000000     0x2b14
 .debug_rnglists
                0x00000000       0xff CMakeFiles/rp2040_pwm_led.dir/main.c.obj
 .debug_rnglists
                0x000000ff      0x5ca CMakeFiles/rp2040_pwm_led.dir/C_/dev/pico-sdk/src/rp2_common/hardware_gpio/gpio.c.obj
 .debug_rnglists
                0x000006c9       0x19 CMakeFiles/rp2040_pwm_led.dir/C_/dev/pico-sdk/src/rp2_common/pico_platform_panic/panic.c.obj
 .debug_rnglists
                0x000006e2       0xb6 CMakeFiles/rp2040_pwm_led.dir/C_/dev/pico-sdk/src/common/hardware_claim/claim.c.obj
 .debug_rnglists
                0x00000798       0x58 CMakeFiles/rp2040_pwm_led.dir/C_/dev/pico-sdk/src/rp2_common/hardware_sync/sync.c.obj
 .debug_rnglists
                0x000007f0       0x3d CMakeFiles/rp2040_pwm_led.dir/C_/dev/pico-sdk/src/rp2_common/hardware_sync_spin_lock/sync_spin_lock.c.obj
 .debug_rnglists
                0x0000082d      0x37d CMakeFiles/rp2040_pwm_led.dir/C_/dev/pico-sdk/src/rp2_common/hardware_irq/irq.c.obj
 .debug_rnglists
                0x00000baa       0x1f CMakeFiles/rp2040_pwm_led.dir/C_/dev/pico-sdk/src/common/pico_sync/lock_core.c.obj
 .debug_rnglists
                0x00000bc9      0x325 CMakeFiles/rp2040_pwm_led.dir/C_/dev/pico-sdk/src/common/pico_sync/mutex.c.obj
 .debug_rnglists
                0x00000eee      0x7dc CMakeFiles/rp2040_pwm_led.dir/C_/dev/pico-sdk/src/common/pico_time/time.c.obj
 .debug_rnglists
                0x000016ca      0x2c6 CMakeFiles/rp2040_pwm_led.dir/C_/dev/pico-sdk/src/rp2_common/hardware_timer/timer.c.obj
 .debug_rnglists
                0x00001990      0x5be CMakeFiles/rp2040_pwm_led.dir/C_/dev/pico-sdk/src/rp2_common/hardware_clocks/clocks.c.obj
 .debug_rnglists
                0x00001f4e       0x5c CMakeFiles/rp2040_pwm_led.dir/C_/dev/pico-sdk/src/rp2_common/hardware_pll/pll.c.obj
 .debug_rnglists
                0x00001faa       0x2b CMakeFiles/rp2040_pwm_led.dir/C_/dev/pico-sdk/src/rp2_common/hardware_ticks/ticks.c.obj
 .debug_rnglists
                0x00001fd5      0x112 CMakeFiles/rp2040_pwm_led.dir/C_/dev/pico-sdk/src/rp2_common/pico_bootrom/bootrom.c.obj
 .debug_rnglists
                0x000020e7       0x1f CMakeFiles/rp2040_pwm_led.dir/C_/dev/pico-sdk/src/rp2_common/hardware_xosc/xosc.c.obj
 .debug_rnglists
                0x00002106       0x3d CMakeFiles/rp2040_pwm_led.dir/C_/dev/pico-sdk/src/rp2_common/pico_runtime/runtime.c.obj
 .debug_rnglists
                0x00002143       0x4a CMakeFiles/rp2040_pwm_led.dir/C_/dev/pico-sdk/src/rp2_common/pico_runtime_init/runtime_init.c.obj
 .debug_rnglists
                0x0000218d       0x20 CMakeFiles/rp2040_pwm_led.dir/C_/dev/pico-sdk/src/rp2_common/pico_runtime_init/runtime_init_clocks.c.obj
 .debug_rnglists
                0x000021ad       0x43 CMakeFiles/rp2040_pwm_led.dir/C_/dev/pico-sdk/src/rp2_common/pico_bit_ops/bit_ops_aeabi.S.obj
 .debug_rnglists
                0x000021f0       0x2c CMakeFiles/rp2040_pwm_led.dir/C_/dev/pico-sdk/src/rp2_common/pico_divider/divider_hardware.S.obj
 .debug_rnglists
                0x0000221c       0xf9 CMakeFiles/rp2040_pwm_led.dir/C_/dev/pico-sdk/src/rp2_common/pico_double/double_aeabi_rp2040.S.obj
 .debug_rnglists
                0x00002315       0x14 CMakeFiles/rp2040_pwm_led.dir/C_/dev/pico-sdk/src/rp2_common/pico_double/double_init_rom_rp2040.c.obj
 .debug_rnglists
                0x00002329       0x99 CMakeFiles/rp2040_pwm_led.dir/C_/dev/pico-sdk/src/rp2_common/pico_double/double_v1_rom_shim_rp2040.S.obj
 .debug_rnglists
                0x000023c2       0xe5 CMakeFiles/rp2040_pwm_led.dir/C_/dev/pico-sdk/src/rp2_common/pico_float/float_aeabi_rp2040.S.obj
 .debug_rnglists
                0x000024a7       0x13 CMakeFiles/rp2040_pwm_led.dir/C_/dev/pico-sdk/src/rp2_common/pico_float/float_init_rom_rp2040.c.obj
 .debug_rnglists
                0x000024ba       0x38 CMakeFiles/rp2040_pwm_led.dir/C_/dev/pico-sdk/src/rp2_common/pico_float/float_v1_rom_shim_rp2040.S.obj
 .debug_rnglists
                0x000024f2       0x25 CMakeFiles/rp2040_pwm_led.dir/C_/dev/pico-sdk/src/rp2_common/pico_mem_ops/mem_ops_aeabi.S.obj
 .debug_rnglists
                0x00002517      0x2a2 CMakeFiles/rp2040_pwm_led.dir/C_/dev/pico-sdk/src/rp2_common/pico_printf/printf.c.obj
 .debug_rnglists
                0x000027b9       0x1b CMakeFiles/rp2040_pwm_led.dir/C_/dev/pico-sdk/src/rp2_common/pico_crt0/crt0.S.obj
 .debug_rnglists
                0x000027d4       0x85 CMakeFiles/rp2040_pwm_led.dir/C_/dev/pico-sdk/src/rp2_common/pico_clib_interface/newlib_interface.c.obj
 .debug_rnglists
                0x00002859      0x2bb CMakeFiles/rp2040_pwm_led.dir/C_/dev/pico-sdk/src/rp2_common/pico_stdio/stdio.c.obj

.debug_line     0x00000000    0x14dbf
 .debug_line    0x00000000      0x749 CMakeFiles/rp2040_pwm_led.dir/main.c.obj
 .debug_line    0x00000749     0x1bca CMakeFiles/rp2040_pwm_led.dir/C_/dev/pico-sdk/src/rp2_common/hardware_gpio/gpio.c.obj
 .debug_line    0x00002313      0x230 CMakeFiles/rp2040_pwm_led.dir/C_/dev/pico-sdk/src/rp2_common/pico_platform_panic/panic.c.obj
 .debug_line    0x00002543      0x858 CMakeFiles/rp2040_pwm_led.dir/C_/dev/pico-sdk/src/common/hardware_claim/claim.c.obj
 .debug_line    0x00002d9b      0x450 CMakeFiles/rp2040_pwm_led.dir/C_/dev/pico-sdk/src/rp2_common/hardware_sync/sync.c.obj
 .debug_line    0x000031eb      0x345 CMakeFiles/rp2040_pwm_led.dir/C_/dev/pico-sdk/src/rp2_common/hardware_sync_spin_lock/sync_spin_lock.c.obj
 .debug_line    0x00003530     0x16f8 CMakeFiles/rp2040_pwm_led.dir/C_/dev/pico-sdk/src/rp2_common/hardware_irq/irq.c.obj
 .debug_line    0x00004c28      0x270 CMakeFiles/rp2040_pwm_led.dir/C_/dev/pico-sdk/src/common/pico_sync/lock_core.c.obj
 .debug_line    0x00004e98     0x1ac5 CMakeFiles/rp2040_pwm_led.dir/C_/dev/pico-sdk/src/common/pico_sync/mutex.c.obj
 .debug_line    0x0000695d     0x346c CMakeFiles/rp2040_pwm_led.dir/C_/dev/pico-sdk/src/common/pico_time/time.c.obj
 .debug_line    0x00009dc9     0x1c87 CMakeFiles/rp2040_pwm_led.dir/C_/dev/pico-sdk/src/rp2_common/hardware_timer/timer.c.obj
 .debug_line    0x0000ba50     0x2083 CMakeFiles/rp2040_pwm_led.dir/C_/dev/pico-sdk/src/rp2_common/hardware_clocks/clocks.c.obj
 .debug_line    0x0000dad3      0x479 CMakeFiles/rp2040_pwm_led.dir/C_/dev/pico-sdk/src/rp2_common/hardware_pll/pll.c.obj
 .debug_line    0x0000df4c      0x2cf CMakeFiles/rp2040_pwm_led.dir/C_/dev/pico-sdk/src/rp2_common/hardware_ticks/ticks.c.obj
 .debug_line    0x0000e21b      0x424 CMakeFiles/rp2040_pwm_led.dir/C_/dev/pico-sdk/src/rp2_common/pico_bootrom/bootrom.c.obj
 .debug_line    0x0000e63f      0x2ea CMakeFiles/rp2040_pwm_led.dir/C_/dev/pico-sdk/src/rp2_common/hardware_xosc/xosc.c.obj
 .debug_line    0x0000e929      0x2b7 CMakeFiles/rp2040_pwm_led.dir/C_/dev/pico-sdk/src/rp2_common/pico_runtime/runtime.c.obj
 .debug_line    0x0000ebe0      0x62f CMakeFiles/rp2040_pwm_led.dir/C_/dev/pico-sdk/src/rp2_common/pico_runtime_init/runtime_init.c.obj
 .debug_line    0x0000f20f      0x4a7 CMakeFiles/rp2040_pwm_led.dir/C_/dev/pico-sdk/src/rp2_common/pico_runtime_init/runtime_init_clocks.c.obj
 .debug_line    0x0000f6b6      0x108 CMakeFiles/rp2040_pwm_led.dir/C_/dev/pico-sdk/src/rp2_common/pico_bit_ops/bit_ops_aeabi.S.obj
 .debug_line    0x0000f7be      0x2a9 CMakeFiles/rp2040_pwm_led.dir/C_/dev/pico-sdk/src/rp2_common/pico_divider/divider_hardware.S.obj
 .debug_line    0x0000fa67      0x452 CMakeFiles/rp2040_pwm_led.dir/C_/dev/pico-sdk/src/rp2_common/pico_double/double_aeabi_rp2040.S.obj
 .debug_line    0x0000feb9      0x42f CMakeFiles/rp2040_pwm_led.dir/C_/dev/pico-sdk/src/rp2_common/pico_double/double_init_rom_rp2040.c.obj
 .debug_line    0x000102e8      0x66d CMakeFiles/rp2040_pwm_led.dir/C_/dev/pico-sdk/src/rp2_common/pico_double/double_v1_rom_shim_rp2040.S.obj
 .debug_line    0x00010955       0x61 CMakeFiles/rp2040_pwm_led.dir/C_/dev/pico-sdk/src/rp2_common/pico_int64_ops/pico_int64_ops_aeabi.S.obj
 .debug_line    0x000109b6      0x3d2 CMakeFiles/rp2040_pwm_led.dir/C_/dev/pico-sdk/src/rp2_common/pico_float/float_aeabi_rp2040.S.obj
 .debug_line    0x00010d88      0x344 CMakeFiles/rp2040_pwm_led.dir/C_/dev/pico-sdk/src/rp2_common/pico_float/float_init_rom_rp2040.c.obj
 .debug_line    0x000110cc      0x195 CMakeFiles/rp2040_pwm_led.dir/C_/dev/pico-sdk/src/rp2_common/pico_float/float_v1_rom_shim_rp2040.S.obj
 .debug_line    0x00011261       0x94 CMakeFiles/rp2040_pwm_led.dir/C_/dev/pico-sdk/src/rp2_common/pico_mem_ops/mem_ops_aeabi.S.obj
 .debug_line    0x000112f5      0x1a6 CMakeFiles/rp2040_pwm_led.dir/C_/dev/pico-sdk/src/rp2_common/pico_standard_binary_info/standard_binary_info.c.obj
 .debug_line    0x0001149b     0x1cb3 CMakeFiles/rp2040_pwm_led.dir/C_/dev/pico-sdk/src/rp2_common/pico_printf/printf.c.obj
 .debug_line    0x0001314e       0xa2 CMakeFiles/rp2040_pwm_led.dir/C_/dev/pico-sdk/src/rp2_common/pico_crt0/crt0.S.obj
 .debug_line    0x000131f0      0x815 CMakeFiles/rp2040_pwm_led.dir/C_/dev/pico-sdk/src/rp2_common/pico_clib_interface/newlib_interface.c.obj
 .debug_line    0x00013a05     0x13ba CMakeFiles/rp2040_pwm_led.dir/C_/dev/pico-sdk/src/rp2_common/pico_stdio/stdio.c.obj

.debug_str      0x00000000     0x4472
 .debug_str     0x00000000     0x4472 CMakeFiles/rp2040_pwm_led.dir/main.c.obj
                                0x69e (size before relaxing)
 .debug_str     0x00004472      0xcbd CMakeFiles/rp2040_pwm_led.dir/C_/dev/pico-sdk/src/rp2_common/hardware_gpio/gpio.c.obj
 .debug_str     0x00004472      0x1f5 CMakeFiles/rp2040_pwm_led.dir/C_/dev/pico-sdk/src/rp2_common/pico_platform_panic/panic.c.obj
 .debug_str     0x00004472      0x378 CMakeFiles/rp2040_pwm_led.dir/C_/dev/pico-sdk/src/common/hardware_claim/claim.c.obj
 .debug_str     0x00004472      0x321 CMakeFiles/rp2040_pwm_led.dir/C_/dev/pico-sdk/src/rp2_common/hardware_sync/sync.c.obj
 .debug_str     0x00004472      0x234 CMakeFiles/rp2040_pwm_led.dir/C_/dev/pico-sdk/src/rp2_common/hardware_sync_spin_lock/sync_spin_lock.c.obj
 .debug_str     0x00004472      0xab0 CMakeFiles/rp2040_pwm_led.dir/C_/dev/pico-sdk/src/rp2_common/hardware_irq/irq.c.obj
 .debug_str     0x00004472      0x200 CMakeFiles/rp2040_pwm_led.dir/C_/dev/pico-sdk/src/common/pico_sync/lock_core.c.obj
 .debug_str     0x00004472      0x7db CMakeFiles/rp2040_pwm_led.dir/C_/dev/pico-sdk/src/common/pico_sync/mutex.c.obj
 .debug_str     0x00004472     0x11d7 CMakeFiles/rp2040_pwm_led.dir/C_/dev/pico-sdk/src/common/pico_time/time.c.obj
 .debug_str     0x00004472      0xa23 CMakeFiles/rp2040_pwm_led.dir/C_/dev/pico-sdk/src/rp2_common/hardware_timer/timer.c.obj
 .debug_str     0x00004472      0xa06 CMakeFiles/rp2040_pwm_led.dir/C_/dev/pico-sdk/src/rp2_common/hardware_clocks/clocks.c.obj
 .debug_str     0x00004472      0x453 CMakeFiles/rp2040_pwm_led.dir/C_/dev/pico-sdk/src/rp2_common/hardware_pll/pll.c.obj
 .debug_str     0x00004472      0x282 CMakeFiles/rp2040_pwm_led.dir/C_/dev/pico-sdk/src/rp2_common/hardware_ticks/ticks.c.obj
 .debug_str     0x00004472      0x347 CMakeFiles/rp2040_pwm_led.dir/C_/dev/pico-sdk/src/rp2_common/pico_bootrom/bootrom.c.obj
 .debug_str     0x00004472      0x237 CMakeFiles/rp2040_pwm_led.dir/C_/dev/pico-sdk/src/rp2_common/hardware_xosc/xosc.c.obj
 .debug_str     0x00004472      0x287 CMakeFiles/rp2040_pwm_led.dir/C_/dev/pico-sdk/src/rp2_common/pico_runtime/runtime.c.obj
 .debug_str     0x00004472      0x7ba CMakeFiles/rp2040_pwm_led.dir/C_/dev/pico-sdk/src/rp2_common/pico_runtime_init/runtime_init.c.obj
 .debug_str     0x00004472      0x48f CMakeFiles/rp2040_pwm_led.dir/C_/dev/pico-sdk/src/rp2_common/pico_runtime_init/runtime_init_clocks.c.obj
 .debug_str     0x00004472       0x8a CMakeFiles/rp2040_pwm_led.dir/C_/dev/pico-sdk/src/rp2_common/pico_bit_ops/bit_ops_aeabi.S.obj
 .debug_str     0x00004472       0x8d CMakeFiles/rp2040_pwm_led.dir/C_/dev/pico-sdk/src/rp2_common/pico_divider/divider_hardware.S.obj
 .debug_str     0x00004472       0x8f CMakeFiles/rp2040_pwm_led.dir/C_/dev/pico-sdk/src/rp2_common/pico_double/double_aeabi_rp2040.S.obj
 .debug_str     0x00004472      0x2b0 CMakeFiles/rp2040_pwm_led.dir/C_/dev/pico-sdk/src/rp2_common/pico_double/double_init_rom_rp2040.c.obj
 .debug_str     0x00004472       0x95 CMakeFiles/rp2040_pwm_led.dir/C_/dev/pico-sdk/src/rp2_common/pico_double/double_v1_rom_shim_rp2040.S.obj
 .debug_str     0x00004472       0x93 CMakeFiles/rp2040_pwm_led.dir/C_/dev/pico-sdk/src/rp2_common/pico_int64_ops/pico_int64_ops_aeabi.S.obj
 .debug_str     0x00004472       0x8d CMakeFiles/rp2040_pwm_led.dir/C_/dev/pico-sdk/src/rp2_common/pico_float/float_aeabi_rp2040.S.obj
 .debug_str     0x00004472      0x295 CMakeFiles/rp2040_pwm_led.dir/C_/dev/pico-sdk/src/rp2_common/pico_float/float_init_rom_rp2040.c.obj
 .debug_str     0x00004472       0x93 CMakeFiles/rp2040_pwm_led.dir/C_/dev/pico-sdk/src/rp2_common/pico_float/float_v1_rom_shim_rp2040.S.obj
 .debug_str     0x00004472       0x8a CMakeFiles/rp2040_pwm_led.dir/C_/dev/pico-sdk/src/rp2_common/pico_mem_ops/mem_ops_aeabi.S.obj
 .debug_str     0x00004472      0x3f6 CMakeFiles/rp2040_pwm_led.dir/C_/dev/pico-sdk/src/rp2_common/pico_standard_binary_info/standard_binary_info.c.obj
 .debug_str     0x00004472      0x4d9 CMakeFiles/rp2040_pwm_led.dir/C_/dev/pico-sdk/src/rp2_common/pico_printf/printf.c.obj
 .debug_str     0x00004472       0x7e CMakeFiles/rp2040_pwm_led.dir/C_/dev/pico-sdk/src/rp2_common/pico_crt0/crt0.S.obj
 .debug_str     0x00004472      0x770 CMakeFiles/rp2040_pwm_led.dir/C_/dev/pico-sdk/src/rp2_common/pico_clib_interface/newlib_interface.c.obj
 .debug_str     0x00004472      0xdae CMakeFiles/rp2040_pwm_led.dir/C_/dev/pico-sdk/src/rp2_common/pico_stdio/stdio.c.obj

.debug_frame    0x00000000     0x19a4
 .debug_frame   0x00000000       0x34 CMakeFiles/rp2040_pwm_led.dir/main.c.obj
 .debug_frame   0x00000034      0x320 CMakeFiles/rp2040_pwm_led.dir/C_/dev/pico-sdk/src/rp2_common/hardware_gpio/gpio.c.obj
 .debug_frame   0x00000354       0x44 CMakeFiles/rp2040_pwm_led.dir/C_/dev/pico-sdk/src/rp2_common/pico_platform_panic/panic.c.obj
 .debug_frame   0x00000398       0xa0 CMakeFiles/rp2040_pwm_led.dir/C_/dev/pico-sdk/src/common/hardware_claim/claim.c.obj
 .debug_frame   0x00000438       0xa8 CMakeFiles/rp2040_pwm_led.dir/C_/dev/pico-sdk/src/rp2_common/hardware_sync/sync.c.obj
 .debug_frame   0x000004e0       0x30 CMakeFiles/rp2040_pwm_led.dir/C_/dev/pico-sdk/src/rp2_common/hardware_sync_spin_lock/sync_spin_lock.c.obj
 .debug_frame   0x00000510      0x1cc CMakeFiles/rp2040_pwm_led.dir/C_/dev/pico-sdk/src/rp2_common/hardware_irq/irq.c.obj
 .debug_frame   0x000006dc       0x20 CMakeFiles/rp2040_pwm_led.dir/C_/dev/pico-sdk/src/common/pico_sync/lock_core.c.obj
 .debug_frame   0x000006fc      0x1e8 CMakeFiles/rp2040_pwm_led.dir/C_/dev/pico-sdk/src/common/pico_sync/mutex.c.obj
 .debug_frame   0x000008e4      0x2ec CMakeFiles/rp2040_pwm_led.dir/C_/dev/pico-sdk/src/common/pico_time/time.c.obj
 .debug_frame   0x00000bd0      0x2c4 CMakeFiles/rp2040_pwm_led.dir/C_/dev/pico-sdk/src/rp2_common/hardware_timer/timer.c.obj
 .debug_frame   0x00000e94      0x1f4 CMakeFiles/rp2040_pwm_led.dir/C_/dev/pico-sdk/src/rp2_common/hardware_clocks/clocks.c.obj
 .debug_frame   0x00001088       0x40 CMakeFiles/rp2040_pwm_led.dir/C_/dev/pico-sdk/src/rp2_common/hardware_pll/pll.c.obj
 .debug_frame   0x000010c8       0x40 CMakeFiles/rp2040_pwm_led.dir/C_/dev/pico-sdk/src/rp2_common/hardware_ticks/ticks.c.obj
 .debug_frame   0x00001108       0xa0 CMakeFiles/rp2040_pwm_led.dir/C_/dev/pico-sdk/src/rp2_common/pico_bootrom/bootrom.c.obj
 .debug_frame   0x000011a8       0x40 CMakeFiles/rp2040_pwm_led.dir/C_/dev/pico-sdk/src/rp2_common/hardware_xosc/xosc.c.obj
 .debug_frame   0x000011e8       0x70 CMakeFiles/rp2040_pwm_led.dir/C_/dev/pico-sdk/src/rp2_common/pico_runtime/runtime.c.obj
 .debug_frame   0x00001258       0x88 CMakeFiles/rp2040_pwm_led.dir/C_/dev/pico-sdk/src/rp2_common/pico_runtime_init/runtime_init.c.obj
 .debug_frame   0x000012e0       0x2c CMakeFiles/rp2040_pwm_led.dir/C_/dev/pico-sdk/src/rp2_common/pico_runtime_init/runtime_init_clocks.c.obj
 .debug_frame   0x0000130c       0x2c CMakeFiles/rp2040_pwm_led.dir/C_/dev/pico-sdk/src/rp2_common/pico_double/double_init_rom_rp2040.c.obj
 .debug_frame   0x00001338       0x28 CMakeFiles/rp2040_pwm_led.dir/C_/dev/pico-sdk/src/rp2_common/pico_float/float_init_rom_rp2040.c.obj
 .debug_frame   0x00001360      0x1f0 CMakeFiles/rp2040_pwm_led.dir/C_/dev/pico-sdk/src/rp2_common/pico_printf/printf.c.obj
 .debug_frame   0x00001550      0x184 CMakeFiles/rp2040_pwm_led.dir/C_/dev/pico-sdk/src/rp2_common/pico_clib_interface/newlib_interface.c.obj
 .debug_frame   0x000016d4      0x2a8 CMakeFiles/rp2040_pwm_led.dir/C_/dev/pico-sdk/src/rp2_common/pico_stdio/stdio.c.obj
 .debug_frame   0x0000197c       0x28 C:/PROGRA~2/ARMGNU~1/14EFD8~1.2RE/bin/../lib/gcc/arm-none-eabi/14.2.1/thumb/v6-m/nofp\libg.a(libc_a-strlen-stub.o)

.debug_line_str
                0x00000000      0x2ec
 .debug_line_str
                0x00000000      0x2ec CMakeFiles/rp2040_pwm_led.dir/C_/dev/pico-sdk/src/rp2_common/pico_bit_ops/bit_ops_aeabi.S.obj
                                 0x7c (size before relaxing)
 .debug_line_str
                0x000002ec       0x7f CMakeFiles/rp2040_pwm_led.dir/C_/dev/pico-sdk/src/rp2_common/pico_divider/divider_hardware.S.obj
 .debug_line_str
                0x000002ec       0x81 CMakeFiles/rp2040_pwm_led.dir/C_/dev/pico-sdk/src/rp2_common/pico_double/double_aeabi_rp2040.S.obj
 .debug_line_str
                0x000002ec       0x87 CMakeFiles/rp2040_pwm_led.dir/C_/dev/pico-sdk/src/rp2_common/pico_double/double_v1_rom_shim_rp2040.S.obj
 .debug_line_str
                0x000002ec       0x85 CMakeFiles/rp2040_pwm_led.dir/C_/dev/pico-sdk/src/rp2_common/pico_int64_ops/pico_int64_ops_aeabi.S.obj
 .debug_line_str
                0x000002ec       0x7f CMakeFiles/rp2040_pwm_led.dir/C_/dev/pico-sdk/src/rp2_common/pico_float/float_aeabi_rp2040.S.obj
 .debug_line_str
                0x000002ec       0x85 CMakeFiles/rp2040_pwm_led.dir/C_/dev/pico-sdk/src/rp2_common/pico_float/float_v1_rom_shim_rp2040.S.obj
 .debug_line_str
                0x000002ec       0x7c CMakeFiles/rp2040_pwm_led.dir/C_/dev/pico-sdk/src/rp2_common/pico_mem_ops/mem_ops_aeabi.S.obj
 .debug_line_str
                0x000002ec       0x70 CMakeFiles/rp2040_pwm_led.dir/C_/dev/pico-sdk/src/rp2_common/pico_crt0/crt0.S.obj
 .debug_line_str
                0x000002ec       0xc9 C:/PROGRA~2/ARMGNU~1/14EFD8~1.2RE/bin/../lib/gcc/arm-none-eabi/14.2.1/thumb/v6-m/nofp\libgcc.a(_dvmd_tls.o)